Archive member included to satisfy reference by file (symbol)

c:/sysgcc/arm-eabi/bin/../lib/gcc/arm-none-eabi/12.3.1/thumb/v7-m/nofp\libg.a(libc_a-exit.o)
                              c:/sysgcc/arm-eabi/bin/../lib/gcc/arm-none-eabi/12.3.1/thumb/v7-m/nofp/crt0.o (exit)
c:/sysgcc/arm-eabi/bin/../lib/gcc/arm-none-eabi/12.3.1/thumb/v7-m/nofp\libg.a(libc_a-findfp.o)
                              c:/sysgcc/arm-eabi/bin/../lib/gcc/arm-none-eabi/12.3.1/thumb/v7-m/nofp\libg.a(libc_a-exit.o) (__stdio_exit_handler)
c:/sysgcc/arm-eabi/bin/../lib/gcc/arm-none-eabi/12.3.1/thumb/v7-m/nofp\libg.a(libc_a-fwalk.o)
                              c:/sysgcc/arm-eabi/bin/../lib/gcc/arm-none-eabi/12.3.1/thumb/v7-m/nofp\libg.a(libc_a-findfp.o) (_fwalk_sglue)
c:/sysgcc/arm-eabi/bin/../lib/gcc/arm-none-eabi/12.3.1/thumb/v7-m/nofp\libg.a(libc_a-stdio.o)
                              c:/sysgcc/arm-eabi/bin/../lib/gcc/arm-none-eabi/12.3.1/thumb/v7-m/nofp\libg.a(libc_a-findfp.o) (__sread)
c:/sysgcc/arm-eabi/bin/../lib/gcc/arm-none-eabi/12.3.1/thumb/v7-m/nofp\libg.a(libc_a-memset.o)
                              c:/sysgcc/arm-eabi/bin/../lib/gcc/arm-none-eabi/12.3.1/thumb/v7-m/nofp/crt0.o (memset)
c:/sysgcc/arm-eabi/bin/../lib/gcc/arm-none-eabi/12.3.1/thumb/v7-m/nofp\libg.a(libc_a-strcat.o)
                              CMakeFiles/ifind-tag.dir/src/gprs.c.obj (strcat)
c:/sysgcc/arm-eabi/bin/../lib/gcc/arm-none-eabi/12.3.1/thumb/v7-m/nofp\libg.a(libc_a-strncpy.o)
                              CMakeFiles/ifind-tag.dir/src/sim868-driver.c.obj (strncpy)
c:/sysgcc/arm-eabi/bin/../lib/gcc/arm-none-eabi/12.3.1/thumb/v7-m/nofp\libg.a(libc_a-strstr.o)
                              CMakeFiles/ifind-tag.dir/src/sim868-driver.c.obj (strstr)
c:/sysgcc/arm-eabi/bin/../lib/gcc/arm-none-eabi/12.3.1/thumb/v7-m/nofp\libg.a(libc_a-closer.o)
                              c:/sysgcc/arm-eabi/bin/../lib/gcc/arm-none-eabi/12.3.1/thumb/v7-m/nofp\libg.a(libc_a-stdio.o) (_close_r)
c:/sysgcc/arm-eabi/bin/../lib/gcc/arm-none-eabi/12.3.1/thumb/v7-m/nofp\libg.a(libc_a-reent.o)
                              c:/sysgcc/arm-eabi/bin/../lib/gcc/arm-none-eabi/12.3.1/thumb/v7-m/nofp\libg.a(libc_a-closer.o) (errno)
c:/sysgcc/arm-eabi/bin/../lib/gcc/arm-none-eabi/12.3.1/thumb/v7-m/nofp\libg.a(libc_a-impure.o)
                              c:/sysgcc/arm-eabi/bin/../lib/gcc/arm-none-eabi/12.3.1/thumb/v7-m/nofp\libg.a(libc_a-reent.o) (_impure_ptr)
c:/sysgcc/arm-eabi/bin/../lib/gcc/arm-none-eabi/12.3.1/thumb/v7-m/nofp\libg.a(libc_a-lseekr.o)
                              c:/sysgcc/arm-eabi/bin/../lib/gcc/arm-none-eabi/12.3.1/thumb/v7-m/nofp\libg.a(libc_a-stdio.o) (_lseek_r)
c:/sysgcc/arm-eabi/bin/../lib/gcc/arm-none-eabi/12.3.1/thumb/v7-m/nofp\libg.a(libc_a-readr.o)
                              c:/sysgcc/arm-eabi/bin/../lib/gcc/arm-none-eabi/12.3.1/thumb/v7-m/nofp\libg.a(libc_a-stdio.o) (_read_r)
c:/sysgcc/arm-eabi/bin/../lib/gcc/arm-none-eabi/12.3.1/thumb/v7-m/nofp\libg.a(libc_a-writer.o)
                              c:/sysgcc/arm-eabi/bin/../lib/gcc/arm-none-eabi/12.3.1/thumb/v7-m/nofp\libg.a(libc_a-stdio.o) (_write_r)
c:/sysgcc/arm-eabi/bin/../lib/gcc/arm-none-eabi/12.3.1/thumb/v7-m/nofp\libg.a(libc_a-errno.o)
                              CMakeFiles/BSP.dir/C_/Microcontrollers/ifind-tag/common/Core/Src/syscalls.c.obj (__errno)
c:/sysgcc/arm-eabi/bin/../lib/gcc/arm-none-eabi/12.3.1/thumb/v7-m/nofp\libg.a(libc_a-init.o)
                              c:/sysgcc/arm-eabi/bin/../lib/gcc/arm-none-eabi/12.3.1/thumb/v7-m/nofp/crt0.o (__libc_init_array)
c:/sysgcc/arm-eabi/bin/../lib/gcc/arm-none-eabi/12.3.1/thumb/v7-m/nofp\libg.a(libc_a-lock.o)
                              c:/sysgcc/arm-eabi/bin/../lib/gcc/arm-none-eabi/12.3.1/thumb/v7-m/nofp\libg.a(libc_a-findfp.o) (__retarget_lock_init_recursive)
c:/sysgcc/arm-eabi/bin/../lib/gcc/arm-none-eabi/12.3.1/thumb/v7-m/nofp\libg.a(libc_a-strcmp.o)
                              CMakeFiles/ifind-tag.dir/src/sim868-driver.c.obj (strcmp)
c:/sysgcc/arm-eabi/bin/../lib/gcc/arm-none-eabi/12.3.1/thumb/v7-m/nofp\libg.a(libc_a-strcpy.o)
                              CMakeFiles/ifind-tag.dir/src/gprs.c.obj (strcpy)
c:/sysgcc/arm-eabi/bin/../lib/gcc/arm-none-eabi/12.3.1/thumb/v7-m/nofp\libg.a(libc_a-memcpy.o)
                              CMakeFiles/ifind-tag.dir/src/main.c.obj (memcpy)
c:/sysgcc/arm-eabi/bin/../lib/gcc/arm-none-eabi/12.3.1/thumb/v7-m/nofp\libg.a(libc_a-strlen-stub.o)
                              CMakeFiles/ifind-tag.dir/src/sim868-driver.c.obj (strlen)
c:/sysgcc/arm-eabi/bin/../lib/gcc/arm-none-eabi/12.3.1/thumb/v7-m/nofp\libg.a(libc_a-__call_atexit.o)
                              c:/sysgcc/arm-eabi/bin/../lib/gcc/arm-none-eabi/12.3.1/thumb/v7-m/nofp\libg.a(libc_a-exit.o) (__call_exitprocs)
c:/sysgcc/arm-eabi/bin/../lib/gcc/arm-none-eabi/12.3.1/thumb/v7-m/nofp\libg.a(libc_a-atexit.o)
                              c:/sysgcc/arm-eabi/bin/../lib/gcc/arm-none-eabi/12.3.1/thumb/v7-m/nofp\libg.a(libc_a-__call_atexit.o) (atexit)
[...]
Memory Configuration

Name             Origin             Length             Attributes
RAM              0x20000000         0x00002800         xrw
FLASH            0x08000000         0x00008000         xr
*default*        0x00000000         0xffffffff

Linker script and memory map

LOAD c:/sysgcc/arm-eabi/bin/../lib/gcc/arm-none-eabi/12.3.1/thumb/v7-m/nofp/crti.o
LOAD c:/sysgcc/arm-eabi/bin/../lib/gcc/arm-none-eabi/12.3.1/thumb/v7-m/nofp/crtbegin.o
LOAD c:/sysgcc/arm-eabi/bin/../lib/gcc/arm-none-eabi/12.3.1/thumb/v7-m/nofp/crt0.o
LOAD CMakeFiles/BSP.dir/C_/Microcontrollers/ifind-tag/common/Core/Src/gpio.c.obj
LOAD CMakeFiles/BSP.dir/C_/Microcontrollers/ifind-tag/common/Core/Src/main.c.obj
LOAD CMakeFiles/BSP.dir/C_/Microcontrollers/ifind-tag/common/Core/Src/stm32f1xx_hal_msp.c.obj
LOAD CMakeFiles/BSP.dir/C_/Microcontrollers/ifind-tag/common/Core/Src/stm32f1xx_it.c.obj
LOAD CMakeFiles/BSP.dir/C_/Microcontrollers/ifind-tag/common/Core/Src/syscalls.c.obj
LOAD CMakeFiles/BSP.dir/C_/Microcontrollers/ifind-tag/common/Core/Src/sysmem.c.obj
LOAD CMakeFiles/BSP.dir/C_/Microcontrollers/ifind-tag/common/Core/Src/system_stm32f1xx.c.obj
LOAD CMakeFiles/BSP.dir/C_/Microcontrollers/ifind-tag/common/Core/Src/tim.c.obj
LOAD CMakeFiles/BSP.dir/C_/Microcontrollers/ifind-tag/common/Core/Src/usart.c.obj
LOAD CMakeFiles/BSP.dir/C_/Microcontrollers/ifind-tag/common/Core/Startup/startup_stm32f103c6tx.s.obj
LOAD CMakeFiles/BSP.dir/C_/Microcontrollers/ifind-tag/common/Drivers/STM32F1xx_HAL_Driver/Src/stm32f1xx_hal.c.obj
LOAD CMakeFiles/BSP.dir/C_/Microcontrollers/ifind-tag/common/Drivers/STM32F1xx_HAL_Driver/Src/stm32f1xx_hal_cortex.c.obj
LOAD CMakeFiles/BSP.dir/C_/Microcontrollers/ifind-tag/common/Drivers/STM32F1xx_HAL_Driver/Src/stm32f1xx_hal_dma.c.obj
LOAD CMakeFiles/BSP.dir/C_/Microcontrollers/ifind-tag/common/Drivers/STM32F1xx_HAL_Driver/Src/stm32f1xx_hal_exti.c.obj
LOAD CMakeFiles/BSP.dir/C_/Microcontrollers/ifind-tag/common/Drivers/STM32F1xx_HAL_Driver/Src/stm32f1xx_hal_flash.c.obj
LOAD CMakeFiles/BSP.dir/C_/Microcontrollers/ifind-tag/common/Drivers/STM32F1xx_HAL_Driver/Src/stm32f1xx_hal_flash_ex.c.obj
LOAD CMakeFiles/BSP.dir/C_/Microcontrollers/ifind-tag/common/Drivers/STM32F1xx_HAL_Driver/Src/stm32f1xx_hal_gpio.c.obj
LOAD CMakeFiles/BSP.dir/C_/Microcontrollers/ifind-tag/common/Drivers/STM32F1xx_HAL_Driver/Src/stm32f1xx_hal_gpio_ex.c.obj
LOAD CMakeFiles/BSP.dir/C_/Microcontrollers/ifind-tag/common/Drivers/STM32F1xx_HAL_Driver/Src/stm32f1xx_hal_pwr.c.obj
LOAD CMakeFiles/BSP.dir/C_/Microcontrollers/ifind-tag/common/Drivers/STM32F1xx_HAL_Driver/Src/stm32f1xx_hal_rcc.c.obj
LOAD CMakeFiles/BSP.dir/C_/Microcontrollers/ifind-tag/common/Drivers/STM32F1xx_HAL_Driver/Src/stm32f1xx_hal_rcc_ex.c.obj
LOAD CMakeFiles/BSP.dir/C_/Microcontrollers/ifind-tag/common/Drivers/STM32F1xx_HAL_Driver/Src/stm32f1xx_hal_tim.c.obj
LOAD CMakeFiles/BSP.dir/C_/Microcontrollers/ifind-tag/common/Drivers/STM32F1xx_HAL_Driver/Src/stm32f1xx_hal_tim_ex.c.obj
LOAD CMakeFiles/BSP.dir/C_/Microcontrollers/ifind-tag/common/Drivers/STM32F1xx_HAL_Driver/Src/stm32f1xx_hal_uart.c.obj
LOAD CMakeFiles/ifind-tag.dir/src/sim868-driver.c.obj
LOAD CMakeFiles/ifind-tag.dir/src/main.c.obj
LOAD CMakeFiles/ifind-tag.dir/src/gnss.c.obj
LOAD CMakeFiles/ifind-tag.dir/src/gprs.c.obj
LOAD CMakeFiles/ifind-tag.dir/src/bluetooth.c.obj
START GROUP
LOAD c:/sysgcc/arm-eabi/bin/../lib/gcc/arm-none-eabi/12.3.1/thumb/v7-m/nofp\libgcc.a
LOAD c:/sysgcc/arm-eabi/bin/../lib/gcc/arm-none-eabi/12.3.1/thumb/v7-m/nofp\libg.a
LOAD c:/sysgcc/arm-eabi/bin/../lib/gcc/arm-none-eabi/12.3.1/thumb/v7-m/nofp\libc.a
END GROUP
LOAD c:/sysgcc/arm-eabi/bin/../lib/gcc/arm-none-eabi/12.3.1/thumb/v7-m/nofp/crtend.o
LOAD c:/sysgcc/arm-eabi/bin/../lib/gcc/arm-none-eabi/12.3.1/thumb/v7-m/nofp/crtn.o
                0x20002800                        _estack = (ORIGIN (RAM) + LENGTH (RAM))
                0x00000200                        _Min_Heap_Size = 0x200
                0x00000400                        _Min_Stack_Size = 0x400

.isr_vector     0x08000000      0x10c
                0x08000000                        . = ALIGN (0x4)
 *(.isr_vector)
 .isr_vector    0x08000000      0x10c CMakeFiles/BSP.dir/C_/Microcontrollers/ifind-tag/common/Core/Startup/startup_stm32f103c6tx.s.obj
                0x08000000                g_pfnVectors
                0x0800010c                        . = ALIGN (0x4)

.text           0x0800010c     0x3fc0
                0x0800010c                        . = ALIGN (0x4)
 *(.text)
 .text          0x0800010c      0x1bc c:/sysgcc/arm-eabi/bin/../lib/gcc/arm-none-eabi/12.3.1/thumb/v7-m/nofp\libg.a(libc_a-strcmp.o)
                0x0800010c                strcmp
 .text          0x080002c8       0xec c:/sysgcc/arm-eabi/bin/../lib/gcc/arm-none-eabi/12.3.1/thumb/v7-m/nofp\libg.a(libc_a-memcpy.o)
                0x080002c8                memcpy
 *(.text*)
 .text.deregister_tm_clones
                0x080003b4       0x1c c:/sysgcc/arm-eabi/bin/../lib/gcc/arm-none-eabi/12.3.1/thumb/v7-m/nofp/crtbegin.o
 .text.register_tm_clones
                0x080003d0       0x24 c:/sysgcc/arm-eabi/bin/../lib/gcc/arm-none-eabi/12.3.1/thumb/v7-m/nofp/crtbegin.o
 .text.__do_global_dtors_aux
                0x080003f4       0x28 c:/sysgcc/arm-eabi/bin/../lib/gcc/arm-none-eabi/12.3.1/thumb/v7-m/nofp/crtbegin.o
 .text.frame_dummy
                0x0800041c       0x24 c:/sysgcc/arm-eabi/bin/../lib/gcc/arm-none-eabi/12.3.1/thumb/v7-m/nofp/crtbegin.o
 .text.MX_GPIO_Init
                0x08000440       0x7c CMakeFiles/BSP.dir/C_/Microcontrollers/ifind-tag/common/Core/Src/gpio.c.obj
                0x08000440                MX_GPIO_Init
 .text.SystemClock_Config
                0x080004bc       0x76 CMakeFiles/BSP.dir/C_/Microcontrollers/ifind-tag/common/Core/Src/main.c.obj
                0x080004bc                SystemClock_Config
 .text.Error_Handler
                0x08000532        0xa CMakeFiles/BSP.dir/C_/Microcontrollers/ifind-tag/common/Core/Src/main.c.obj
                0x08000532                Error_Handler
 .text.HAL_MspInit
                0x0800053c       0x64 CMakeFiles/BSP.dir/C_/Microcontrollers/ifind-tag/common/Core/Src/stm32f1xx_hal_msp.c.obj
                0x0800053c                HAL_MspInit
 .text.NMI_Handler
                0x080005a0        0x6 CMakeFiles/BSP.dir/C_/Microcontrollers/ifind-tag/common/Core/Src/stm32f1xx_it.c.obj
                0x080005a0                NMI_Handler
 .text.HardFault_Handler
                0x080005a6        0x6 CMakeFiles/BSP.dir/C_/Microcontrollers/ifind-tag/common/Core/Src/stm32f1xx_it.c.obj
                0x080005a6                HardFault_Handler
 .text.MemManage_Handler
                0x080005ac        0x6 CMakeFiles/BSP.dir/C_/Microcontrollers/ifind-tag/common/Core/Src/stm32f1xx_it.c.obj
                0x080005ac                MemManage_Handler
 .text.BusFault_Handler
                0x080005b2        0x6 CMakeFiles/BSP.dir/C_/Microcontrollers/ifind-tag/common/Core/Src/stm32f1xx_it.c.obj
                0x080005b2                BusFault_Handler
 .text.UsageFault_Handler
                0x080005b8        0x6 CMakeFiles/BSP.dir/C_/Microcontrollers/ifind-tag/common/Core/Src/stm32f1xx_it.c.obj
                0x080005b8                UsageFault_Handler
 .text.SVC_Handler
                0x080005be        0xc CMakeFiles/BSP.dir/C_/Microcontrollers/ifind-tag/common/Core/Src/stm32f1xx_it.c.obj
                0x080005be                SVC_Handler
 .text.DebugMon_Handler
                0x080005ca        0xc CMakeFiles/BSP.dir/C_/Microcontrollers/ifind-tag/common/Core/Src/stm32f1xx_it.c.obj
                0x080005ca                DebugMon_Handler
 .text.PendSV_Handler
                0x080005d6        0xc CMakeFiles/BSP.dir/C_/Microcontrollers/ifind-tag/common/Core/Src/stm32f1xx_it.c.obj
                0x080005d6                PendSV_Handler
 .text.SysTick_Handler
                0x080005e2        0xc CMakeFiles/BSP.dir/C_/Microcontrollers/ifind-tag/common/Core/Src/stm32f1xx_it.c.obj
                0x080005e2                SysTick_Handler
 *fill*         0x080005ee        0x2 
 .text.TIM1_UP_IRQHandler
                0x080005f0       0x14 CMakeFiles/BSP.dir/C_/Microcontrollers/ifind-tag/common/Core/Src/stm32f1xx_it.c.obj
                0x080005f0                TIM1_UP_IRQHandler
 .text.USART1_IRQHandler
                0x08000604       0x14 CMakeFiles/BSP.dir/C_/Microcontrollers/ifind-tag/common/Core/Src/stm32f1xx_it.c.obj
                0x08000604                USART1_IRQHandler
 .text.USART2_IRQHandler
                0x08000618       0x14 CMakeFiles/BSP.dir/C_/Microcontrollers/ifind-tag/common/Core/Src/stm32f1xx_it.c.obj
                0x08000618                USART2_IRQHandler
 .text.SystemInit
                0x0800062c        0xc CMakeFiles/BSP.dir/C_/Microcontrollers/ifind-tag/common/Core/Src/system_stm32f1xx.c.obj
                0x0800062c                SystemInit
 .text.MX_TIM1_Init
                0x08000638       0xa4 CMakeFiles/BSP.dir/C_/Microcontrollers/ifind-tag/common/Core/Src/tim.c.obj
                0x08000638                MX_TIM1_Init
 .text.HAL_TIM_Base_MspInit
                0x080006dc       0x4c CMakeFiles/BSP.dir/C_/Microcontrollers/ifind-tag/common/Core/Src/tim.c.obj
                0x080006dc                HAL_TIM_Base_MspInit
 .text.MX_USART1_UART_Init
                0x08000728       0x54 CMakeFiles/BSP.dir/C_/Microcontrollers/ifind-tag/common/Core/Src/usart.c.obj
                0x08000728                MX_USART1_UART_Init
 .text.MX_USART2_UART_Init
                0x0800077c       0x54 CMakeFiles/BSP.dir/C_/Microcontrollers/ifind-tag/common/Core/Src/usart.c.obj
                0x0800077c                MX_USART2_UART_Init
 .text.HAL_UART_MspInit
                0x080007d0      0x148 CMakeFiles/BSP.dir/C_/Microcontrollers/ifind-tag/common/Core/Src/usart.c.obj
                0x080007d0                HAL_UART_MspInit
 .text.Reset_Handler
                0x08000918       0x48 CMakeFiles/BSP.dir/C_/Microcontrollers/ifind-tag/common/Core/Startup/startup_stm32f103c6tx.s.obj
                0x08000918                Reset_Handler
 .text.Default_Handler
                0x08000960        0x2 CMakeFiles/BSP.dir/C_/Microcontrollers/ifind-tag/common/Core/Startup/startup_stm32f103c6tx.s.obj
                0x08000960                RTC_Alarm_IRQHandler
                0x08000960                EXTI2_IRQHandler
                0x08000960                TIM1_CC_IRQHandler
                0x08000960                PVD_IRQHandler
                0x08000960                EXTI3_IRQHandler
                0x08000960                EXTI0_IRQHandler
                0x08000960                ADC1_2_IRQHandler
                0x08000960                SPI1_IRQHandler
                0x08000960                TAMPER_IRQHandler
                0x08000960                DMA1_Channel4_IRQHandler
                0x08000960                RTC_IRQHandler
                0x08000960                DMA1_Channel7_IRQHandler
                0x08000960                CAN1_RX1_IRQHandler
                0x08000960                I2C1_EV_IRQHandler
                0x08000960                DMA1_Channel6_IRQHandler
                0x08000960                TIM3_IRQHandler
                0x08000960                RCC_IRQHandler
                0x08000960                TIM1_TRG_COM_IRQHandler
                0x08000960                DMA1_Channel1_IRQHandler
                0x08000960                Default_Handler
                0x08000960                EXTI15_10_IRQHandler
                0x08000960                EXTI9_5_IRQHandler
                0x08000960                DMA1_Channel5_IRQHandler
                0x08000960                EXTI4_IRQHandler
                0x08000960                USB_LP_CAN1_RX0_IRQHandler
                0x08000960                USB_HP_CAN1_TX_IRQHandler
                0x08000960                DMA1_Channel3_IRQHandler
                0x08000960                WWDG_IRQHandler
                0x08000960                TIM2_IRQHandler
                0x08000960                TIM1_BRK_IRQHandler
                0x08000960                EXTI1_IRQHandler
                0x08000960                DMA1_Channel2_IRQHandler
                0x08000960                CAN1_SCE_IRQHandler
                0x08000960                FLASH_IRQHandler
                0x08000960                I2C1_ER_IRQHandler
                0x08000960                USBWakeUp_IRQHandler
 *fill*         0x08000962        0x2 
 .text.HAL_Init
                0x08000964       0x2c CMakeFiles/BSP.dir/C_/Microcontrollers/ifind-tag/common/Drivers/STM32F1xx_HAL_Driver/Src/stm32f1xx_hal.c.obj
                0x08000964                HAL_Init
 .text.HAL_InitTick
                0x08000990       0x60 CMakeFiles/BSP.dir/C_/Microcontrollers/ifind-tag/common/Drivers/STM32F1xx_HAL_Driver/Src/stm32f1xx_hal.c.obj
                0x08000990                HAL_InitTick
 .text.HAL_IncTick
                0x080009f0       0x24 CMakeFiles/BSP.dir/C_/Microcontrollers/ifind-tag/common/Drivers/STM32F1xx_HAL_Driver/Src/stm32f1xx_hal.c.obj
                0x080009f0                HAL_IncTick
 .text.HAL_GetTick
                0x08000a14       0x14 CMakeFiles/BSP.dir/C_/Microcontrollers/ifind-tag/common/Drivers/STM32F1xx_HAL_Driver/Src/stm32f1xx_hal.c.obj
                0x08000a14                HAL_GetTick
 .text.HAL_Delay
                0x08000a28       0x48 CMakeFiles/BSP.dir/C_/Microcontrollers/ifind-tag/common/Drivers/STM32F1xx_HAL_Driver/Src/stm32f1xx_hal.c.obj
                0x08000a28                HAL_Delay
 .text.__NVIC_SetPriorityGrouping
                0x08000a70       0x48 CMakeFiles/BSP.dir/C_/Microcontrollers/ifind-tag/common/Drivers/STM32F1xx_HAL_Driver/Src/stm32f1xx_hal_cortex.c.obj
 .text.__NVIC_GetPriorityGrouping
                0x08000ab8       0x1c CMakeFiles/BSP.dir/C_/Microcontrollers/ifind-tag/common/Drivers/STM32F1xx_HAL_Driver/Src/stm32f1xx_hal_cortex.c.obj
 .text.__NVIC_EnableIRQ
                0x08000ad4       0x38 CMakeFiles/BSP.dir/C_/Microcontrollers/ifind-tag/common/Drivers/STM32F1xx_HAL_Driver/Src/stm32f1xx_hal_cortex.c.obj
 .text.__NVIC_SetPriority
                0x08000b0c       0x54 CMakeFiles/BSP.dir/C_/Microcontrollers/ifind-tag/common/Drivers/STM32F1xx_HAL_Driver/Src/stm32f1xx_hal_cortex.c.obj
 .text.NVIC_EncodePriority
                0x08000b60       0x64 CMakeFiles/BSP.dir/C_/Microcontrollers/ifind-tag/common/Drivers/STM32F1xx_HAL_Driver/Src/stm32f1xx_hal_cortex.c.obj
 .text.SysTick_Config
                0x08000bc4       0x44 CMakeFiles/BSP.dir/C_/Microcontrollers/ifind-tag/common/Drivers/STM32F1xx_HAL_Driver/Src/stm32f1xx_hal_cortex.c.obj
 .text.HAL_NVIC_SetPriorityGrouping
                0x08000c08       0x16 CMakeFiles/BSP.dir/C_/Microcontrollers/ifind-tag/common/Drivers/STM32F1xx_HAL_Driver/Src/stm32f1xx_hal_cortex.c.obj
                0x08000c08                HAL_NVIC_SetPriorityGrouping
 .text.HAL_NVIC_SetPriority
                0x08000c1e       0x38 CMakeFiles/BSP.dir/C_/Microcontrollers/ifind-tag/common/Drivers/STM32F1xx_HAL_Driver/Src/stm32f1xx_hal_cortex.c.obj
                0x08000c1e                HAL_NVIC_SetPriority
 .text.HAL_NVIC_EnableIRQ
                0x08000c56       0x1c CMakeFiles/BSP.dir/C_/Microcontrollers/ifind-tag/common/Drivers/STM32F1xx_HAL_Driver/Src/stm32f1xx_hal_cortex.c.obj
                0x08000c56                HAL_NVIC_EnableIRQ
 .text.HAL_SYSTICK_Config
                0x08000c72       0x18 CMakeFiles/BSP.dir/C_/Microcontrollers/ifind-tag/common/Drivers/STM32F1xx_HAL_Driver/Src/stm32f1xx_hal_cortex.c.obj
                0x08000c72                HAL_SYSTICK_Config
 .text.HAL_DMA_Abort
                0x08000c8a       0x76 CMakeFiles/BSP.dir/C_/Microcontrollers/ifind-tag/common/Drivers/STM32F1xx_HAL_Driver/Src/stm32f1xx_hal_dma.c.obj
                0x08000c8a                HAL_DMA_Abort
 .text.HAL_DMA_Abort_IT
                0x08000d00       0xf0 CMakeFiles/BSP.dir/C_/Microcontrollers/ifind-tag/common/Drivers/STM32F1xx_HAL_Driver/Src/stm32f1xx_hal_dma.c.obj
                0x08000d00                HAL_DMA_Abort_IT
 .text.HAL_DMA_GetError
                0x08000df0       0x16 CMakeFiles/BSP.dir/C_/Microcontrollers/ifind-tag/common/Drivers/STM32F1xx_HAL_Driver/Src/stm32f1xx_hal_dma.c.obj
                0x08000df0                HAL_DMA_GetError
 *fill*         0x08000e06        0x2 
 .text.HAL_GPIO_Init
                0x08000e08      0x2f8 CMakeFiles/BSP.dir/C_/Microcontrollers/ifind-tag/common/Drivers/STM32F1xx_HAL_Driver/Src/stm32f1xx_hal_gpio.c.obj
                0x08000e08                HAL_GPIO_Init
 .text.HAL_GPIO_WritePin
                0x08001100       0x30 CMakeFiles/BSP.dir/C_/Microcontrollers/ifind-tag/common/Drivers/STM32F1xx_HAL_Driver/Src/stm32f1xx_hal_gpio.c.obj
                0x08001100                HAL_GPIO_WritePin
 .text.HAL_RCC_OscConfig
                0x08001130      0x504 CMakeFiles/BSP.dir/C_/Microcontrollers/ifind-tag/common/Drivers/STM32F1xx_HAL_Driver/Src/stm32f1xx_hal_rcc.c.obj
                0x08001130                HAL_RCC_OscConfig
 .text.HAL_RCC_ClockConfig
                0x08001634      0x1d4 CMakeFiles/BSP.dir/C_/Microcontrollers/ifind-tag/common/Drivers/STM32F1xx_HAL_Driver/Src/stm32f1xx_hal_rcc.c.obj
                0x08001634                HAL_RCC_ClockConfig
 .text.HAL_RCC_GetSysClockFreq
                0x08001808       0xa8 CMakeFiles/BSP.dir/C_/Microcontrollers/ifind-tag/common/Drivers/STM32F1xx_HAL_Driver/Src/stm32f1xx_hal_rcc.c.obj
                0x08001808                HAL_RCC_GetSysClockFreq
 .text.HAL_RCC_GetHCLKFreq
                0x080018b0       0x14 CMakeFiles/BSP.dir/C_/Microcontrollers/ifind-tag/common/Drivers/STM32F1xx_HAL_Driver/Src/stm32f1xx_hal_rcc.c.obj
                0x080018b0                HAL_RCC_GetHCLKFreq
 .text.HAL_RCC_GetPCLK1Freq
                0x080018c4       0x28 CMakeFiles/BSP.dir/C_/Microcontrollers/ifind-tag/common/Drivers/STM32F1xx_HAL_Driver/Src/stm32f1xx_hal_rcc.c.obj
                0x080018c4                HAL_RCC_GetPCLK1Freq
 .text.HAL_RCC_GetPCLK2Freq
                0x080018ec       0x28 CMakeFiles/BSP.dir/C_/Microcontrollers/ifind-tag/common/Drivers/STM32F1xx_HAL_Driver/Src/stm32f1xx_hal_rcc.c.obj
                0x080018ec                HAL_RCC_GetPCLK2Freq
 .text.RCC_Delay
                0x08001914       0x3c CMakeFiles/BSP.dir/C_/Microcontrollers/ifind-tag/common/Drivers/STM32F1xx_HAL_Driver/Src/stm32f1xx_hal_rcc.c.obj
 .text.HAL_TIM_Base_Init
                0x08001950       0x9e CMakeFiles/BSP.dir/C_/Microcontrollers/ifind-tag/common/Drivers/STM32F1xx_HAL_Driver/Src/stm32f1xx_hal_tim.c.obj
                0x08001950                HAL_TIM_Base_Init
 *fill*         0x080019ee        0x2 
 .text.HAL_TIM_Base_Start_IT
                0x080019f0       0x98 CMakeFiles/BSP.dir/C_/Microcontrollers/ifind-tag/common/Drivers/STM32F1xx_HAL_Driver/Src/stm32f1xx_hal_tim.c.obj
                0x080019f0                HAL_TIM_Base_Start_IT
 .text.HAL_TIM_IRQHandler
                0x08001a88      0x210 CMakeFiles/BSP.dir/C_/Microcontrollers/ifind-tag/common/Drivers/STM32F1xx_HAL_Driver/Src/stm32f1xx_hal_tim.c.obj
                0x08001a88                HAL_TIM_IRQHandler
 .text.HAL_TIM_ConfigClockSource
                0x08001c98      0x18e CMakeFiles/BSP.dir/C_/Microcontrollers/ifind-tag/common/Drivers/STM32F1xx_HAL_Driver/Src/stm32f1xx_hal_tim.c.obj
                0x08001c98                HAL_TIM_ConfigClockSource
 .text.HAL_TIM_OC_DelayElapsedCallback
                0x08001e26       0x12 CMakeFiles/BSP.dir/C_/Microcontrollers/ifind-tag/common/Drivers/STM32F1xx_HAL_Driver/Src/stm32f1xx_hal_tim.c.obj
                0x08001e26                HAL_TIM_OC_DelayElapsedCallback
 .text.HAL_TIM_IC_CaptureCallback
                0x08001e38       0x12 CMakeFiles/BSP.dir/C_/Microcontrollers/ifind-tag/common/Drivers/STM32F1xx_HAL_Driver/Src/stm32f1xx_hal_tim.c.obj
                0x08001e38                HAL_TIM_IC_CaptureCallback
 .text.HAL_TIM_PWM_PulseFinishedCallback
                0x08001e4a       0x12 CMakeFiles/BSP.dir/C_/Microcontrollers/ifind-tag/common/Drivers/STM32F1xx_HAL_Driver/Src/stm32f1xx_hal_tim.c.obj
                0x08001e4a                HAL_TIM_PWM_PulseFinishedCallback
 .text.HAL_TIM_TriggerCallback
                0x08001e5c       0x12 CMakeFiles/BSP.dir/C_/Microcontrollers/ifind-tag/common/Drivers/STM32F1xx_HAL_Driver/Src/stm32f1xx_hal_tim.c.obj
                0x08001e5c                HAL_TIM_TriggerCallback
 *fill*         0x08001e6e        0x2 
 .text.TIM_Base_SetConfig
                0x08001e70       0xb0 CMakeFiles/BSP.dir/C_/Microcontrollers/ifind-tag/common/Drivers/STM32F1xx_HAL_Driver/Src/stm32f1xx_hal_tim.c.obj
                0x08001e70                TIM_Base_SetConfig
 .text.TIM_TI1_ConfigInputStage
                0x08001f20       0x5c CMakeFiles/BSP.dir/C_/Microcontrollers/ifind-tag/common/Drivers/STM32F1xx_HAL_Driver/Src/stm32f1xx_hal_tim.c.obj
 .text.TIM_TI2_ConfigInputStage
                0x08001f7c       0x5e CMakeFiles/BSP.dir/C_/Microcontrollers/ifind-tag/common/Drivers/STM32F1xx_HAL_Driver/Src/stm32f1xx_hal_tim.c.obj
 .text.TIM_ITRx_SetConfig
                0x08001fda       0x34 CMakeFiles/BSP.dir/C_/Microcontrollers/ifind-tag/common/Drivers/STM32F1xx_HAL_Driver/Src/stm32f1xx_hal_tim.c.obj
 .text.TIM_ETR_SetConfig
                0x0800200e       0x3e CMakeFiles/BSP.dir/C_/Microcontrollers/ifind-tag/common/Drivers/STM32F1xx_HAL_Driver/Src/stm32f1xx_hal_tim.c.obj
                0x0800200e                TIM_ETR_SetConfig
 .text.HAL_TIMEx_MasterConfigSynchronization
                0x0800204c       0xb0 CMakeFiles/BSP.dir/C_/Microcontrollers/ifind-tag/common/Drivers/STM32F1xx_HAL_Driver/Src/stm32f1xx_hal_tim_ex.c.obj
                0x0800204c                HAL_TIMEx_MasterConfigSynchronization
 .text.HAL_TIMEx_CommutCallback
                0x080020fc       0x12 CMakeFiles/BSP.dir/C_/Microcontrollers/ifind-tag/common/Drivers/STM32F1xx_HAL_Driver/Src/stm32f1xx_hal_tim_ex.c.obj
                0x080020fc                HAL_TIMEx_CommutCallback
 .text.HAL_TIMEx_BreakCallback
                0x0800210e       0x12 CMakeFiles/BSP.dir/C_/Microcontrollers/ifind-tag/common/Drivers/STM32F1xx_HAL_Driver/Src/stm32f1xx_hal_tim_ex.c.obj
                0x0800210e                HAL_TIMEx_BreakCallback
 .text.HAL_UART_Init
                0x08002120       0xa0 CMakeFiles/BSP.dir/C_/Microcontrollers/ifind-tag/common/Drivers/STM32F1xx_HAL_Driver/Src/stm32f1xx_hal_uart.c.obj
                0x08002120                HAL_UART_Init
 .text.HAL_UART_Transmit_IT
                0x080021c0       0x6a CMakeFiles/BSP.dir/C_/Microcontrollers/ifind-tag/common/Drivers/STM32F1xx_HAL_Driver/Src/stm32f1xx_hal_uart.c.obj
                0x080021c0                HAL_UART_Transmit_IT
 .text.HAL_UART_Receive_IT
                0x0800222a       0x4a CMakeFiles/BSP.dir/C_/Microcontrollers/ifind-tag/common/Drivers/STM32F1xx_HAL_Driver/Src/stm32f1xx_hal_uart.c.obj
                0x0800222a                HAL_UART_Receive_IT
 .text.HAL_UART_AbortReceive
                0x08002274      0x146 CMakeFiles/BSP.dir/C_/Microcontrollers/ifind-tag/common/Drivers/STM32F1xx_HAL_Driver/Src/stm32f1xx_hal_uart.c.obj
                0x08002274                HAL_UART_AbortReceive
 *fill*         0x080023ba        0x2 
 .text.HAL_UART_IRQHandler
                0x080023bc      0x544 CMakeFiles/BSP.dir/C_/Microcontrollers/ifind-tag/common/Drivers/STM32F1xx_HAL_Driver/Src/stm32f1xx_hal_uart.c.obj
                0x080023bc                HAL_UART_IRQHandler
 .text.HAL_UART_TxCpltCallback
                0x08002900       0x12 CMakeFiles/BSP.dir/C_/Microcontrollers/ifind-tag/common/Drivers/STM32F1xx_HAL_Driver/Src/stm32f1xx_hal_uart.c.obj
                0x08002900                HAL_UART_TxCpltCallback
 .text.HAL_UART_ErrorCallback
                0x08002912       0x12 CMakeFiles/BSP.dir/C_/Microcontrollers/ifind-tag/common/Drivers/STM32F1xx_HAL_Driver/Src/stm32f1xx_hal_uart.c.obj
                0x08002912                HAL_UART_ErrorCallback
 .text.HAL_UARTEx_RxEventCallback
                0x08002924       0x16 CMakeFiles/BSP.dir/C_/Microcontrollers/ifind-tag/common/Drivers/STM32F1xx_HAL_Driver/Src/stm32f1xx_hal_uart.c.obj
                0x08002924                HAL_UARTEx_RxEventCallback
 .text.UART_Start_Receive_IT
                0x0800293a       0x72 CMakeFiles/BSP.dir/C_/Microcontrollers/ifind-tag/common/Drivers/STM32F1xx_HAL_Driver/Src/stm32f1xx_hal_uart.c.obj
                0x0800293a                UART_Start_Receive_IT
 .text.UART_EndRxTransfer
                0x080029ac       0xc4 CMakeFiles/BSP.dir/C_/Microcontrollers/ifind-tag/common/Drivers/STM32F1xx_HAL_Driver/Src/stm32f1xx_hal_uart.c.obj
 .text.UART_DMAAbortOnError
                0x08002a70       0x28 CMakeFiles/BSP.dir/C_/Microcontrollers/ifind-tag/common/Drivers/STM32F1xx_HAL_Driver/Src/stm32f1xx_hal_uart.c.obj
 .text.UART_Transmit_IT
                0x08002a98       0x9e CMakeFiles/BSP.dir/C_/Microcontrollers/ifind-tag/common/Drivers/STM32F1xx_HAL_Driver/Src/stm32f1xx_hal_uart.c.obj
 .text.UART_EndTransmit_IT
                0x08002b36       0x30 CMakeFiles/BSP.dir/C_/Microcontrollers/ifind-tag/common/Drivers/STM32F1xx_HAL_Driver/Src/stm32f1xx_hal_uart.c.obj
 .text.UART_Receive_IT
                0x08002b66      0x17c CMakeFiles/BSP.dir/C_/Microcontrollers/ifind-tag/common/Drivers/STM32F1xx_HAL_Driver/Src/stm32f1xx_hal_uart.c.obj
 *fill*         0x08002ce2        0x2 
 .text.UART_SetConfig
                0x08002ce4      0x11c CMakeFiles/BSP.dir/C_/Microcontrollers/ifind-tag/common/Drivers/STM32F1xx_HAL_Driver/Src/stm32f1xx_hal_uart.c.obj
 .text.HAL_UART_RxCpltCallback
                0x08002e00      0x100 CMakeFiles/ifind-tag.dir/src/sim868-driver.c.obj
                0x08002e00                HAL_UART_RxCpltCallback
 .text.HAL_UART_IDLE_Callback
                0x08002f00       0xf0 CMakeFiles/ifind-tag.dir/src/sim868-driver.c.obj
                0x08002f00                HAL_UART_IDLE_Callback
 .text.HAL_TIM_PeriodElapsedCallback
                0x08002ff0       0x2c CMakeFiles/ifind-tag.dir/src/sim868-driver.c.obj
                0x08002ff0                HAL_TIM_PeriodElapsedCallback
 .text.set_command_status
                0x0800301c       0x78 CMakeFiles/ifind-tag.dir/src/sim868-driver.c.obj
                0x0800301c                set_command_status
 .text.command_parse
                0x08003094       0xdc CMakeFiles/ifind-tag.dir/src/sim868-driver.c.obj
                0x08003094                command_parse
 .text.reader_parse
                0x08003170       0x3e CMakeFiles/ifind-tag.dir/src/sim868-driver.c.obj
 *fill*         0x080031ae        0x2 
 .text.sms_start_receive
                0x080031b0       0x94 CMakeFiles/ifind-tag.dir/src/sim868-driver.c.obj
                0x080031b0                sms_start_receive
 .text.sim868_power_on
                0x08003244       0xcc CMakeFiles/ifind-tag.dir/src/sim868-driver.c.obj
                0x08003244                sim868_power_on
 .text.sim868_handler
                0x08003310       0xb0 CMakeFiles/ifind-tag.dir/src/sim868-driver.c.obj
                0x08003310                sim868_handler
 .text.main     0x080033c0       0xa4 CMakeFiles/ifind-tag.dir/src/main.c.obj
                0x080033c0                main
 .text.command_init
                0x08003464       0x4c CMakeFiles/ifind-tag.dir/src/gprs.c.obj
                0x08003464                command_init
 .text.command_deinit
                0x080034b0       0x48 CMakeFiles/ifind-tag.dir/src/gprs.c.obj
                0x080034b0                command_deinit
 .text.send_command
                0x080034f8       0xdc CMakeFiles/ifind-tag.dir/src/gprs.c.obj
                0x080034f8                send_command
 .text.send_sms
                0x080035d4       0x68 CMakeFiles/ifind-tag.dir/src/gprs.c.obj
                0x080035d4                send_sms
 .text.sms_parse
                0x0800363c       0xf4 CMakeFiles/ifind-tag.dir/src/gprs.c.obj
                0x0800363c                sms_parse
 .text.analyze_sms_data
                0x08003730       0x4c CMakeFiles/ifind-tag.dir/src/gprs.c.obj
                0x08003730                analyze_sms_data
 .text.sms_handler
                0x0800377c       0x28 CMakeFiles/ifind-tag.dir/src/gprs.c.obj
                0x0800377c                sms_handler
 .text.memset   0x080037a4       0xa0 c:/sysgcc/arm-eabi/bin/../lib/gcc/arm-none-eabi/12.3.1/thumb/v7-m/nofp\libg.a(libc_a-memset.o)
                0x080037a4                memset
 .text.strcat   0x08003844       0x40 c:/sysgcc/arm-eabi/bin/../lib/gcc/arm-none-eabi/12.3.1/thumb/v7-m/nofp\libg.a(libc_a-strcat.o)
                0x08003844                strcat
 .text.strncpy  0x08003884       0x6c c:/sysgcc/arm-eabi/bin/../lib/gcc/arm-none-eabi/12.3.1/thumb/v7-m/nofp\libg.a(libc_a-strncpy.o)
                0x08003884                strncpy
 .text.critical_factorization
                0x080038f0       0xc8 c:/sysgcc/arm-eabi/bin/../lib/gcc/arm-none-eabi/12.3.1/thumb/v7-m/nofp\libg.a(libc_a-strstr.o)
 .text.two_way_long_needle
                0x080039b8      0x204 c:/sysgcc/arm-eabi/bin/../lib/gcc/arm-none-eabi/12.3.1/thumb/v7-m/nofp\libg.a(libc_a-strstr.o)
 .text.strstr   0x08003bbc      0x16c c:/sysgcc/arm-eabi/bin/../lib/gcc/arm-none-eabi/12.3.1/thumb/v7-m/nofp\libg.a(libc_a-strstr.o)
                0x08003bbc                strstr
 .text.__libc_init_array
                0x08003d28       0x50 c:/sysgcc/arm-eabi/bin/../lib/gcc/arm-none-eabi/12.3.1/thumb/v7-m/nofp\libg.a(libc_a-init.o)
                0x08003d28                __libc_init_array
 .text.__retarget_lock_acquire_recursive
                0x08003d78        0x4 c:/sysgcc/arm-eabi/bin/../lib/gcc/arm-none-eabi/12.3.1/thumb/v7-m/nofp\libg.a(libc_a-lock.o)
                0x08003d78                __retarget_lock_acquire_recursive
 .text.__retarget_lock_release_recursive
                0x08003d7c        0x4 c:/sysgcc/arm-eabi/bin/../lib/gcc/arm-none-eabi/12.3.1/thumb/v7-m/nofp\libg.a(libc_a-lock.o)
                0x08003d7c                __retarget_lock_release_recursive
 .text.strcpy   0x08003d80       0xbc c:/sysgcc/arm-eabi/bin/../lib/gcc/arm-none-eabi/12.3.1/thumb/v7-m/nofp\libg.a(libc_a-strcpy.o)
                0x08003d80                strcpy
 .text.strlen   0x08003e3c       0x5c c:/sysgcc/arm-eabi/bin/../lib/gcc/arm-none-eabi/12.3.1/thumb/v7-m/nofp\libg.a(libc_a-strlen-stub.o)
                0x08003e3c                strlen
 .text.startup.register_fini
                0x08003e98       0x14 c:/sysgcc/arm-eabi/bin/../lib/gcc/arm-none-eabi/12.3.1/thumb/v7-m/nofp\libg.a(libc_a-__call_atexit.o)
 .text.atexit   0x08003eac        0xc c:/sysgcc/arm-eabi/bin/../lib/gcc/arm-none-eabi/12.3.1/thumb/v7-m/nofp\libg.a(libc_a-atexit.o)
                0x08003eac                atexit
 .text.memcmp   0x08003eb8       0x60 c:/sysgcc/arm-eabi/bin/../lib/gcc/arm-none-eabi/12.3.1/thumb/v7-m/nofp\libg.a(libc_a-memcmp.o)
                0x08003eb8                memcmp
 .text.strchr   0x08003f18       0xd0 c:/sysgcc/arm-eabi/bin/../lib/gcc/arm-none-eabi/12.3.1/thumb/v7-m/nofp\libg.a(libc_a-strchr.o)
                0x08003f18                strchr
 .text.strnlen  0x08003fe8       0x24 c:/sysgcc/arm-eabi/bin/../lib/gcc/arm-none-eabi/12.3.1/thumb/v7-m/nofp\libg.a(libc_a-strnlen.o)
                0x08003fe8                strnlen
 .text.__libc_fini_array
                0x0800400c       0x28 c:/sysgcc/arm-eabi/bin/../lib/gcc/arm-none-eabi/12.3.1/thumb/v7-m/nofp\libg.a(libc_a-fini.o)
                0x0800400c                __libc_fini_array
 .text.__register_exitproc
                0x08004034       0x80 c:/sysgcc/arm-eabi/bin/../lib/gcc/arm-none-eabi/12.3.1/thumb/v7-m/nofp\libg.a(libc_a-__atexit.o)
                0x08004034                __register_exitproc
 *(.glue_7)
 .glue_7        0x080040b4        0x0 linker stubs
 *(.glue_7t)
 .glue_7t       0x080040b4        0x0 linker stubs
 *(.eh_frame)
 .eh_frame      0x080040b4        0x0 c:/sysgcc/arm-eabi/bin/../lib/gcc/arm-none-eabi/12.3.1/thumb/v7-m/nofp/crtbegin.o
 *(.init)
 .init          0x080040b4        0x4 c:/sysgcc/arm-eabi/bin/../lib/gcc/arm-none-eabi/12.3.1/thumb/v7-m/nofp/crti.o
                0x080040b4                _init
 .init          0x080040b8        0x8 c:/sysgcc/arm-eabi/bin/../lib/gcc/arm-none-eabi/12.3.1/thumb/v7-m/nofp/crtn.o
 *(.fini)
 .fini          0x080040c0        0x4 c:/sysgcc/arm-eabi/bin/../lib/gcc/arm-none-eabi/12.3.1/thumb/v7-m/nofp/crti.o
                0x080040c0                _fini
 .fini          0x080040c4        0x8 c:/sysgcc/arm-eabi/bin/../lib/gcc/arm-none-eabi/12.3.1/thumb/v7-m/nofp/crtn.o
                0x080040cc                        . = ALIGN (0x4)
                0x080040cc                        _etext = .

.vfp11_veneer   0x080040cc        0x0
 .vfp11_veneer  0x080040cc        0x0 linker stubs

.v4_bx          0x080040cc        0x0
 .v4_bx         0x080040cc        0x0 linker stubs

.iplt           0x080040cc        0x0
 .iplt          0x080040cc        0x0 c:/sysgcc/arm-eabi/bin/../lib/gcc/arm-none-eabi/12.3.1/thumb/v7-m/nofp/crtbegin.o

.rodata         0x080040cc      0x200
                0x080040cc                        . = ALIGN (0x4)
 *(.rodata)
 .rodata        0x080040cc       0xe1 CMakeFiles/ifind-tag.dir/src/sim868-driver.c.obj
 *fill*         0x080041ad        0x3 
 .rodata        0x080041b0       0xf0 CMakeFiles/ifind-tag.dir/src/gprs.c.obj
 *(.rodata*)
 .rodata.AHBPrescTable
                0x080042a0       0x10 CMakeFiles/BSP.dir/C_/Microcontrollers/ifind-tag/common/Core/Src/system_stm32f1xx.c.obj
                0x080042a0                AHBPrescTable
 .rodata.APBPrescTable
                0x080042b0        0x8 CMakeFiles/BSP.dir/C_/Microcontrollers/ifind-tag/common/Core/Src/system_stm32f1xx.c.obj
                0x080042b0                APBPrescTable
 .rodata.aPLLMULFactorTable.1
                0x080042b8       0x10 CMakeFiles/BSP.dir/C_/Microcontrollers/ifind-tag/common/Drivers/STM32F1xx_HAL_Driver/Src/stm32f1xx_hal_rcc.c.obj
 .rodata.aPredivFactorTable.0
                0x080042c8        0x2 CMakeFiles/BSP.dir/C_/Microcontrollers/ifind-tag/common/Drivers/STM32F1xx_HAL_Driver/Src/stm32f1xx_hal_rcc.c.obj
                0x080042cc                        . = ALIGN (0x4)
 *fill*         0x080042ca        0x2 

.ARM.extab      0x080042cc        0x0
                0x080042cc                        . = ALIGN (0x4)
 *(.ARM.extab* .gnu.linkonce.armextab.*)
                0x080042cc                        . = ALIGN (0x4)

.ARM            0x080042cc        0x8
                0x080042cc                        . = ALIGN (0x4)
                0x080042cc                        __exidx_start = .
 *(.ARM.exidx*)
 .ARM.exidx     0x080042cc        0x8 c:/sysgcc/arm-eabi/bin/../lib/gcc/arm-none-eabi/12.3.1/thumb/v7-m/nofp\libg.a(libc_a-strcmp.o)
 .ARM.exidx     0x080042d4        0x0 c:/sysgcc/arm-eabi/bin/../lib/gcc/arm-none-eabi/12.3.1/thumb/v7-m/nofp\libg.a(libc_a-memcpy.o)
                                  0x8 (size before relaxing)
                0x080042d4                        __exidx_end = .
                0x080042d4                        . = ALIGN (0x4)

.rel.dyn        0x080042d4        0x0
 .rel.iplt      0x080042d4        0x0 c:/sysgcc/arm-eabi/bin/../lib/gcc/arm-none-eabi/12.3.1/thumb/v7-m/nofp/crtbegin.o

.preinit_array  0x080042d4        0x0
                0x080042d4                        . = ALIGN (0x4)
                0x080042d4                        PROVIDE (__preinit_array_start = .)
 *(.preinit_array*)
                0x080042d4                        PROVIDE (__preinit_array_end = .)
                0x080042d4                        . = ALIGN (0x4)

.init_array     0x080042d4        0x8
                0x080042d4                        . = ALIGN (0x4)
                0x080042d4                        PROVIDE (__init_array_start = .)
 *(SORT_BY_NAME(.init_array.*))
 .init_array.00000
                0x080042d4        0x4 c:/sysgcc/arm-eabi/bin/../lib/gcc/arm-none-eabi/12.3.1/thumb/v7-m/nofp\libg.a(libc_a-__call_atexit.o)
 *(.init_array*)
 .init_array    0x080042d8        0x4 c:/sysgcc/arm-eabi/bin/../lib/gcc/arm-none-eabi/12.3.1/thumb/v7-m/nofp/crtbegin.o
                0x080042dc                        PROVIDE (__init_array_end = .)
                0x080042dc                        . = ALIGN (0x4)

.fini_array     0x080042dc        0x4
                0x080042dc                        . = ALIGN (0x4)
                0x080042dc                        PROVIDE (__fini_array_start = .)
 *(SORT_BY_NAME(.fini_array.*))
 *(.fini_array*)
 .fini_array    0x080042dc        0x4 c:/sysgcc/arm-eabi/bin/../lib/gcc/arm-none-eabi/12.3.1/thumb/v7-m/nofp/crtbegin.o
                0x080042e0                        PROVIDE (__fini_array_end = .)
                0x080042e0                        . = ALIGN (0x4)
                0x080042e0                        _sidata = LOADADDR (.data)

.data           0x20000000       0x50 load address 0x080042e0
                0x20000000                        . = ALIGN (0x4)
                0x20000000                        _sdata = .
 *(.data)
 *(.data*)
 .data.SystemCoreClock
                0x20000000        0x4 CMakeFiles/BSP.dir/C_/Microcontrollers/ifind-tag/common/Core/Src/system_stm32f1xx.c.obj
                0x20000000                SystemCoreClock
 .data.uwTickPrio
                0x20000004        0x4 CMakeFiles/BSP.dir/C_/Microcontrollers/ifind-tag/common/Drivers/STM32F1xx_HAL_Driver/Src/stm32f1xx_hal.c.obj
                0x20000004                uwTickPrio
 .data.uwTickFreq
                0x20000008        0x1 CMakeFiles/BSP.dir/C_/Microcontrollers/ifind-tag/common/Drivers/STM32F1xx_HAL_Driver/Src/stm32f1xx_hal.c.obj
                0x20000008                uwTickFreq
 *fill*         0x20000009        0x3 
 .data.cmds     0x2000000c       0x40 CMakeFiles/ifind-tag.dir/src/sim868-driver.c.obj
 .data.__atexit_recursive_mutex
                0x2000004c        0x4 c:/sysgcc/arm-eabi/bin/../lib/gcc/arm-none-eabi/12.3.1/thumb/v7-m/nofp\libg.a(libc_a-__call_atexit.o)
                0x2000004c                __atexit_recursive_mutex
 *(.RamFunc)
 *(.RamFunc*)
                0x20000050                        . = ALIGN (0x4)
                0x20000050                        _edata = .

.tm_clone_table
                0x20000050        0x0 load address 0x08004330
 .tm_clone_table
                0x20000050        0x0 c:/sysgcc/arm-eabi/bin/../lib/gcc/arm-none-eabi/12.3.1/thumb/v7-m/nofp/crtbegin.o
 .tm_clone_table
                0x20000050        0x0 c:/sysgcc/arm-eabi/bin/../lib/gcc/arm-none-eabi/12.3.1/thumb/v7-m/nofp/crtend.o

.igot.plt       0x20000050        0x0 load address 0x08004330
 .igot.plt      0x20000050        0x0 c:/sysgcc/arm-eabi/bin/../lib/gcc/arm-none-eabi/12.3.1/thumb/v7-m/nofp/crtbegin.o
                0x20000050                        . = ALIGN (0x4)

.bss            0x20000050      0x870 load address 0x08004330
                0x20000050                        _sbss = .
                0x20000050                        __bss_start__ = _sbss
 *(.bss)
 *(.bss*)
 .bss.completed.1
                0x20000050        0x1 c:/sysgcc/arm-eabi/bin/../lib/gcc/arm-none-eabi/12.3.1/thumb/v7-m/nofp/crtbegin.o
 *fill*         0x20000051        0x3 
 .bss.object.0  0x20000054       0x18 c:/sysgcc/arm-eabi/bin/../lib/gcc/arm-none-eabi/12.3.1/thumb/v7-m/nofp/crtbegin.o
 .bss.htim1     0x2000006c       0x48 CMakeFiles/BSP.dir/C_/Microcontrollers/ifind-tag/common/Core/Src/tim.c.obj
                0x2000006c                htim1
 .bss.huart1    0x200000b4       0x48 CMakeFiles/BSP.dir/C_/Microcontrollers/ifind-tag/common/Core/Src/usart.c.obj
                0x200000b4                huart1
 .bss.huart2    0x200000fc       0x48 CMakeFiles/BSP.dir/C_/Microcontrollers/ifind-tag/common/Core/Src/usart.c.obj
                0x200000fc                huart2
 .bss.uwTick    0x20000144        0x4 CMakeFiles/BSP.dir/C_/Microcontrollers/ifind-tag/common/Drivers/STM32F1xx_HAL_Driver/Src/stm32f1xx_hal.c.obj
                0x20000144                uwTick
 .bss.gnss_byte
                0x20000148        0x1 CMakeFiles/ifind-tag.dir/src/sim868-driver.c.obj
 *fill*         0x20000149        0x3 
 .bss.gnss_readers
                0x2000014c      0x210 CMakeFiles/ifind-tag.dir/src/sim868-driver.c.obj
 .bss.gnss_active_reader
                0x2000035c        0x4 CMakeFiles/ifind-tag.dir/src/sim868-driver.c.obj
 .bss.gnss_active_reader_index
                0x20000360        0x1 CMakeFiles/ifind-tag.dir/src/sim868-driver.c.obj
 *fill*         0x20000361        0x3 
 .bss.sim_readers
                0x20000364      0x210 CMakeFiles/ifind-tag.dir/src/sim868-driver.c.obj
 .bss.sim_active_reader
                0x20000574        0x4 CMakeFiles/ifind-tag.dir/src/sim868-driver.c.obj
 .bss.sim_active_reader_index
                0x20000578        0x1 CMakeFiles/ifind-tag.dir/src/sim868-driver.c.obj
 .bss.send1     0x20000579        0x1 CMakeFiles/ifind-tag.dir/src/sim868-driver.c.obj
 .bss.send2     0x2000057a        0x1 CMakeFiles/ifind-tag.dir/src/sim868-driver.c.obj
 .bss.send3     0x2000057b        0x1 CMakeFiles/ifind-tag.dir/src/sim868-driver.c.obj
 .bss.sms_init  0x2000057c        0x1 CMakeFiles/ifind-tag.dir/src/sim868-driver.c.obj
 *fill*         0x2000057d        0x3 
 .bss.current_sms
                0x20000580       0x80 CMakeFiles/ifind-tag.dir/src/gprs.c.obj
                0x20000580                current_sms
 .bss.current_command
                0x20000600      0x126 CMakeFiles/ifind-tag.dir/src/gprs.c.obj
                0x20000600                current_command
 .bss.time_up   0x20000726        0x1 CMakeFiles/ifind-tag.dir/src/gprs.c.obj
                0x20000726                time_up
 *fill*         0x20000727        0x1 
 .bss.__lock___atexit_recursive_mutex
                0x20000728        0x1 c:/sysgcc/arm-eabi/bin/../lib/gcc/arm-none-eabi/12.3.1/thumb/v7-m/nofp\libg.a(libc_a-lock.o)
                0x20000728                __lock___atexit_recursive_mutex
 *fill*         0x20000729        0x3 
 .bss.__atexit  0x2000072c        0x4 c:/sysgcc/arm-eabi/bin/../lib/gcc/arm-none-eabi/12.3.1/thumb/v7-m/nofp\libg.a(libc_a-__call_atexit.o)
                0x2000072c                __atexit
 .bss.__atexit0
                0x20000730      0x190 c:/sysgcc/arm-eabi/bin/../lib/gcc/arm-none-eabi/12.3.1/thumb/v7-m/nofp\libg.a(libc_a-__atexit.o)
                0x20000730                __atexit0
 *(COMMON)
                0x200008c0                        . = ALIGN (0x4)
                0x200008c0                        _ebss = .
                0x200008c0                        __bss_end__ = _ebss

._user_heap_stack
                0x200008c0      0x600 load address 0x08004330
                0x200008c0                        . = ALIGN (0x8)
                [!provide]                        PROVIDE (end = .)
                0x200008c0                        PROVIDE (_end = .)
                0x20000ac0                        . = (. + _Min_Heap_Size)
 *fill*         0x200008c0      0x200 
                0x20000ec0                        . = (. + _Min_Stack_Size)
 *fill*         0x20000ac0      0x400 
                0x20000ec0                        . = ALIGN (0x8)

/DISCARD/
 libc.a(*)
 libm.a(*)
 libgcc.a(*)

.ARM.attributes
                0x00000000       0x29
 *(.ARM.attributes)
 .ARM.attributes
                0x00000000       0x1d c:/sysgcc/arm-eabi/bin/../lib/gcc/arm-none-eabi/12.3.1/thumb/v7-m/nofp/crti.o
 .ARM.attributes
                0x0000001d       0x2d c:/sysgcc/arm-eabi/bin/../lib/gcc/arm-none-eabi/12.3.1/thumb/v7-m/nofp/crtbegin.o
 .ARM.attributes
                0x0000004a       0x2d CMakeFiles/BSP.dir/C_/Microcontrollers/ifind-tag/common/Core/Src/gpio.c.obj
 .ARM.attributes
                0x00000077       0x2d CMakeFiles/BSP.dir/C_/Microcontrollers/ifind-tag/common/Core/Src/main.c.obj
 .ARM.attributes
                0x000000a4       0x2d CMakeFiles/BSP.dir/C_/Microcontrollers/ifind-tag/common/Core/Src/stm32f1xx_hal_msp.c.obj
 .ARM.attributes
                0x000000d1       0x2d CMakeFiles/BSP.dir/C_/Microcontrollers/ifind-tag/common/Core/Src/stm32f1xx_it.c.obj
 .ARM.attributes
                0x000000fe       0x2d CMakeFiles/BSP.dir/C_/Microcontrollers/ifind-tag/common/Core/Src/system_stm32f1xx.c.obj
 .ARM.attributes
                0x0000012b       0x2d CMakeFiles/BSP.dir/C_/Microcontrollers/ifind-tag/common/Core/Src/tim.c.obj
 .ARM.attributes
                0x00000158       0x2d CMakeFiles/BSP.dir/C_/Microcontrollers/ifind-tag/common/Core/Src/usart.c.obj
 .ARM.attributes
                0x00000185       0x21 CMakeFiles/BSP.dir/C_/Microcontrollers/ifind-tag/common/Core/Startup/startup_stm32f103c6tx.s.obj
 .ARM.attributes
                0x000001a6       0x2d CMakeFiles/BSP.dir/C_/Microcontrollers/ifind-tag/common/Drivers/STM32F1xx_HAL_Driver/Src/stm32f1xx_hal.c.obj
 .ARM.attributes
                0x000001d3       0x2d CMakeFiles/BSP.dir/C_/Microcontrollers/ifind-tag/common/Drivers/STM32F1xx_HAL_Driver/Src/stm32f1xx_hal_cortex.c.obj
 .ARM.attributes
                0x00000200       0x2d CMakeFiles/BSP.dir/C_/Microcontrollers/ifind-tag/common/Drivers/STM32F1xx_HAL_Driver/Src/stm32f1xx_hal_dma.c.obj
 .ARM.attributes
                0x0000022d       0x2d CMakeFiles/BSP.dir/C_/Microcontrollers/ifind-tag/common/Drivers/STM32F1xx_HAL_Driver/Src/stm32f1xx_hal_gpio.c.obj
 .ARM.attributes
                0x0000025a       0x2d CMakeFiles/BSP.dir/C_/Microcontrollers/ifind-tag/common/Drivers/STM32F1xx_HAL_Driver/Src/stm32f1xx_hal_rcc.c.obj
 .ARM.attributes
                0x00000287       0x2d CMakeFiles/BSP.dir/C_/Microcontrollers/ifind-tag/common/Drivers/STM32F1xx_HAL_Driver/Src/stm32f1xx_hal_tim.c.obj
 .ARM.attributes
                0x000002b4       0x2d CMakeFiles/BSP.dir/C_/Microcontrollers/ifind-tag/common/Drivers/STM32F1xx_HAL_Driver/Src/stm32f1xx_hal_tim_ex.c.obj
 .ARM.attributes
                0x000002e1       0x2d CMakeFiles/BSP.dir/C_/Microcontrollers/ifind-tag/common/Drivers/STM32F1xx_HAL_Driver/Src/stm32f1xx_hal_uart.c.obj
 .ARM.attributes
                0x0000030e       0x2d CMakeFiles/ifind-tag.dir/src/sim868-driver.c.obj
 .ARM.attributes
                0x0000033b       0x2d CMakeFiles/ifind-tag.dir/src/main.c.obj
 .ARM.attributes
                0x00000368       0x2d CMakeFiles/ifind-tag.dir/src/gprs.c.obj
 .ARM.attributes
                0x00000395       0x2d c:/sysgcc/arm-eabi/bin/../lib/gcc/arm-none-eabi/12.3.1/thumb/v7-m/nofp\libg.a(libc_a-memset.o)
 .ARM.attributes
                0x000003c2       0x2d c:/sysgcc/arm-eabi/bin/../lib/gcc/arm-none-eabi/12.3.1/thumb/v7-m/nofp\libg.a(libc_a-strcat.o)
 .ARM.attributes
                0x000003ef       0x2d c:/sysgcc/arm-eabi/bin/../lib/gcc/arm-none-eabi/12.3.1/thumb/v7-m/nofp\libg.a(libc_a-strncpy.o)
 .ARM.attributes
                0x0000041c       0x2d c:/sysgcc/arm-eabi/bin/../lib/gcc/arm-none-eabi/12.3.1/thumb/v7-m/nofp\libg.a(libc_a-strstr.o)
 .ARM.attributes
                0x00000449       0x2d c:/sysgcc/arm-eabi/bin/../lib/gcc/arm-none-eabi/12.3.1/thumb/v7-m/nofp\libg.a(libc_a-init.o)
 .ARM.attributes
                0x00000476       0x2d c:/sysgcc/arm-eabi/bin/../lib/gcc/arm-none-eabi/12.3.1/thumb/v7-m/nofp\libg.a(libc_a-lock.o)
 .ARM.attributes
                0x000004a3       0x1b c:/sysgcc/arm-eabi/bin/../lib/gcc/arm-none-eabi/12.3.1/thumb/v7-m/nofp\libg.a(libc_a-strcmp.o)
 .ARM.attributes
                0x000004be       0x2d c:/sysgcc/arm-eabi/bin/../lib/gcc/arm-none-eabi/12.3.1/thumb/v7-m/nofp\libg.a(libc_a-strcpy.o)
 .ARM.attributes
                0x000004eb       0x1b c:/sysgcc/arm-eabi/bin/../lib/gcc/arm-none-eabi/12.3.1/thumb/v7-m/nofp\libg.a(libc_a-memcpy.o)
 .ARM.attributes
                0x00000506       0x2d c:/sysgcc/arm-eabi/bin/../lib/gcc/arm-none-eabi/12.3.1/thumb/v7-m/nofp\libg.a(libc_a-strlen-stub.o)
 .ARM.attributes
                0x00000533       0x2d c:/sysgcc/arm-eabi/bin/../lib/gcc/arm-none-eabi/12.3.1/thumb/v7-m/nofp\libg.a(libc_a-__call_atexit.o)
 .ARM.attributes
                0x00000560       0x2d c:/sysgcc/arm-eabi/bin/../lib/gcc/arm-none-eabi/12.3.1/thumb/v7-m/nofp\libg.a(libc_a-atexit.o)
 .ARM.attributes
                0x0000058d       0x2d c:/sysgcc/arm-eabi/bin/../lib/gcc/arm-none-eabi/12.3.1/thumb/v7-m/nofp\libg.a(libc_a-memcmp.o)
 .ARM.attributes
                0x000005ba       0x2d c:/sysgcc/arm-eabi/bin/../lib/gcc/arm-none-eabi/12.3.1/thumb/v7-m/nofp\libg.a(libc_a-strchr.o)
 .ARM.attributes
                0x000005e7       0x2d c:/sysgcc/arm-eabi/bin/../lib/gcc/arm-none-eabi/12.3.1/thumb/v7-m/nofp\libg.a(libc_a-strnlen.o)
 .ARM.attributes
                0x00000614       0x2d c:/sysgcc/arm-eabi/bin/../lib/gcc/arm-none-eabi/12.3.1/thumb/v7-m/nofp\libg.a(libc_a-fini.o)
 .ARM.attributes
                0x00000641       0x2d c:/sysgcc/arm-eabi/bin/../lib/gcc/arm-none-eabi/12.3.1/thumb/v7-m/nofp\libg.a(libc_a-__atexit.o)
 .ARM.attributes
                0x0000066e       0x2d c:/sysgcc/arm-eabi/bin/../lib/gcc/arm-none-eabi/12.3.1/thumb/v7-m/nofp/crtend.o
 .ARM.attributes
                0x0000069b       0x1d c:/sysgcc/arm-eabi/bin/../lib/gcc/arm-none-eabi/12.3.1/thumb/v7-m/nofp/crtn.o
OUTPUT(ifind-tag elf32-littlearm)
LOAD linker stubs
LOAD c:/sysgcc/arm-eabi/bin/../lib/gcc/arm-none-eabi/12.3.1/thumb/v7-m/nofp\libc.a
LOAD c:/sysgcc/arm-eabi/bin/../lib/gcc/arm-none-eabi/12.3.1/thumb/v7-m/nofp\libm.a
LOAD c:/sysgcc/arm-eabi/bin/../lib/gcc/arm-none-eabi/12.3.1/thumb/v7-m/nofp\libgcc.a

.debug_info     0x00000000     0xdcc7
 .debug_info    0x00000000      0x29b CMakeFiles/BSP.dir/C_/Microcontrollers/ifind-tag/common/Core/Src/gpio.c.obj
 .debug_info    0x0000029b      0x25f CMakeFiles/BSP.dir/C_/Microcontrollers/ifind-tag/common/Core/Src/main.c.obj
 .debug_info    0x000004fa      0x1f1 CMakeFiles/BSP.dir/C_/Microcontrollers/ifind-tag/common/Core/Src/stm32f1xx_hal_msp.c.obj
 .debug_info    0x000006eb      0x967 CMakeFiles/BSP.dir/C_/Microcontrollers/ifind-tag/common/Core/Src/stm32f1xx_it.c.obj
 .debug_info    0x00001052      0x222 CMakeFiles/BSP.dir/C_/Microcontrollers/ifind-tag/common/Core/Src/system_stm32f1xx.c.obj
 .debug_info    0x00001274      0x99d CMakeFiles/BSP.dir/C_/Microcontrollers/ifind-tag/common/Core/Src/tim.c.obj
 .debug_info    0x00001c11      0x9f8 CMakeFiles/BSP.dir/C_/Microcontrollers/ifind-tag/common/Core/Src/usart.c.obj
 .debug_info    0x00002609       0x30 CMakeFiles/BSP.dir/C_/Microcontrollers/ifind-tag/common/Core/Startup/startup_stm32f103c6tx.s.obj
 .debug_info    0x00002639      0x6e6 CMakeFiles/BSP.dir/C_/Microcontrollers/ifind-tag/common/Drivers/STM32F1xx_HAL_Driver/Src/stm32f1xx_hal.c.obj
 .debug_info    0x00002d1f      0xa69 CMakeFiles/BSP.dir/C_/Microcontrollers/ifind-tag/common/Drivers/STM32F1xx_HAL_Driver/Src/stm32f1xx_hal_cortex.c.obj
 .debug_info    0x00003788      0x6d2 CMakeFiles/BSP.dir/C_/Microcontrollers/ifind-tag/common/Drivers/STM32F1xx_HAL_Driver/Src/stm32f1xx_hal_dma.c.obj
 .debug_info    0x00003e5a      0x5ab CMakeFiles/BSP.dir/C_/Microcontrollers/ifind-tag/common/Drivers/STM32F1xx_HAL_Driver/Src/stm32f1xx_hal_gpio.c.obj
 .debug_info    0x00004405      0x7d5 CMakeFiles/BSP.dir/C_/Microcontrollers/ifind-tag/common/Drivers/STM32F1xx_HAL_Driver/Src/stm32f1xx_hal_rcc.c.obj
 .debug_info    0x00004bda     0x293b CMakeFiles/BSP.dir/C_/Microcontrollers/ifind-tag/common/Drivers/STM32F1xx_HAL_Driver/Src/stm32f1xx_hal_tim.c.obj
 .debug_info    0x00007515     0x149b CMakeFiles/BSP.dir/C_/Microcontrollers/ifind-tag/common/Drivers/STM32F1xx_HAL_Driver/Src/stm32f1xx_hal_tim_ex.c.obj
 .debug_info    0x000089b0     0x2fbb CMakeFiles/BSP.dir/C_/Microcontrollers/ifind-tag/common/Drivers/STM32F1xx_HAL_Driver/Src/stm32f1xx_hal_uart.c.obj
 .debug_info    0x0000b96b      0xf6f CMakeFiles/ifind-tag.dir/src/sim868-driver.c.obj
 .debug_info    0x0000c8da      0xa05 CMakeFiles/ifind-tag.dir/src/main.c.obj
 .debug_info    0x0000d2df      0x9e8 CMakeFiles/ifind-tag.dir/src/gprs.c.obj

.debug_abbrev   0x00000000     0x2514
 .debug_abbrev  0x00000000      0x13f CMakeFiles/BSP.dir/C_/Microcontrollers/ifind-tag/common/Core/Src/gpio.c.obj
 .debug_abbrev  0x0000013f      0x12e CMakeFiles/BSP.dir/C_/Microcontrollers/ifind-tag/common/Core/Src/main.c.obj
 .debug_abbrev  0x0000026d       0xdb CMakeFiles/BSP.dir/C_/Microcontrollers/ifind-tag/common/Core/Src/stm32f1xx_hal_msp.c.obj
 .debug_abbrev  0x00000348      0x19b CMakeFiles/BSP.dir/C_/Microcontrollers/ifind-tag/common/Core/Src/stm32f1xx_it.c.obj
 .debug_abbrev  0x000004e3      0x13f CMakeFiles/BSP.dir/C_/Microcontrollers/ifind-tag/common/Core/Src/system_stm32f1xx.c.obj
 .debug_abbrev  0x00000622      0x20e CMakeFiles/BSP.dir/C_/Microcontrollers/ifind-tag/common/Core/Src/tim.c.obj
 .debug_abbrev  0x00000830      0x21c CMakeFiles/BSP.dir/C_/Microcontrollers/ifind-tag/common/Core/Src/usart.c.obj
 .debug_abbrev  0x00000a4c       0x24 CMakeFiles/BSP.dir/C_/Microcontrollers/ifind-tag/common/Core/Startup/startup_stm32f103c6tx.s.obj
 .debug_abbrev  0x00000a70      0x201 CMakeFiles/BSP.dir/C_/Microcontrollers/ifind-tag/common/Drivers/STM32F1xx_HAL_Driver/Src/stm32f1xx_hal.c.obj
 .debug_abbrev  0x00000c71      0x2f8 CMakeFiles/BSP.dir/C_/Microcontrollers/ifind-tag/common/Drivers/STM32F1xx_HAL_Driver/Src/stm32f1xx_hal_cortex.c.obj
 .debug_abbrev  0x00000f69      0x20b CMakeFiles/BSP.dir/C_/Microcontrollers/ifind-tag/common/Drivers/STM32F1xx_HAL_Driver/Src/stm32f1xx_hal_dma.c.obj
 .debug_abbrev  0x00001174      0x1ca CMakeFiles/BSP.dir/C_/Microcontrollers/ifind-tag/common/Drivers/STM32F1xx_HAL_Driver/Src/stm32f1xx_hal_gpio.c.obj
 .debug_abbrev  0x0000133e      0x2b3 CMakeFiles/BSP.dir/C_/Microcontrollers/ifind-tag/common/Drivers/STM32F1xx_HAL_Driver/Src/stm32f1xx_hal_rcc.c.obj
 .debug_abbrev  0x000015f1      0x277 CMakeFiles/BSP.dir/C_/Microcontrollers/ifind-tag/common/Drivers/STM32F1xx_HAL_Driver/Src/stm32f1xx_hal_tim.c.obj
 .debug_abbrev  0x00001868      0x282 CMakeFiles/BSP.dir/C_/Microcontrollers/ifind-tag/common/Drivers/STM32F1xx_HAL_Driver/Src/stm32f1xx_hal_tim_ex.c.obj
 .debug_abbrev  0x00001aea      0x30d CMakeFiles/BSP.dir/C_/Microcontrollers/ifind-tag/common/Drivers/STM32F1xx_HAL_Driver/Src/stm32f1xx_hal_uart.c.obj
 .debug_abbrev  0x00001df7      0x2d9 CMakeFiles/ifind-tag.dir/src/sim868-driver.c.obj
 .debug_abbrev  0x000020d0      0x1b6 CMakeFiles/ifind-tag.dir/src/main.c.obj
 .debug_abbrev  0x00002286      0x28e CMakeFiles/ifind-tag.dir/src/gprs.c.obj

.debug_aranges  0x00000000      0xcf0
 .debug_aranges
                0x00000000       0x20 CMakeFiles/BSP.dir/C_/Microcontrollers/ifind-tag/common/Core/Src/gpio.c.obj
 .debug_aranges
                0x00000020       0x28 CMakeFiles/BSP.dir/C_/Microcontrollers/ifind-tag/common/Core/Src/main.c.obj
 .debug_aranges
                0x00000048       0x20 CMakeFiles/BSP.dir/C_/Microcontrollers/ifind-tag/common/Core/Src/stm32f1xx_hal_msp.c.obj
 .debug_aranges
                0x00000068       0x78 CMakeFiles/BSP.dir/C_/Microcontrollers/ifind-tag/common/Core/Src/stm32f1xx_it.c.obj
 .debug_aranges
                0x000000e0       0x28 CMakeFiles/BSP.dir/C_/Microcontrollers/ifind-tag/common/Core/Src/system_stm32f1xx.c.obj
 .debug_aranges
                0x00000108       0x30 CMakeFiles/BSP.dir/C_/Microcontrollers/ifind-tag/common/Core/Src/tim.c.obj
 .debug_aranges
                0x00000138       0x38 CMakeFiles/BSP.dir/C_/Microcontrollers/ifind-tag/common/Core/Src/usart.c.obj
 .debug_aranges
                0x00000170       0x28 CMakeFiles/BSP.dir/C_/Microcontrollers/ifind-tag/common/Core/Startup/startup_stm32f103c6tx.s.obj
 .debug_aranges
                0x00000198       0xe0 CMakeFiles/BSP.dir/C_/Microcontrollers/ifind-tag/common/Drivers/STM32F1xx_HAL_Driver/Src/stm32f1xx_hal.c.obj
 .debug_aranges
                0x00000278      0x100 CMakeFiles/BSP.dir/C_/Microcontrollers/ifind-tag/common/Drivers/STM32F1xx_HAL_Driver/Src/stm32f1xx_hal_cortex.c.obj
 .debug_aranges
                0x00000378       0x80 CMakeFiles/BSP.dir/C_/Microcontrollers/ifind-tag/common/Drivers/STM32F1xx_HAL_Driver/Src/stm32f1xx_hal_dma.c.obj
 .debug_aranges
                0x000003f8       0x58 CMakeFiles/BSP.dir/C_/Microcontrollers/ifind-tag/common/Drivers/STM32F1xx_HAL_Driver/Src/stm32f1xx_hal_gpio.c.obj
 .debug_aranges
                0x00000450       0x90 CMakeFiles/BSP.dir/C_/Microcontrollers/ifind-tag/common/Drivers/STM32F1xx_HAL_Driver/Src/stm32f1xx_hal_rcc.c.obj
 .debug_aranges
                0x000004e0      0x3d0 CMakeFiles/BSP.dir/C_/Microcontrollers/ifind-tag/common/Drivers/STM32F1xx_HAL_Driver/Src/stm32f1xx_hal_tim.c.obj
 .debug_aranges
                0x000008b0      0x168 CMakeFiles/BSP.dir/C_/Microcontrollers/ifind-tag/common/Drivers/STM32F1xx_HAL_Driver/Src/stm32f1xx_hal_tim_ex.c.obj
 .debug_aranges
                0x00000a18      0x208 CMakeFiles/BSP.dir/C_/Microcontrollers/ifind-tag/common/Drivers/STM32F1xx_HAL_Driver/Src/stm32f1xx_hal_uart.c.obj
 .debug_aranges
                0x00000c20       0x60 CMakeFiles/ifind-tag.dir/src/sim868-driver.c.obj
 .debug_aranges
                0x00000c80       0x20 CMakeFiles/ifind-tag.dir/src/main.c.obj
 .debug_aranges
                0x00000ca0       0x50 CMakeFiles/ifind-tag.dir/src/gprs.c.obj

.debug_rnglists
                0x00000000      0xa0b
 .debug_rnglists
                0x00000000       0x13 CMakeFiles/BSP.dir/C_/Microcontrollers/ifind-tag/common/Core/Src/gpio.c.obj
 .debug_rnglists
                0x00000013       0x19 CMakeFiles/BSP.dir/C_/Microcontrollers/ifind-tag/common/Core/Src/main.c.obj
 .debug_rnglists
                0x0000002c       0x13 CMakeFiles/BSP.dir/C_/Microcontrollers/ifind-tag/common/Core/Src/stm32f1xx_hal_msp.c.obj
 .debug_rnglists
                0x0000003f       0x55 CMakeFiles/BSP.dir/C_/Microcontrollers/ifind-tag/common/Core/Src/stm32f1xx_it.c.obj
 .debug_rnglists
                0x00000094       0x1a CMakeFiles/BSP.dir/C_/Microcontrollers/ifind-tag/common/Core/Src/system_stm32f1xx.c.obj
 .debug_rnglists
                0x000000ae       0x20 CMakeFiles/BSP.dir/C_/Microcontrollers/ifind-tag/common/Core/Src/tim.c.obj
 .debug_rnglists
                0x000000ce       0x26 CMakeFiles/BSP.dir/C_/Microcontrollers/ifind-tag/common/Core/Src/usart.c.obj
 .debug_rnglists
                0x000000f4       0x19 CMakeFiles/BSP.dir/C_/Microcontrollers/ifind-tag/common/Core/Startup/startup_stm32f103c6tx.s.obj
 .debug_rnglists
                0x0000010d       0xa3 CMakeFiles/BSP.dir/C_/Microcontrollers/ifind-tag/common/Drivers/STM32F1xx_HAL_Driver/Src/stm32f1xx_hal.c.obj
 .debug_rnglists
                0x000001b0       0xbb CMakeFiles/BSP.dir/C_/Microcontrollers/ifind-tag/common/Drivers/STM32F1xx_HAL_Driver/Src/stm32f1xx_hal_cortex.c.obj
 .debug_rnglists
                0x0000026b       0x64 CMakeFiles/BSP.dir/C_/Microcontrollers/ifind-tag/common/Drivers/STM32F1xx_HAL_Driver/Src/stm32f1xx_hal_dma.c.obj
 .debug_rnglists
                0x000002cf       0x3f CMakeFiles/BSP.dir/C_/Microcontrollers/ifind-tag/common/Drivers/STM32F1xx_HAL_Driver/Src/stm32f1xx_hal_gpio.c.obj
 .debug_rnglists
                0x0000030e       0x6c CMakeFiles/BSP.dir/C_/Microcontrollers/ifind-tag/common/Drivers/STM32F1xx_HAL_Driver/Src/stm32f1xx_hal_rcc.c.obj
 .debug_rnglists
                0x0000037a      0x31a CMakeFiles/BSP.dir/C_/Microcontrollers/ifind-tag/common/Drivers/STM32F1xx_HAL_Driver/Src/stm32f1xx_hal_tim.c.obj
 .debug_rnglists
                0x00000694      0x125 CMakeFiles/BSP.dir/C_/Microcontrollers/ifind-tag/common/Drivers/STM32F1xx_HAL_Driver/Src/stm32f1xx_hal_tim_ex.c.obj
 .debug_rnglists
                0x000007b9      0x1bc CMakeFiles/BSP.dir/C_/Microcontrollers/ifind-tag/common/Drivers/STM32F1xx_HAL_Driver/Src/stm32f1xx_hal_uart.c.obj
 .debug_rnglists
                0x00000975       0x49 CMakeFiles/ifind-tag.dir/src/sim868-driver.c.obj
 .debug_rnglists
                0x000009be       0x14 CMakeFiles/ifind-tag.dir/src/main.c.obj
 .debug_rnglists
                0x000009d2       0x39 CMakeFiles/ifind-tag.dir/src/gprs.c.obj

.debug_macro    0x00000000    0x176ff
 .debug_macro   0x00000000      0x1ba CMakeFiles/BSP.dir/C_/Microcontrollers/ifind-tag/common/Core/Src/gpio.c.obj
 .debug_macro   0x000001ba      0xaa2 CMakeFiles/BSP.dir/C_/Microcontrollers/ifind-tag/common/Core/Src/gpio.c.obj
 .debug_macro   0x00000c5c      0x21b CMakeFiles/BSP.dir/C_/Microcontrollers/ifind-tag/common/Core/Src/gpio.c.obj
 .debug_macro   0x00000e77       0x2e CMakeFiles/BSP.dir/C_/Microcontrollers/ifind-tag/common/Core/Src/gpio.c.obj
 .debug_macro   0x00000ea5       0x22 CMakeFiles/BSP.dir/C_/Microcontrollers/ifind-tag/common/Core/Src/gpio.c.obj
 .debug_macro   0x00000ec7       0x22 CMakeFiles/BSP.dir/C_/Microcontrollers/ifind-tag/common/Core/Src/gpio.c.obj
 .debug_macro   0x00000ee9       0x8e CMakeFiles/BSP.dir/C_/Microcontrollers/ifind-tag/common/Core/Src/gpio.c.obj
 .debug_macro   0x00000f77       0x51 CMakeFiles/BSP.dir/C_/Microcontrollers/ifind-tag/common/Core/Src/gpio.c.obj
 .debug_macro   0x00000fc8      0x103 CMakeFiles/BSP.dir/C_/Microcontrollers/ifind-tag/common/Core/Src/gpio.c.obj
 .debug_macro   0x000010cb       0x6a CMakeFiles/BSP.dir/C_/Microcontrollers/ifind-tag/common/Core/Src/gpio.c.obj
 .debug_macro   0x00001135      0x1df CMakeFiles/BSP.dir/C_/Microcontrollers/ifind-tag/common/Core/Src/gpio.c.obj
 .debug_macro   0x00001314       0x1c CMakeFiles/BSP.dir/C_/Microcontrollers/ifind-tag/common/Core/Src/gpio.c.obj
 .debug_macro   0x00001330       0x22 CMakeFiles/BSP.dir/C_/Microcontrollers/ifind-tag/common/Core/Src/gpio.c.obj
 .debug_macro   0x00001352       0xbd CMakeFiles/BSP.dir/C_/Microcontrollers/ifind-tag/common/Core/Src/gpio.c.obj
 .debug_macro   0x0000140f      0xd23 CMakeFiles/BSP.dir/C_/Microcontrollers/ifind-tag/common/Core/Src/gpio.c.obj
 .debug_macro   0x00002132     0xde75 CMakeFiles/BSP.dir/C_/Microcontrollers/ifind-tag/common/Core/Src/gpio.c.obj
 .debug_macro   0x0000ffa7       0x6d CMakeFiles/BSP.dir/C_/Microcontrollers/ifind-tag/common/Core/Src/gpio.c.obj
 .debug_macro   0x00010014     0x348d CMakeFiles/BSP.dir/C_/Microcontrollers/ifind-tag/common/Core/Src/gpio.c.obj
 .debug_macro   0x000134a1      0x189 CMakeFiles/BSP.dir/C_/Microcontrollers/ifind-tag/common/Core/Src/gpio.c.obj
 .debug_macro   0x0001362a       0x5c CMakeFiles/BSP.dir/C_/Microcontrollers/ifind-tag/common/Core/Src/gpio.c.obj
 .debug_macro   0x00013686      0x5bc CMakeFiles/BSP.dir/C_/Microcontrollers/ifind-tag/common/Core/Src/gpio.c.obj
 .debug_macro   0x00013c42      0x1b7 CMakeFiles/BSP.dir/C_/Microcontrollers/ifind-tag/common/Core/Src/gpio.c.obj
 .debug_macro   0x00013df9      0x1cb CMakeFiles/BSP.dir/C_/Microcontrollers/ifind-tag/common/Core/Src/gpio.c.obj
 .debug_macro   0x00013fc4      0x114 CMakeFiles/BSP.dir/C_/Microcontrollers/ifind-tag/common/Core/Src/gpio.c.obj
 .debug_macro   0x000140d8      0x1b2 CMakeFiles/BSP.dir/C_/Microcontrollers/ifind-tag/common/Core/Src/gpio.c.obj
 .debug_macro   0x0001428a       0x27 CMakeFiles/BSP.dir/C_/Microcontrollers/ifind-tag/common/Core/Src/gpio.c.obj
 .debug_macro   0x000142b1      0x12f CMakeFiles/BSP.dir/C_/Microcontrollers/ifind-tag/common/Core/Src/gpio.c.obj
 .debug_macro   0x000143e0      0x1bc CMakeFiles/BSP.dir/C_/Microcontrollers/ifind-tag/common/Core/Src/gpio.c.obj
 .debug_macro   0x0001459c       0x34 CMakeFiles/BSP.dir/C_/Microcontrollers/ifind-tag/common/Core/Src/gpio.c.obj
 .debug_macro   0x000145d0       0x3c CMakeFiles/BSP.dir/C_/Microcontrollers/ifind-tag/common/Core/Src/gpio.c.obj
 .debug_macro   0x0001460c       0x57 CMakeFiles/BSP.dir/C_/Microcontrollers/ifind-tag/common/Core/Src/gpio.c.obj
 .debug_macro   0x00014663       0x87 CMakeFiles/BSP.dir/C_/Microcontrollers/ifind-tag/common/Core/Src/gpio.c.obj
 .debug_macro   0x000146ea      0x183 CMakeFiles/BSP.dir/C_/Microcontrollers/ifind-tag/common/Core/Src/gpio.c.obj
 .debug_macro   0x0001486d      0x140 CMakeFiles/BSP.dir/C_/Microcontrollers/ifind-tag/common/Core/Src/gpio.c.obj
 .debug_macro   0x000149ad      0x8ed CMakeFiles/BSP.dir/C_/Microcontrollers/ifind-tag/common/Core/Src/gpio.c.obj
 .debug_macro   0x0001529a      0x28e CMakeFiles/BSP.dir/C_/Microcontrollers/ifind-tag/common/Core/Src/gpio.c.obj
 .debug_macro   0x00015528       0x69 CMakeFiles/BSP.dir/C_/Microcontrollers/ifind-tag/common/Core/Src/gpio.c.obj
 .debug_macro   0x00015591       0x1c CMakeFiles/BSP.dir/C_/Microcontrollers/ifind-tag/common/Core/Src/gpio.c.obj
 .debug_macro   0x000155ad      0x1d2 CMakeFiles/BSP.dir/C_/Microcontrollers/ifind-tag/common/Core/Src/main.c.obj
 .debug_macro   0x0001577f      0x1b0 CMakeFiles/BSP.dir/C_/Microcontrollers/ifind-tag/common/Core/Src/stm32f1xx_hal_msp.c.obj
 .debug_macro   0x0001592f      0x1ba CMakeFiles/BSP.dir/C_/Microcontrollers/ifind-tag/common/Core/Src/stm32f1xx_it.c.obj
 .debug_macro   0x00015ae9      0x1a1 CMakeFiles/BSP.dir/C_/Microcontrollers/ifind-tag/common/Core/Src/system_stm32f1xx.c.obj
 .debug_macro   0x00015c8a      0x1ba CMakeFiles/BSP.dir/C_/Microcontrollers/ifind-tag/common/Core/Src/tim.c.obj
 .debug_macro   0x00015e44      0x1ba CMakeFiles/BSP.dir/C_/Microcontrollers/ifind-tag/common/Core/Src/usart.c.obj
 .debug_macro   0x00015ffe      0x1c5 CMakeFiles/BSP.dir/C_/Microcontrollers/ifind-tag/common/Drivers/STM32F1xx_HAL_Driver/Src/stm32f1xx_hal.c.obj
 .debug_macro   0x000161c3      0x1a1 CMakeFiles/BSP.dir/C_/Microcontrollers/ifind-tag/common/Drivers/STM32F1xx_HAL_Driver/Src/stm32f1xx_hal_cortex.c.obj
 .debug_macro   0x00016364      0x1a1 CMakeFiles/BSP.dir/C_/Microcontrollers/ifind-tag/common/Drivers/STM32F1xx_HAL_Driver/Src/stm32f1xx_hal_dma.c.obj
 .debug_macro   0x00016505      0x20c CMakeFiles/BSP.dir/C_/Microcontrollers/ifind-tag/common/Drivers/STM32F1xx_HAL_Driver/Src/stm32f1xx_hal_gpio.c.obj
 .debug_macro   0x00016711      0x1b3 CMakeFiles/BSP.dir/C_/Microcontrollers/ifind-tag/common/Drivers/STM32F1xx_HAL_Driver/Src/stm32f1xx_hal_rcc.c.obj
 .debug_macro   0x000168c4      0x1a2 CMakeFiles/BSP.dir/C_/Microcontrollers/ifind-tag/common/Drivers/STM32F1xx_HAL_Driver/Src/stm32f1xx_hal_tim.c.obj
 .debug_macro   0x00016a66      0x1a1 CMakeFiles/BSP.dir/C_/Microcontrollers/ifind-tag/common/Drivers/STM32F1xx_HAL_Driver/Src/stm32f1xx_hal_tim_ex.c.obj
 .debug_macro   0x00016c07      0x1a2 CMakeFiles/BSP.dir/C_/Microcontrollers/ifind-tag/common/Drivers/STM32F1xx_HAL_Driver/Src/stm32f1xx_hal_uart.c.obj
 .debug_macro   0x00016da9      0x2d6 CMakeFiles/ifind-tag.dir/src/sim868-driver.c.obj
 .debug_macro   0x0001707f       0x22 CMakeFiles/ifind-tag.dir/src/sim868-driver.c.obj
 .debug_macro   0x000170a1       0x22 CMakeFiles/ifind-tag.dir/src/sim868-driver.c.obj
 .debug_macro   0x000170c3       0x7b CMakeFiles/ifind-tag.dir/src/sim868-driver.c.obj
 .debug_macro   0x0001713e       0x10 CMakeFiles/ifind-tag.dir/src/sim868-driver.c.obj
 .debug_macro   0x0001714e       0x1c CMakeFiles/ifind-tag.dir/src/sim868-driver.c.obj
 .debug_macro   0x0001716a      0x2d2 CMakeFiles/ifind-tag.dir/src/main.c.obj
 .debug_macro   0x0001743c      0x2c3 CMakeFiles/ifind-tag.dir/src/gprs.c.obj

.debug_line     0x00000000     0xe097
 .debug_line    0x00000000      0x53f CMakeFiles/BSP.dir/C_/Microcontrollers/ifind-tag/common/Core/Src/gpio.c.obj
 .debug_line    0x0000053f      0x595 CMakeFiles/BSP.dir/C_/Microcontrollers/ifind-tag/common/Core/Src/main.c.obj
 .debug_line    0x00000ad4      0x532 CMakeFiles/BSP.dir/C_/Microcontrollers/ifind-tag/common/Core/Src/stm32f1xx_hal_msp.c.obj
 .debug_line    0x00001006      0x63c CMakeFiles/BSP.dir/C_/Microcontrollers/ifind-tag/common/Core/Src/stm32f1xx_it.c.obj
 .debug_line    0x00001642      0x5b0 CMakeFiles/BSP.dir/C_/Microcontrollers/ifind-tag/common/Core/Src/system_stm32f1xx.c.obj
 .debug_line    0x00001bf2      0x5a0 CMakeFiles/BSP.dir/C_/Microcontrollers/ifind-tag/common/Core/Src/tim.c.obj
 .debug_line    0x00002192      0x618 CMakeFiles/BSP.dir/C_/Microcontrollers/ifind-tag/common/Core/Src/usart.c.obj
 .debug_line    0x000027aa       0x78 CMakeFiles/BSP.dir/C_/Microcontrollers/ifind-tag/common/Core/Startup/startup_stm32f103c6tx.s.obj
 .debug_line    0x00002822      0x7dd CMakeFiles/BSP.dir/C_/Microcontrollers/ifind-tag/common/Drivers/STM32F1xx_HAL_Driver/Src/stm32f1xx_hal.c.obj
 .debug_line    0x00002fff      0x9c9 CMakeFiles/BSP.dir/C_/Microcontrollers/ifind-tag/common/Drivers/STM32F1xx_HAL_Driver/Src/stm32f1xx_hal_cortex.c.obj
 .debug_line    0x000039c8      0xc36 CMakeFiles/BSP.dir/C_/Microcontrollers/ifind-tag/common/Drivers/STM32F1xx_HAL_Driver/Src/stm32f1xx_hal_dma.c.obj
 .debug_line    0x000045fe      0x861 CMakeFiles/BSP.dir/C_/Microcontrollers/ifind-tag/common/Drivers/STM32F1xx_HAL_Driver/Src/stm32f1xx_hal_gpio.c.obj
 .debug_line    0x00004e5f      0xbe6 CMakeFiles/BSP.dir/C_/Microcontrollers/ifind-tag/common/Drivers/STM32F1xx_HAL_Driver/Src/stm32f1xx_hal_rcc.c.obj
 .debug_line    0x00005a45     0x329e CMakeFiles/BSP.dir/C_/Microcontrollers/ifind-tag/common/Drivers/STM32F1xx_HAL_Driver/Src/stm32f1xx_hal_tim.c.obj
 .debug_line    0x00008ce3     0x170c CMakeFiles/BSP.dir/C_/Microcontrollers/ifind-tag/common/Drivers/STM32F1xx_HAL_Driver/Src/stm32f1xx_hal_tim_ex.c.obj
 .debug_line    0x0000a3ef     0x2740 CMakeFiles/BSP.dir/C_/Microcontrollers/ifind-tag/common/Drivers/STM32F1xx_HAL_Driver/Src/stm32f1xx_hal_uart.c.obj
 .debug_line    0x0000cb2f      0x86c CMakeFiles/ifind-tag.dir/src/sim868-driver.c.obj
 .debug_line    0x0000d39b      0x5c3 CMakeFiles/ifind-tag.dir/src/main.c.obj
 .debug_line    0x0000d95e      0x739 CMakeFiles/ifind-tag.dir/src/gprs.c.obj

.debug_str      0x00000000    0x87cae
 .debug_str     0x00000000    0x81049 CMakeFiles/BSP.dir/C_/Microcontrollers/ifind-tag/common/Core/Src/gpio.c.obj
                              0x81386 (size before relaxing)
 .debug_str     0x00081049      0x1ea CMakeFiles/BSP.dir/C_/Microcontrollers/ifind-tag/common/Core/Src/main.c.obj
                              0x81442 (size before relaxing)
 .debug_str     0x00081233       0x7c CMakeFiles/BSP.dir/C_/Microcontrollers/ifind-tag/common/Core/Src/stm32f1xx_hal_msp.c.obj
                              0x8130e (size before relaxing)
 .debug_str     0x000812af      0x742 CMakeFiles/BSP.dir/C_/Microcontrollers/ifind-tag/common/Core/Src/stm32f1xx_it.c.obj
                              0x81a80 (size before relaxing)
 .debug_str     0x000819f1       0xa0 CMakeFiles/BSP.dir/C_/Microcontrollers/ifind-tag/common/Core/Src/system_stm32f1xx.c.obj
                              0x812db (size before relaxing)
 .debug_str     0x00081a91      0x3db CMakeFiles/BSP.dir/C_/Microcontrollers/ifind-tag/common/Core/Src/tim.c.obj
                              0x81bf5 (size before relaxing)
 .debug_str     0x00081e6c       0xab CMakeFiles/BSP.dir/C_/Microcontrollers/ifind-tag/common/Core/Src/usart.c.obj
                              0x81af8 (size before relaxing)
 .debug_str     0x00081f17       0x66 CMakeFiles/BSP.dir/C_/Microcontrollers/ifind-tag/common/Core/Startup/startup_stm32f103c6tx.s.obj
                                 0xa3 (size before relaxing)
 .debug_str     0x00081f7d      0x3b9 CMakeFiles/BSP.dir/C_/Microcontrollers/ifind-tag/common/Drivers/STM32F1xx_HAL_Driver/Src/stm32f1xx_hal.c.obj
                              0x819d4 (size before relaxing)
 .debug_str     0x00082336      0x2b6 CMakeFiles/BSP.dir/C_/Microcontrollers/ifind-tag/common/Drivers/STM32F1xx_HAL_Driver/Src/stm32f1xx_hal_cortex.c.obj
                              0x81920 (size before relaxing)
 .debug_str     0x000825ec      0x257 CMakeFiles/BSP.dir/C_/Microcontrollers/ifind-tag/common/Drivers/STM32F1xx_HAL_Driver/Src/stm32f1xx_hal_dma.c.obj
                              0x81684 (size before relaxing)
 .debug_str     0x00082843      0x303 CMakeFiles/BSP.dir/C_/Microcontrollers/ifind-tag/common/Drivers/STM32F1xx_HAL_Driver/Src/stm32f1xx_hal_gpio.c.obj
                              0x81661 (size before relaxing)
 .debug_str     0x00082b46      0x24b CMakeFiles/BSP.dir/C_/Microcontrollers/ifind-tag/common/Drivers/STM32F1xx_HAL_Driver/Src/stm32f1xx_hal_rcc.c.obj
                              0x8170a (size before relaxing)
 .debug_str     0x00082d91      0xdfe CMakeFiles/BSP.dir/C_/Microcontrollers/ifind-tag/common/Drivers/STM32F1xx_HAL_Driver/Src/stm32f1xx_hal_tim.c.obj
                              0x826fc (size before relaxing)
 .debug_str     0x00083b8f      0x4b5 CMakeFiles/BSP.dir/C_/Microcontrollers/ifind-tag/common/Drivers/STM32F1xx_HAL_Driver/Src/stm32f1xx_hal_tim_ex.c.obj
                              0x81f18 (size before relaxing)
 .debug_str     0x00084044      0x642 CMakeFiles/BSP.dir/C_/Microcontrollers/ifind-tag/common/Drivers/STM32F1xx_HAL_Driver/Src/stm32f1xx_hal_uart.c.obj
                              0x81d92 (size before relaxing)
 .debug_str     0x00084686     0x350a CMakeFiles/ifind-tag.dir/src/sim868-driver.c.obj
                              0x84fc9 (size before relaxing)
 .debug_str     0x00087b90       0x19 CMakeFiles/ifind-tag.dir/src/main.c.obj
                              0x84d07 (size before relaxing)
 .debug_str     0x00087ba9      0x105 CMakeFiles/ifind-tag.dir/src/gprs.c.obj
                              0x84aaf (size before relaxing)

.comment        0x00000000       0x45
 .comment       0x00000000       0x45 CMakeFiles/BSP.dir/C_/Microcontrollers/ifind-tag/common/Core/Src/gpio.c.obj
                                 0x46 (size before relaxing)
 .comment       0x00000045       0x46 CMakeFiles/BSP.dir/C_/Microcontrollers/ifind-tag/common/Core/Src/main.c.obj
 .comment       0x00000045       0x46 CMakeFiles/BSP.dir/C_/Microcontrollers/ifind-tag/common/Core/Src/stm32f1xx_hal_msp.c.obj
 .comment       0x00000045       0x46 CMakeFiles/BSP.dir/C_/Microcontrollers/ifind-tag/common/Core/Src/stm32f1xx_it.c.obj
 .comment       0x00000045       0x46 CMakeFiles/BSP.dir/C_/Microcontrollers/ifind-tag/common/Core/Src/system_stm32f1xx.c.obj
 .comment       0x00000045       0x46 CMakeFiles/BSP.dir/C_/Microcontrollers/ifind-tag/common/Core/Src/tim.c.obj
 .comment       0x00000045       0x46 CMakeFiles/BSP.dir/C_/Microcontrollers/ifind-tag/common/Core/Src/usart.c.obj
 .comment       0x00000045       0x46 CMakeFiles/BSP.dir/C_/Microcontrollers/ifind-tag/common/Drivers/STM32F1xx_HAL_Driver/Src/stm32f1xx_hal.c.obj
 .comment       0x00000045       0x46 CMakeFiles/BSP.dir/C_/Microcontrollers/ifind-tag/common/Drivers/STM32F1xx_HAL_Driver/Src/stm32f1xx_hal_cortex.c.obj
 .comment       0x00000045       0x46 CMakeFiles/BSP.dir/C_/Microcontrollers/ifind-tag/common/Drivers/STM32F1xx_HAL_Driver/Src/stm32f1xx_hal_dma.c.obj
 .comment       0x00000045       0x46 CMakeFiles/BSP.dir/C_/Microcontrollers/ifind-tag/common/Drivers/STM32F1xx_HAL_Driver/Src/stm32f1xx_hal_gpio.c.obj
 .comment       0x00000045       0x46 CMakeFiles/BSP.dir/C_/Microcontrollers/ifind-tag/common/Drivers/STM32F1xx_HAL_Driver/Src/stm32f1xx_hal_rcc.c.obj
 .comment       0x00000045       0x46 CMakeFiles/BSP.dir/C_/Microcontrollers/ifind-tag/common/Drivers/STM32F1xx_HAL_Driver/Src/stm32f1xx_hal_tim.c.obj
 .comment       0x00000045       0x46 CMakeFiles/BSP.dir/C_/Microcontrollers/ifind-tag/common/Drivers/STM32F1xx_HAL_Driver/Src/stm32f1xx_hal_tim_ex.c.obj
 .comment       0x00000045       0x46 CMakeFiles/BSP.dir/C_/Microcontrollers/ifind-tag/common/Drivers/STM32F1xx_HAL_Driver/Src/stm32f1xx_hal_uart.c.obj
 .comment       0x00000045       0x46 CMakeFiles/ifind-tag.dir/src/sim868-driver.c.obj
 .comment       0x00000045       0x46 CMakeFiles/ifind-tag.dir/src/main.c.obj
 .comment       0x00000045       0x46 CMakeFiles/ifind-tag.dir/src/gprs.c.obj

.debug_frame    0x00000000     0x383c
 .debug_frame   0x00000000       0x34 CMakeFiles/BSP.dir/C_/Microcontrollers/ifind-tag/common/Core/Src/gpio.c.obj
 .debug_frame   0x00000034       0x4c CMakeFiles/BSP.dir/C_/Microcontrollers/ifind-tag/common/Core/Src/main.c.obj
 .debug_frame   0x00000080       0x38 CMakeFiles/BSP.dir/C_/Microcontrollers/ifind-tag/common/Core/Src/stm32f1xx_hal_msp.c.obj
 .debug_frame   0x000000b8      0x158 CMakeFiles/BSP.dir/C_/Microcontrollers/ifind-tag/common/Core/Src/stm32f1xx_it.c.obj
 .debug_frame   0x00000210       0x58 CMakeFiles/BSP.dir/C_/Microcontrollers/ifind-tag/common/Core/Src/system_stm32f1xx.c.obj
 .debug_frame   0x00000268       0x7c CMakeFiles/BSP.dir/C_/Microcontrollers/ifind-tag/common/Core/Src/tim.c.obj
 .debug_frame   0x000002e4       0x90 CMakeFiles/BSP.dir/C_/Microcontrollers/ifind-tag/common/Core/Src/usart.c.obj
 .debug_frame   0x00000374      0x334 CMakeFiles/BSP.dir/C_/Microcontrollers/ifind-tag/common/Drivers/STM32F1xx_HAL_Driver/Src/stm32f1xx_hal.c.obj
 .debug_frame   0x000006a8      0x428 CMakeFiles/BSP.dir/C_/Microcontrollers/ifind-tag/common/Drivers/STM32F1xx_HAL_Driver/Src/stm32f1xx_hal_cortex.c.obj
 .debug_frame   0x00000ad0      0x208 CMakeFiles/BSP.dir/C_/Microcontrollers/ifind-tag/common/Drivers/STM32F1xx_HAL_Driver/Src/stm32f1xx_hal_dma.c.obj
 .debug_frame   0x00000cd8      0x14c CMakeFiles/BSP.dir/C_/Microcontrollers/ifind-tag/common/Drivers/STM32F1xx_HAL_Driver/Src/stm32f1xx_hal_gpio.c.obj
 .debug_frame   0x00000e24      0x218 CMakeFiles/BSP.dir/C_/Microcontrollers/ifind-tag/common/Drivers/STM32F1xx_HAL_Driver/Src/stm32f1xx_hal_rcc.c.obj
 .debug_frame   0x0000103c     0x11b8 CMakeFiles/BSP.dir/C_/Microcontrollers/ifind-tag/common/Drivers/STM32F1xx_HAL_Driver/Src/stm32f1xx_hal_tim.c.obj
 .debug_frame   0x000021f4      0x638 CMakeFiles/BSP.dir/C_/Microcontrollers/ifind-tag/common/Drivers/STM32F1xx_HAL_Driver/Src/stm32f1xx_hal_tim_ex.c.obj
 .debug_frame   0x0000282c      0x944 CMakeFiles/BSP.dir/C_/Microcontrollers/ifind-tag/common/Drivers/STM32F1xx_HAL_Driver/Src/stm32f1xx_hal_uart.c.obj
 .debug_frame   0x00003170      0x164 CMakeFiles/ifind-tag.dir/src/sim868-driver.c.obj
 .debug_frame   0x000032d4       0x30 CMakeFiles/ifind-tag.dir/src/main.c.obj
 .debug_frame   0x00003304      0x114 CMakeFiles/ifind-tag.dir/src/gprs.c.obj
 .debug_frame   0x00003418       0x2c c:/sysgcc/arm-eabi/bin/../lib/gcc/arm-none-eabi/12.3.1/thumb/v7-m/nofp\libg.a(libc_a-memset.o)
 .debug_frame   0x00003444       0x28 c:/sysgcc/arm-eabi/bin/../lib/gcc/arm-none-eabi/12.3.1/thumb/v7-m/nofp\libg.a(libc_a-strcat.o)
 .debug_frame   0x0000346c       0x28 c:/sysgcc/arm-eabi/bin/../lib/gcc/arm-none-eabi/12.3.1/thumb/v7-m/nofp\libg.a(libc_a-strncpy.o)
 .debug_frame   0x00003494       0xec c:/sysgcc/arm-eabi/bin/../lib/gcc/arm-none-eabi/12.3.1/thumb/v7-m/nofp\libg.a(libc_a-strstr.o)
 .debug_frame   0x00003580       0x2c c:/sysgcc/arm-eabi/bin/../lib/gcc/arm-none-eabi/12.3.1/thumb/v7-m/nofp\libg.a(libc_a-init.o)
 .debug_frame   0x000035ac       0xb0 c:/sysgcc/arm-eabi/bin/../lib/gcc/arm-none-eabi/12.3.1/thumb/v7-m/nofp\libg.a(libc_a-lock.o)
 .debug_frame   0x0000365c       0x3c c:/sysgcc/arm-eabi/bin/../lib/gcc/arm-none-eabi/12.3.1/thumb/v7-m/nofp\libg.a(libc_a-strcmp.o)
 .debug_frame   0x00003698       0x20 c:/sysgcc/arm-eabi/bin/../lib/gcc/arm-none-eabi/12.3.1/thumb/v7-m/nofp\libg.a(libc_a-strcpy.o)
 .debug_frame   0x000036b8       0x20 c:/sysgcc/arm-eabi/bin/../lib/gcc/arm-none-eabi/12.3.1/thumb/v7-m/nofp\libg.a(libc_a-strlen-stub.o)
 .debug_frame   0x000036d8       0x5c c:/sysgcc/arm-eabi/bin/../lib/gcc/arm-none-eabi/12.3.1/thumb/v7-m/nofp\libg.a(libc_a-__call_atexit.o)
 .debug_frame   0x00003734       0x20 c:/sysgcc/arm-eabi/bin/../lib/gcc/arm-none-eabi/12.3.1/thumb/v7-m/nofp\libg.a(libc_a-atexit.o)
 .debug_frame   0x00003754       0x2c c:/sysgcc/arm-eabi/bin/../lib/gcc/arm-none-eabi/12.3.1/thumb/v7-m/nofp\libg.a(libc_a-memcmp.o)
 .debug_frame   0x00003780       0x34 c:/sysgcc/arm-eabi/bin/../lib/gcc/arm-none-eabi/12.3.1/thumb/v7-m/nofp\libg.a(libc_a-strchr.o)
 .debug_frame   0x000037b4       0x20 c:/sysgcc/arm-eabi/bin/../lib/gcc/arm-none-eabi/12.3.1/thumb/v7-m/nofp\libg.a(libc_a-strnlen.o)
 .debug_frame   0x000037d4       0x34 c:/sysgcc/arm-eabi/bin/../lib/gcc/arm-none-eabi/12.3.1/thumb/v7-m/nofp\libg.a(libc_a-fini.o)
 .debug_frame   0x00003808       0x34 c:/sysgcc/arm-eabi/bin/../lib/gcc/arm-none-eabi/12.3.1/thumb/v7-m/nofp\libg.a(libc_a-__atexit.o)

.debug_line_str
                0x00000000      0x176
 .debug_line_str
                0x00000000       0x87 CMakeFiles/BSP.dir/C_/Microcontrollers/ifind-tag/common/Core/Startup/startup_stm32f103c6tx.s.obj
 .debug_line_str
                0x00000087       0xdf c:/sysgcc/arm-eabi/bin/../lib/gcc/arm-none-eabi/12.3.1/thumb/v7-m/nofp\libg.a(libc_a-strcmp.o)
 .debug_line_str
                0x00000166       0x10 c:/sysgcc/arm-eabi/bin/../lib/gcc/arm-none-eabi/12.3.1/thumb/v7-m/nofp\libg.a(libc_a-memcpy.o)
                                 0xdf (size before relaxing)
