Archive member included to satisfy reference by file (symbol)

c:/sysgcc/arm-eabi/bin/../lib/gcc/arm-none-eabi/12.2.1/thumb/v7-m/nofp\libg.a(libc_a-exit.o)
                              c:/sysgcc/arm-eabi/bin/../lib/gcc/arm-none-eabi/12.2.1/thumb/v7-m/nofp/crt0.o (exit)
c:/sysgcc/arm-eabi/bin/../lib/gcc/arm-none-eabi/12.2.1/thumb/v7-m/nofp\libg.a(libc_a-findfp.o)
                              c:/sysgcc/arm-eabi/bin/../lib/gcc/arm-none-eabi/12.2.1/thumb/v7-m/nofp\libg.a(libc_a-exit.o) (__stdio_exit_handler)
c:/sysgcc/arm-eabi/bin/../lib/gcc/arm-none-eabi/12.2.1/thumb/v7-m/nofp\libg.a(libc_a-fwalk.o)
                              c:/sysgcc/arm-eabi/bin/../lib/gcc/arm-none-eabi/12.2.1/thumb/v7-m/nofp\libg.a(libc_a-findfp.o) (_fwalk_sglue)
c:/sysgcc/arm-eabi/bin/../lib/gcc/arm-none-eabi/12.2.1/thumb/v7-m/nofp\libg.a(libc_a-stdio.o)
                              c:/sysgcc/arm-eabi/bin/../lib/gcc/arm-none-eabi/12.2.1/thumb/v7-m/nofp\libg.a(libc_a-findfp.o) (__sread)
c:/sysgcc/arm-eabi/bin/../lib/gcc/arm-none-eabi/12.2.1/thumb/v7-m/nofp\libg.a(libc_a-memset.o)
                              c:/sysgcc/arm-eabi/bin/../lib/gcc/arm-none-eabi/12.2.1/thumb/v7-m/nofp/crt0.o (memset)
c:/sysgcc/arm-eabi/bin/../lib/gcc/arm-none-eabi/12.2.1/thumb/v7-m/nofp\libg.a(libc_a-closer.o)
                              c:/sysgcc/arm-eabi/bin/../lib/gcc/arm-none-eabi/12.2.1/thumb/v7-m/nofp\libg.a(libc_a-stdio.o) (_close_r)
c:/sysgcc/arm-eabi/bin/../lib/gcc/arm-none-eabi/12.2.1/thumb/v7-m/nofp\libg.a(libc_a-reent.o)
                              c:/sysgcc/arm-eabi/bin/../lib/gcc/arm-none-eabi/12.2.1/thumb/v7-m/nofp\libg.a(libc_a-closer.o) (errno)
c:/sysgcc/arm-eabi/bin/../lib/gcc/arm-none-eabi/12.2.1/thumb/v7-m/nofp\libg.a(libc_a-impure.o)
                              c:/sysgcc/arm-eabi/bin/../lib/gcc/arm-none-eabi/12.2.1/thumb/v7-m/nofp\libg.a(libc_a-reent.o) (_impure_ptr)
c:/sysgcc/arm-eabi/bin/../lib/gcc/arm-none-eabi/12.2.1/thumb/v7-m/nofp\libg.a(libc_a-lseekr.o)
                              c:/sysgcc/arm-eabi/bin/../lib/gcc/arm-none-eabi/12.2.1/thumb/v7-m/nofp\libg.a(libc_a-stdio.o) (_lseek_r)
c:/sysgcc/arm-eabi/bin/../lib/gcc/arm-none-eabi/12.2.1/thumb/v7-m/nofp\libg.a(libc_a-readr.o)
                              c:/sysgcc/arm-eabi/bin/../lib/gcc/arm-none-eabi/12.2.1/thumb/v7-m/nofp\libg.a(libc_a-stdio.o) (_read_r)
c:/sysgcc/arm-eabi/bin/../lib/gcc/arm-none-eabi/12.2.1/thumb/v7-m/nofp\libg.a(libc_a-writer.o)
                              c:/sysgcc/arm-eabi/bin/../lib/gcc/arm-none-eabi/12.2.1/thumb/v7-m/nofp\libg.a(libc_a-stdio.o) (_write_r)
c:/sysgcc/arm-eabi/bin/../lib/gcc/arm-none-eabi/12.2.1/thumb/v7-m/nofp\libg.a(libc_a-errno.o)
                              CMakeFiles/gps-tracker.dir/C_/Microcontrollers/gps-tracker/common/Core/Src/syscalls.c.obj (__errno)
c:/sysgcc/arm-eabi/bin/../lib/gcc/arm-none-eabi/12.2.1/thumb/v7-m/nofp\libg.a(libc_a-init.o)
                              c:/sysgcc/arm-eabi/bin/../lib/gcc/arm-none-eabi/12.2.1/thumb/v7-m/nofp/crt0.o (__libc_init_array)
c:/sysgcc/arm-eabi/bin/../lib/gcc/arm-none-eabi/12.2.1/thumb/v7-m/nofp\libg.a(libc_a-lock.o)
                              c:/sysgcc/arm-eabi/bin/../lib/gcc/arm-none-eabi/12.2.1/thumb/v7-m/nofp\libg.a(libc_a-findfp.o) (__retarget_lock_init_recursive)
c:/sysgcc/arm-eabi/bin/../lib/gcc/arm-none-eabi/12.2.1/thumb/v7-m/nofp\libg.a(libc_a-strlen-stub.o)
                              CMakeFiles/gps-tracker.dir/src/nmea.c.obj (strlen)
c:/sysgcc/arm-eabi/bin/../lib/gcc/arm-none-eabi/12.2.1/thumb/v7-m/nofp\libg.a(libc_a-__call_atexit.o)
                              c:/sysgcc/arm-eabi/bin/../lib/gcc/arm-none-eabi/12.2.1/thumb/v7-m/nofp\libg.a(libc_a-exit.o) (__call_exitprocs)
c:/sysgcc/arm-eabi/bin/../lib/gcc/arm-none-eabi/12.2.1/thumb/v7-m/nofp\libg.a(libc_a-atexit.o)
                              c:/sysgcc/arm-eabi/bin/../lib/gcc/arm-none-eabi/12.2.1/thumb/v7-m/nofp\libg.a(libc_a-__call_atexit.o) (atexit)
c:/sysgcc/arm-eabi/bin/../lib/gcc/arm-none-eabi/12.2.1/thumb/v7-m/nofp\libg.a(libc_a-freer.o)
                              c:/sysgcc/arm-eabi/bin/../lib/gcc/arm-none-eabi/12.2.1/thumb/v7-m/nofp\libg.a(libc_a-reent.o) (_free_r)
c:/sysgcc/arm-eabi/bin/../lib/gcc/arm-none-eabi/12.2.1/thumb/v7-m/nofp\libg.a(libc_a-mallocr.o)
                              c:/sysgcc/arm-eabi/bin/../lib/gcc/arm-none-eabi/12.2.1/thumb/v7-m/nofp\libg.a(libc_a-findfp.o) (_malloc_r)
c:/sysgcc/arm-eabi/bin/../lib/gcc/arm-none-eabi/12.2.1/thumb/v7-m/nofp\libg.a(libc_a-mlock.o)
                              c:/sysgcc/arm-eabi/bin/../lib/gcc/arm-none-eabi/12.2.1/thumb/v7-m/nofp\libg.a(libc_a-freer.o) (__malloc_lock)
c:/sysgcc/arm-eabi/bin/../lib/gcc/arm-none-eabi/12.2.1/thumb/v7-m/nofp\libg.a(libc_a-fclose.o)
                              c:/sysgcc/arm-eabi/bin/../lib/gcc/arm-none-eabi/12.2.1/thumb/v7-m/nofp\libg.a(libc_a-findfp.o) (_fclose_r)
c:/sysgcc/arm-eabi/bin/../lib/gcc/arm-none-eabi/12.2.1/thumb/v7-m/nofp\libg.a(libc_a-fflush.o)
[...]
Memory Configuration

Name             Origin             Length             Attributes
RAM              0x20000000         0x00002800         xrw
FLASH            0x08000000         0x00008000         xr
*default*        0x00000000         0xffffffff

Linker script and memory map

LOAD c:/sysgcc/arm-eabi/bin/../lib/gcc/arm-none-eabi/12.2.1/thumb/v7-m/nofp/crti.o
LOAD c:/sysgcc/arm-eabi/bin/../lib/gcc/arm-none-eabi/12.2.1/thumb/v7-m/nofp/crtbegin.o
LOAD c:/sysgcc/arm-eabi/bin/../lib/gcc/arm-none-eabi/12.2.1/thumb/v7-m/nofp/crt0.o
LOAD CMakeFiles/BSP.dir/C_/Program_Files_(x86)/Sysprogs/VisualGDB/CMake/embedded/dummy.c.obj
LOAD CMakeFiles/gps-tracker.dir/C_/Microcontrollers/gps-tracker/common/Startup/startup_stm32f103c6tx.s.obj
LOAD CMakeFiles/gps-tracker.dir/C_/Microcontrollers/gps-tracker/common/Core/Src/main.c.obj
LOAD CMakeFiles/gps-tracker.dir/src/nmea.c.obj
LOAD CMakeFiles/gps-tracker.dir/src/button.c.obj
LOAD CMakeFiles/gps-tracker.dir/src/flash.c.obj
LOAD CMakeFiles/gps-tracker.dir/C_/Microcontrollers/gps-tracker/common/Drivers/STM32F1xx_HAL_Driver/Src/stm32f1xx_hal.c.obj
LOAD CMakeFiles/gps-tracker.dir/C_/Microcontrollers/gps-tracker/common/Drivers/STM32F1xx_HAL_Driver/Src/stm32f1xx_hal_cortex.c.obj
LOAD CMakeFiles/gps-tracker.dir/C_/Microcontrollers/gps-tracker/common/Drivers/STM32F1xx_HAL_Driver/Src/stm32f1xx_hal_dma.c.obj
LOAD CMakeFiles/gps-tracker.dir/C_/Microcontrollers/gps-tracker/common/Drivers/STM32F1xx_HAL_Driver/Src/stm32f1xx_hal_exti.c.obj
LOAD CMakeFiles/gps-tracker.dir/C_/Microcontrollers/gps-tracker/common/Drivers/STM32F1xx_HAL_Driver/Src/stm32f1xx_hal_flash.c.obj
LOAD CMakeFiles/gps-tracker.dir/C_/Microcontrollers/gps-tracker/common/Drivers/STM32F1xx_HAL_Driver/Src/stm32f1xx_hal_flash_ex.c.obj
LOAD CMakeFiles/gps-tracker.dir/C_/Microcontrollers/gps-tracker/common/Drivers/STM32F1xx_HAL_Driver/Src/stm32f1xx_hal_gpio.c.obj
LOAD CMakeFiles/gps-tracker.dir/C_/Microcontrollers/gps-tracker/common/Drivers/STM32F1xx_HAL_Driver/Src/stm32f1xx_hal_gpio_ex.c.obj
LOAD CMakeFiles/gps-tracker.dir/C_/Microcontrollers/gps-tracker/common/Drivers/STM32F1xx_HAL_Driver/Src/stm32f1xx_hal_pwr.c.obj
LOAD CMakeFiles/gps-tracker.dir/C_/Microcontrollers/gps-tracker/common/Drivers/STM32F1xx_HAL_Driver/Src/stm32f1xx_hal_rcc.c.obj
LOAD CMakeFiles/gps-tracker.dir/C_/Microcontrollers/gps-tracker/common/Drivers/STM32F1xx_HAL_Driver/Src/stm32f1xx_hal_rcc_ex.c.obj
LOAD CMakeFiles/gps-tracker.dir/C_/Microcontrollers/gps-tracker/common/Drivers/STM32F1xx_HAL_Driver/Src/stm32f1xx_hal_tim.c.obj
LOAD CMakeFiles/gps-tracker.dir/C_/Microcontrollers/gps-tracker/common/Drivers/STM32F1xx_HAL_Driver/Src/stm32f1xx_hal_tim_ex.c.obj
LOAD CMakeFiles/gps-tracker.dir/C_/Microcontrollers/gps-tracker/common/Drivers/STM32F1xx_HAL_Driver/Src/stm32f1xx_hal_uart.c.obj
LOAD CMakeFiles/gps-tracker.dir/C_/Microcontrollers/gps-tracker/common/Core/Src/gpio.c.obj
LOAD CMakeFiles/gps-tracker.dir/C_/Microcontrollers/gps-tracker/common/Core/Src/stm32f1xx_hal_msp.c.obj
LOAD CMakeFiles/gps-tracker.dir/C_/Microcontrollers/gps-tracker/common/Core/Src/stm32f1xx_it.c.obj
LOAD CMakeFiles/gps-tracker.dir/C_/Microcontrollers/gps-tracker/common/Core/Src/syscalls.c.obj
LOAD CMakeFiles/gps-tracker.dir/C_/Microcontrollers/gps-tracker/common/Core/Src/sysmem.c.obj
LOAD CMakeFiles/gps-tracker.dir/C_/Microcontrollers/gps-tracker/common/Core/Src/system_stm32f1xx.c.obj
LOAD CMakeFiles/gps-tracker.dir/C_/Microcontrollers/gps-tracker/common/Core/Src/tim.c.obj
LOAD CMakeFiles/gps-tracker.dir/C_/Microcontrollers/gps-tracker/common/Core/Src/usart.c.obj
START GROUP
LOAD c:/sysgcc/arm-eabi/bin/../lib/gcc/arm-none-eabi/12.2.1/thumb/v7-m/nofp\libgcc.a
LOAD c:/sysgcc/arm-eabi/bin/../lib/gcc/arm-none-eabi/12.2.1/thumb/v7-m/nofp\libg.a
LOAD c:/sysgcc/arm-eabi/bin/../lib/gcc/arm-none-eabi/12.2.1/thumb/v7-m/nofp\libc.a
END GROUP
LOAD c:/sysgcc/arm-eabi/bin/../lib/gcc/arm-none-eabi/12.2.1/thumb/v7-m/nofp/crtend.o
LOAD c:/sysgcc/arm-eabi/bin/../lib/gcc/arm-none-eabi/12.2.1/thumb/v7-m/nofp/crtn.o
                0x20002800                        _estack = (ORIGIN (RAM) + LENGTH (RAM))
                0x00000200                        _Min_Heap_Size = 0x200
                0x00000400                        _Min_Stack_Size = 0x400

.isr_vector     0x08000000      0x10c
                0x08000000                        . = ALIGN (0x4)
 *(.isr_vector)
 .isr_vector    0x08000000      0x10c CMakeFiles/gps-tracker.dir/C_/Microcontrollers/gps-tracker/common/Startup/startup_stm32f103c6tx.s.obj
                0x08000000                g_pfnVectors
                0x0800010c                        . = ALIGN (0x4)

.text           0x0800010c     0x2fd0
                0x0800010c                        . = ALIGN (0x4)
 *(.text)
 *(.text*)
 .text.deregister_tm_clones
                0x0800010c       0x1c c:/sysgcc/arm-eabi/bin/../lib/gcc/arm-none-eabi/12.2.1/thumb/v7-m/nofp/crtbegin.o
 .text.register_tm_clones
                0x08000128       0x24 c:/sysgcc/arm-eabi/bin/../lib/gcc/arm-none-eabi/12.2.1/thumb/v7-m/nofp/crtbegin.o
 .text.__do_global_dtors_aux
                0x0800014c       0x28 c:/sysgcc/arm-eabi/bin/../lib/gcc/arm-none-eabi/12.2.1/thumb/v7-m/nofp/crtbegin.o
 .text.frame_dummy
                0x08000174       0x24 c:/sysgcc/arm-eabi/bin/../lib/gcc/arm-none-eabi/12.2.1/thumb/v7-m/nofp/crtbegin.o
 .text.Reset_Handler
                0x08000198       0x48 CMakeFiles/gps-tracker.dir/C_/Microcontrollers/gps-tracker/common/Startup/startup_stm32f103c6tx.s.obj
                0x08000198                Reset_Handler
 .text.Default_Handler
                0x080001e0        0x2 CMakeFiles/gps-tracker.dir/C_/Microcontrollers/gps-tracker/common/Startup/startup_stm32f103c6tx.s.obj
                0x080001e0                RTC_Alarm_IRQHandler
                0x080001e0                EXTI2_IRQHandler
                0x080001e0                TIM1_CC_IRQHandler
                0x080001e0                PVD_IRQHandler
                0x080001e0                EXTI3_IRQHandler
                0x080001e0                EXTI0_IRQHandler
                0x080001e0                ADC1_2_IRQHandler
                0x080001e0                SPI1_IRQHandler
                0x080001e0                TAMPER_IRQHandler
                0x080001e0                DMA1_Channel4_IRQHandler
                0x080001e0                RTC_IRQHandler
                0x080001e0                DMA1_Channel7_IRQHandler
                0x080001e0                CAN1_RX1_IRQHandler
                0x080001e0                I2C1_EV_IRQHandler
                0x080001e0                DMA1_Channel6_IRQHandler
                0x080001e0                TIM3_IRQHandler
                0x080001e0                RCC_IRQHandler
                0x080001e0                TIM1_TRG_COM_IRQHandler
                0x080001e0                DMA1_Channel1_IRQHandler
                0x080001e0                Default_Handler
                0x080001e0                DMA1_Channel5_IRQHandler
                0x080001e0                EXTI4_IRQHandler
                0x080001e0                USB_LP_CAN1_RX0_IRQHandler
                0x080001e0                USB_HP_CAN1_TX_IRQHandler
                0x080001e0                DMA1_Channel3_IRQHandler
                0x080001e0                TIM1_UP_IRQHandler
                0x080001e0                WWDG_IRQHandler
                0x080001e0                TIM2_IRQHandler
                0x080001e0                TIM1_BRK_IRQHandler
                0x080001e0                EXTI1_IRQHandler
                0x080001e0                USART2_IRQHandler
                0x080001e0                DMA1_Channel2_IRQHandler
                0x080001e0                CAN1_SCE_IRQHandler
                0x080001e0                FLASH_IRQHandler
                0x080001e0                I2C1_ER_IRQHandler
                0x080001e0                USBWakeUp_IRQHandler
 *fill*         0x080001e2        0x2 
 .text.HAL_UART_IDLE_Callback
                0x080001e4       0x68 CMakeFiles/gps-tracker.dir/C_/Microcontrollers/gps-tracker/common/Core/Src/main.c.obj
                0x080001e4                HAL_UART_IDLE_Callback
 .text.HAL_UART_RxCpltCallback
                0x0800024c       0x68 CMakeFiles/gps-tracker.dir/C_/Microcontrollers/gps-tracker/common/Core/Src/main.c.obj
                0x0800024c                HAL_UART_RxCpltCallback
 .text.HAL_GPIO_EXTI_Callback
                0x080002b4       0x84 CMakeFiles/gps-tracker.dir/C_/Microcontrollers/gps-tracker/common/Core/Src/main.c.obj
                0x080002b4                HAL_GPIO_EXTI_Callback
 .text.main     0x08000338       0x4c CMakeFiles/gps-tracker.dir/C_/Microcontrollers/gps-tracker/common/Core/Src/main.c.obj
                0x08000338                main
 .text.SystemClock_Config
                0x08000384       0x78 CMakeFiles/gps-tracker.dir/C_/Microcontrollers/gps-tracker/common/Core/Src/main.c.obj
                0x08000384                SystemClock_Config
 .text.Error_Handler
                0x080003fc        0xa CMakeFiles/gps-tracker.dir/C_/Microcontrollers/gps-tracker/common/Core/Src/main.c.obj
                0x080003fc                Error_Handler
 *fill*         0x08000406        0x2 
 .text.nmea_handler
                0x08000408      0x1a4 CMakeFiles/gps-tracker.dir/src/nmea.c.obj
                0x08000408                nmea_handler
 .text.set_date
                0x080005ac       0x40 CMakeFiles/gps-tracker.dir/src/nmea.c.obj
                0x080005ac                set_date
 .text.set_time
                0x080005ec       0x6c CMakeFiles/gps-tracker.dir/src/nmea.c.obj
                0x080005ec                set_time
 .text.set_coordinates
                0x08000658      0x150 CMakeFiles/gps-tracker.dir/src/nmea.c.obj
                0x08000658                set_coordinates
 .text.make_buf
                0x080007a8       0xa4 CMakeFiles/gps-tracker.dir/src/nmea.c.obj
                0x080007a8                make_buf
 .text.Read_Button_Time_Push
                0x0800084c       0x74 CMakeFiles/gps-tracker.dir/src/button.c.obj
                0x0800084c                Read_Button_Time_Push
 .text.HAL_Init
                0x080008c0       0x2c CMakeFiles/gps-tracker.dir/C_/Microcontrollers/gps-tracker/common/Drivers/STM32F1xx_HAL_Driver/Src/stm32f1xx_hal.c.obj
                0x080008c0                HAL_Init
 .text.HAL_InitTick
                0x080008ec       0x60 CMakeFiles/gps-tracker.dir/C_/Microcontrollers/gps-tracker/common/Drivers/STM32F1xx_HAL_Driver/Src/stm32f1xx_hal.c.obj
                0x080008ec                HAL_InitTick
 .text.HAL_IncTick
                0x0800094c       0x24 CMakeFiles/gps-tracker.dir/C_/Microcontrollers/gps-tracker/common/Drivers/STM32F1xx_HAL_Driver/Src/stm32f1xx_hal.c.obj
                0x0800094c                HAL_IncTick
 .text.HAL_GetTick
                0x08000970       0x14 CMakeFiles/gps-tracker.dir/C_/Microcontrollers/gps-tracker/common/Drivers/STM32F1xx_HAL_Driver/Src/stm32f1xx_hal.c.obj
                0x08000970                HAL_GetTick
 .text.__NVIC_SetPriorityGrouping
                0x08000984       0x48 CMakeFiles/gps-tracker.dir/C_/Microcontrollers/gps-tracker/common/Drivers/STM32F1xx_HAL_Driver/Src/stm32f1xx_hal_cortex.c.obj
 .text.__NVIC_GetPriorityGrouping
                0x080009cc       0x1c CMakeFiles/gps-tracker.dir/C_/Microcontrollers/gps-tracker/common/Drivers/STM32F1xx_HAL_Driver/Src/stm32f1xx_hal_cortex.c.obj
 .text.__NVIC_EnableIRQ
                0x080009e8       0x38 CMakeFiles/gps-tracker.dir/C_/Microcontrollers/gps-tracker/common/Drivers/STM32F1xx_HAL_Driver/Src/stm32f1xx_hal_cortex.c.obj
 .text.__NVIC_SetPriority
                0x08000a20       0x54 CMakeFiles/gps-tracker.dir/C_/Microcontrollers/gps-tracker/common/Drivers/STM32F1xx_HAL_Driver/Src/stm32f1xx_hal_cortex.c.obj
 .text.NVIC_EncodePriority
                0x08000a74       0x64 CMakeFiles/gps-tracker.dir/C_/Microcontrollers/gps-tracker/common/Drivers/STM32F1xx_HAL_Driver/Src/stm32f1xx_hal_cortex.c.obj
 .text.SysTick_Config
                0x08000ad8       0x44 CMakeFiles/gps-tracker.dir/C_/Microcontrollers/gps-tracker/common/Drivers/STM32F1xx_HAL_Driver/Src/stm32f1xx_hal_cortex.c.obj
 .text.HAL_NVIC_SetPriorityGrouping
                0x08000b1c       0x16 CMakeFiles/gps-tracker.dir/C_/Microcontrollers/gps-tracker/common/Drivers/STM32F1xx_HAL_Driver/Src/stm32f1xx_hal_cortex.c.obj
                0x08000b1c                HAL_NVIC_SetPriorityGrouping
 .text.HAL_NVIC_SetPriority
                0x08000b32       0x38 CMakeFiles/gps-tracker.dir/C_/Microcontrollers/gps-tracker/common/Drivers/STM32F1xx_HAL_Driver/Src/stm32f1xx_hal_cortex.c.obj
                0x08000b32                HAL_NVIC_SetPriority
 .text.HAL_NVIC_EnableIRQ
                0x08000b6a       0x1c CMakeFiles/gps-tracker.dir/C_/Microcontrollers/gps-tracker/common/Drivers/STM32F1xx_HAL_Driver/Src/stm32f1xx_hal_cortex.c.obj
                0x08000b6a                HAL_NVIC_EnableIRQ
 .text.HAL_SYSTICK_Config
                0x08000b86       0x18 CMakeFiles/gps-tracker.dir/C_/Microcontrollers/gps-tracker/common/Drivers/STM32F1xx_HAL_Driver/Src/stm32f1xx_hal_cortex.c.obj
                0x08000b86                HAL_SYSTICK_Config
 .text.HAL_DMA_Abort
                0x08000b9e       0x76 CMakeFiles/gps-tracker.dir/C_/Microcontrollers/gps-tracker/common/Drivers/STM32F1xx_HAL_Driver/Src/stm32f1xx_hal_dma.c.obj
                0x08000b9e                HAL_DMA_Abort
 .text.HAL_DMA_Abort_IT
                0x08000c14       0xf0 CMakeFiles/gps-tracker.dir/C_/Microcontrollers/gps-tracker/common/Drivers/STM32F1xx_HAL_Driver/Src/stm32f1xx_hal_dma.c.obj
                0x08000c14                HAL_DMA_Abort_IT
 .text.HAL_GPIO_Init
                0x08000d04      0x2f8 CMakeFiles/gps-tracker.dir/C_/Microcontrollers/gps-tracker/common/Drivers/STM32F1xx_HAL_Driver/Src/stm32f1xx_hal_gpio.c.obj
                0x08000d04                HAL_GPIO_Init
 .text.HAL_GPIO_ReadPin
                0x08000ffc       0x2e CMakeFiles/gps-tracker.dir/C_/Microcontrollers/gps-tracker/common/Drivers/STM32F1xx_HAL_Driver/Src/stm32f1xx_hal_gpio.c.obj
                0x08000ffc                HAL_GPIO_ReadPin
 .text.HAL_GPIO_WritePin
                0x0800102a       0x30 CMakeFiles/gps-tracker.dir/C_/Microcontrollers/gps-tracker/common/Drivers/STM32F1xx_HAL_Driver/Src/stm32f1xx_hal_gpio.c.obj
                0x0800102a                HAL_GPIO_WritePin
 *fill*         0x0800105a        0x2 
 .text.HAL_GPIO_EXTI_IRQHandler
                0x0800105c       0x30 CMakeFiles/gps-tracker.dir/C_/Microcontrollers/gps-tracker/common/Drivers/STM32F1xx_HAL_Driver/Src/stm32f1xx_hal_gpio.c.obj
                0x0800105c                HAL_GPIO_EXTI_IRQHandler
 .text.HAL_RCC_OscConfig
                0x0800108c      0x504 CMakeFiles/gps-tracker.dir/C_/Microcontrollers/gps-tracker/common/Drivers/STM32F1xx_HAL_Driver/Src/stm32f1xx_hal_rcc.c.obj
                0x0800108c                HAL_RCC_OscConfig
 .text.HAL_RCC_ClockConfig
                0x08001590      0x1d4 CMakeFiles/gps-tracker.dir/C_/Microcontrollers/gps-tracker/common/Drivers/STM32F1xx_HAL_Driver/Src/stm32f1xx_hal_rcc.c.obj
                0x08001590                HAL_RCC_ClockConfig
 .text.HAL_RCC_GetSysClockFreq
                0x08001764       0xa8 CMakeFiles/gps-tracker.dir/C_/Microcontrollers/gps-tracker/common/Drivers/STM32F1xx_HAL_Driver/Src/stm32f1xx_hal_rcc.c.obj
                0x08001764                HAL_RCC_GetSysClockFreq
 .text.HAL_RCC_GetHCLKFreq
                0x0800180c       0x14 CMakeFiles/gps-tracker.dir/C_/Microcontrollers/gps-tracker/common/Drivers/STM32F1xx_HAL_Driver/Src/stm32f1xx_hal_rcc.c.obj
                0x0800180c                HAL_RCC_GetHCLKFreq
 .text.HAL_RCC_GetPCLK1Freq
                0x08001820       0x28 CMakeFiles/gps-tracker.dir/C_/Microcontrollers/gps-tracker/common/Drivers/STM32F1xx_HAL_Driver/Src/stm32f1xx_hal_rcc.c.obj
                0x08001820                HAL_RCC_GetPCLK1Freq
 .text.HAL_RCC_GetPCLK2Freq
                0x08001848       0x28 CMakeFiles/gps-tracker.dir/C_/Microcontrollers/gps-tracker/common/Drivers/STM32F1xx_HAL_Driver/Src/stm32f1xx_hal_rcc.c.obj
                0x08001848                HAL_RCC_GetPCLK2Freq
 .text.RCC_Delay
                0x08001870       0x3c CMakeFiles/gps-tracker.dir/C_/Microcontrollers/gps-tracker/common/Drivers/STM32F1xx_HAL_Driver/Src/stm32f1xx_hal_rcc.c.obj
 .text.HAL_TIM_Base_Init
                0x080018ac       0x9e CMakeFiles/gps-tracker.dir/C_/Microcontrollers/gps-tracker/common/Drivers/STM32F1xx_HAL_Driver/Src/stm32f1xx_hal_tim.c.obj
                0x080018ac                HAL_TIM_Base_Init
 .text.HAL_TIM_ConfigClockSource
                0x0800194a      0x18e CMakeFiles/gps-tracker.dir/C_/Microcontrollers/gps-tracker/common/Drivers/STM32F1xx_HAL_Driver/Src/stm32f1xx_hal_tim.c.obj
                0x0800194a                HAL_TIM_ConfigClockSource
 .text.TIM_Base_SetConfig
                0x08001ad8       0xb0 CMakeFiles/gps-tracker.dir/C_/Microcontrollers/gps-tracker/common/Drivers/STM32F1xx_HAL_Driver/Src/stm32f1xx_hal_tim.c.obj
                0x08001ad8                TIM_Base_SetConfig
 .text.TIM_TI1_ConfigInputStage
                0x08001b88       0x5c CMakeFiles/gps-tracker.dir/C_/Microcontrollers/gps-tracker/common/Drivers/STM32F1xx_HAL_Driver/Src/stm32f1xx_hal_tim.c.obj
 .text.TIM_TI2_ConfigInputStage
                0x08001be4       0x5e CMakeFiles/gps-tracker.dir/C_/Microcontrollers/gps-tracker/common/Drivers/STM32F1xx_HAL_Driver/Src/stm32f1xx_hal_tim.c.obj
 .text.TIM_ITRx_SetConfig
                0x08001c42       0x34 CMakeFiles/gps-tracker.dir/C_/Microcontrollers/gps-tracker/common/Drivers/STM32F1xx_HAL_Driver/Src/stm32f1xx_hal_tim.c.obj
 .text.TIM_ETR_SetConfig
                0x08001c76       0x3e CMakeFiles/gps-tracker.dir/C_/Microcontrollers/gps-tracker/common/Drivers/STM32F1xx_HAL_Driver/Src/stm32f1xx_hal_tim.c.obj
                0x08001c76                TIM_ETR_SetConfig
 .text.HAL_TIMEx_MasterConfigSynchronization
                0x08001cb4       0xb0 CMakeFiles/gps-tracker.dir/C_/Microcontrollers/gps-tracker/common/Drivers/STM32F1xx_HAL_Driver/Src/stm32f1xx_hal_tim_ex.c.obj
                0x08001cb4                HAL_TIMEx_MasterConfigSynchronization
 .text.HAL_UART_Init
                0x08001d64       0xa0 CMakeFiles/gps-tracker.dir/C_/Microcontrollers/gps-tracker/common/Drivers/STM32F1xx_HAL_Driver/Src/stm32f1xx_hal_uart.c.obj
                0x08001d64                HAL_UART_Init
 .text.HAL_UART_Receive_IT
                0x08001e04       0x4a CMakeFiles/gps-tracker.dir/C_/Microcontrollers/gps-tracker/common/Drivers/STM32F1xx_HAL_Driver/Src/stm32f1xx_hal_uart.c.obj
                0x08001e04                HAL_UART_Receive_IT
 *fill*         0x08001e4e        0x2 
 .text.HAL_UART_AbortReceive_IT
                0x08001e50      0x164 CMakeFiles/gps-tracker.dir/C_/Microcontrollers/gps-tracker/common/Drivers/STM32F1xx_HAL_Driver/Src/stm32f1xx_hal_uart.c.obj
                0x08001e50                HAL_UART_AbortReceive_IT
 .text.HAL_UART_IRQHandler
                0x08001fb4      0x544 CMakeFiles/gps-tracker.dir/C_/Microcontrollers/gps-tracker/common/Drivers/STM32F1xx_HAL_Driver/Src/stm32f1xx_hal_uart.c.obj
                0x08001fb4                HAL_UART_IRQHandler
 .text.HAL_UART_TxCpltCallback
                0x080024f8       0x12 CMakeFiles/gps-tracker.dir/C_/Microcontrollers/gps-tracker/common/Drivers/STM32F1xx_HAL_Driver/Src/stm32f1xx_hal_uart.c.obj
                0x080024f8                HAL_UART_TxCpltCallback
 .text.HAL_UART_ErrorCallback
                0x0800250a       0x12 CMakeFiles/gps-tracker.dir/C_/Microcontrollers/gps-tracker/common/Drivers/STM32F1xx_HAL_Driver/Src/stm32f1xx_hal_uart.c.obj
                0x0800250a                HAL_UART_ErrorCallback
 .text.HAL_UART_AbortReceiveCpltCallback
                0x0800251c       0x12 CMakeFiles/gps-tracker.dir/C_/Microcontrollers/gps-tracker/common/Drivers/STM32F1xx_HAL_Driver/Src/stm32f1xx_hal_uart.c.obj
                0x0800251c                HAL_UART_AbortReceiveCpltCallback
 .text.HAL_UARTEx_RxEventCallback
                0x0800252e       0x16 CMakeFiles/gps-tracker.dir/C_/Microcontrollers/gps-tracker/common/Drivers/STM32F1xx_HAL_Driver/Src/stm32f1xx_hal_uart.c.obj
                0x0800252e                HAL_UARTEx_RxEventCallback
 .text.UART_Start_Receive_IT
                0x08002544       0x72 CMakeFiles/gps-tracker.dir/C_/Microcontrollers/gps-tracker/common/Drivers/STM32F1xx_HAL_Driver/Src/stm32f1xx_hal_uart.c.obj
                0x08002544                UART_Start_Receive_IT
 .text.UART_EndRxTransfer
                0x080025b6       0xc4 CMakeFiles/gps-tracker.dir/C_/Microcontrollers/gps-tracker/common/Drivers/STM32F1xx_HAL_Driver/Src/stm32f1xx_hal_uart.c.obj
 .text.UART_DMAAbortOnError
                0x0800267a       0x28 CMakeFiles/gps-tracker.dir/C_/Microcontrollers/gps-tracker/common/Drivers/STM32F1xx_HAL_Driver/Src/stm32f1xx_hal_uart.c.obj
 .text.UART_DMARxOnlyAbortCallback
                0x080026a2       0x30 CMakeFiles/gps-tracker.dir/C_/Microcontrollers/gps-tracker/common/Drivers/STM32F1xx_HAL_Driver/Src/stm32f1xx_hal_uart.c.obj
 .text.UART_Transmit_IT
                0x080026d2       0x9e CMakeFiles/gps-tracker.dir/C_/Microcontrollers/gps-tracker/common/Drivers/STM32F1xx_HAL_Driver/Src/stm32f1xx_hal_uart.c.obj
 .text.UART_EndTransmit_IT
                0x08002770       0x30 CMakeFiles/gps-tracker.dir/C_/Microcontrollers/gps-tracker/common/Drivers/STM32F1xx_HAL_Driver/Src/stm32f1xx_hal_uart.c.obj
 .text.UART_Receive_IT
                0x080027a0      0x17c CMakeFiles/gps-tracker.dir/C_/Microcontrollers/gps-tracker/common/Drivers/STM32F1xx_HAL_Driver/Src/stm32f1xx_hal_uart.c.obj
 .text.UART_SetConfig
                0x0800291c      0x11c CMakeFiles/gps-tracker.dir/C_/Microcontrollers/gps-tracker/common/Drivers/STM32F1xx_HAL_Driver/Src/stm32f1xx_hal_uart.c.obj
 .text.MX_GPIO_Init
                0x08002a38       0xc0 CMakeFiles/gps-tracker.dir/C_/Microcontrollers/gps-tracker/common/Core/Src/gpio.c.obj
                0x08002a38                MX_GPIO_Init
 .text.HAL_MspInit
                0x08002af8       0x64 CMakeFiles/gps-tracker.dir/C_/Microcontrollers/gps-tracker/common/Core/Src/stm32f1xx_hal_msp.c.obj
                0x08002af8                HAL_MspInit
 .text.NMI_Handler
                0x08002b5c        0x6 CMakeFiles/gps-tracker.dir/C_/Microcontrollers/gps-tracker/common/Core/Src/stm32f1xx_it.c.obj
                0x08002b5c                NMI_Handler
 .text.HardFault_Handler
                0x08002b62        0x6 CMakeFiles/gps-tracker.dir/C_/Microcontrollers/gps-tracker/common/Core/Src/stm32f1xx_it.c.obj
                0x08002b62                HardFault_Handler
 .text.MemManage_Handler
                0x08002b68        0x6 CMakeFiles/gps-tracker.dir/C_/Microcontrollers/gps-tracker/common/Core/Src/stm32f1xx_it.c.obj
                0x08002b68                MemManage_Handler
 .text.BusFault_Handler
                0x08002b6e        0x6 CMakeFiles/gps-tracker.dir/C_/Microcontrollers/gps-tracker/common/Core/Src/stm32f1xx_it.c.obj
                0x08002b6e                BusFault_Handler
 .text.UsageFault_Handler
                0x08002b74        0x6 CMakeFiles/gps-tracker.dir/C_/Microcontrollers/gps-tracker/common/Core/Src/stm32f1xx_it.c.obj
                0x08002b74                UsageFault_Handler
 .text.SVC_Handler
                0x08002b7a        0xc CMakeFiles/gps-tracker.dir/C_/Microcontrollers/gps-tracker/common/Core/Src/stm32f1xx_it.c.obj
                0x08002b7a                SVC_Handler
 .text.DebugMon_Handler
                0x08002b86        0xc CMakeFiles/gps-tracker.dir/C_/Microcontrollers/gps-tracker/common/Core/Src/stm32f1xx_it.c.obj
                0x08002b86                DebugMon_Handler
 .text.PendSV_Handler
                0x08002b92        0xc CMakeFiles/gps-tracker.dir/C_/Microcontrollers/gps-tracker/common/Core/Src/stm32f1xx_it.c.obj
                0x08002b92                PendSV_Handler
 .text.SysTick_Handler
                0x08002b9e        0xc CMakeFiles/gps-tracker.dir/C_/Microcontrollers/gps-tracker/common/Core/Src/stm32f1xx_it.c.obj
                0x08002b9e                SysTick_Handler
 .text.EXTI9_5_IRQHandler
                0x08002baa       0x10 CMakeFiles/gps-tracker.dir/C_/Microcontrollers/gps-tracker/common/Core/Src/stm32f1xx_it.c.obj
                0x08002baa                EXTI9_5_IRQHandler
 *fill*         0x08002bba        0x2 
 .text.USART1_IRQHandler
                0x08002bbc       0x14 CMakeFiles/gps-tracker.dir/C_/Microcontrollers/gps-tracker/common/Core/Src/stm32f1xx_it.c.obj
                0x08002bbc                USART1_IRQHandler
 .text.EXTI15_10_IRQHandler
                0x08002bd0       0x18 CMakeFiles/gps-tracker.dir/C_/Microcontrollers/gps-tracker/common/Core/Src/stm32f1xx_it.c.obj
                0x08002bd0                EXTI15_10_IRQHandler
 .text.SystemInit
                0x08002be8        0xc CMakeFiles/gps-tracker.dir/C_/Microcontrollers/gps-tracker/common/Core/Src/system_stm32f1xx.c.obj
                0x08002be8                SystemInit
 .text.MX_TIM2_Init
                0x08002bf4       0x9c CMakeFiles/gps-tracker.dir/C_/Microcontrollers/gps-tracker/common/Core/Src/tim.c.obj
                0x08002bf4                MX_TIM2_Init
 .text.HAL_TIM_Base_MspInit
                0x08002c90       0x38 CMakeFiles/gps-tracker.dir/C_/Microcontrollers/gps-tracker/common/Core/Src/tim.c.obj
                0x08002c90                HAL_TIM_Base_MspInit
 .text.MX_USART1_UART_Init
                0x08002cc8       0x54 CMakeFiles/gps-tracker.dir/C_/Microcontrollers/gps-tracker/common/Core/Src/usart.c.obj
                0x08002cc8                MX_USART1_UART_Init
 .text.MX_USART2_UART_Init
                0x08002d1c       0x54 CMakeFiles/gps-tracker.dir/C_/Microcontrollers/gps-tracker/common/Core/Src/usart.c.obj
                0x08002d1c                MX_USART2_UART_Init
 .text.HAL_UART_MspInit
                0x08002d70      0x138 CMakeFiles/gps-tracker.dir/C_/Microcontrollers/gps-tracker/common/Core/Src/usart.c.obj
                0x08002d70                HAL_UART_MspInit
 .text.memset   0x08002ea8       0xa0 c:/sysgcc/arm-eabi/bin/../lib/gcc/arm-none-eabi/12.2.1/thumb/v7-m/nofp\libg.a(libc_a-memset.o)
                0x08002ea8                memset
 .text.__libc_init_array
                0x08002f48       0x50 c:/sysgcc/arm-eabi/bin/../lib/gcc/arm-none-eabi/12.2.1/thumb/v7-m/nofp\libg.a(libc_a-init.o)
                0x08002f48                __libc_init_array
 .text.__retarget_lock_acquire_recursive
                0x08002f98        0x4 c:/sysgcc/arm-eabi/bin/../lib/gcc/arm-none-eabi/12.2.1/thumb/v7-m/nofp\libg.a(libc_a-lock.o)
                0x08002f98                __retarget_lock_acquire_recursive
 .text.__retarget_lock_release_recursive
                0x08002f9c        0x4 c:/sysgcc/arm-eabi/bin/../lib/gcc/arm-none-eabi/12.2.1/thumb/v7-m/nofp\libg.a(libc_a-lock.o)
                0x08002f9c                __retarget_lock_release_recursive
 .text.strlen   0x08002fa0       0x5c c:/sysgcc/arm-eabi/bin/../lib/gcc/arm-none-eabi/12.2.1/thumb/v7-m/nofp\libg.a(libc_a-strlen-stub.o)
                0x08002fa0                strlen
 .text.startup.register_fini
                0x08002ffc       0x14 c:/sysgcc/arm-eabi/bin/../lib/gcc/arm-none-eabi/12.2.1/thumb/v7-m/nofp\libg.a(libc_a-__call_atexit.o)
 .text.atexit   0x08003010        0xc c:/sysgcc/arm-eabi/bin/../lib/gcc/arm-none-eabi/12.2.1/thumb/v7-m/nofp\libg.a(libc_a-atexit.o)
                0x08003010                atexit
 .text.__libc_fini_array
                0x0800301c       0x28 c:/sysgcc/arm-eabi/bin/../lib/gcc/arm-none-eabi/12.2.1/thumb/v7-m/nofp\libg.a(libc_a-fini.o)
                0x0800301c                __libc_fini_array
 .text.__register_exitproc
                0x08003044       0x80 c:/sysgcc/arm-eabi/bin/../lib/gcc/arm-none-eabi/12.2.1/thumb/v7-m/nofp\libg.a(libc_a-__atexit.o)
                0x08003044                __register_exitproc
 *(.glue_7)
 .glue_7        0x080030c4        0x0 linker stubs
 *(.glue_7t)
 .glue_7t       0x080030c4        0x0 linker stubs
 *(.eh_frame)
 .eh_frame      0x080030c4        0x0 c:/sysgcc/arm-eabi/bin/../lib/gcc/arm-none-eabi/12.2.1/thumb/v7-m/nofp/crtbegin.o
 *(.init)
 .init          0x080030c4        0x4 c:/sysgcc/arm-eabi/bin/../lib/gcc/arm-none-eabi/12.2.1/thumb/v7-m/nofp/crti.o
                0x080030c4                _init
 .init          0x080030c8        0x8 c:/sysgcc/arm-eabi/bin/../lib/gcc/arm-none-eabi/12.2.1/thumb/v7-m/nofp/crtn.o
 *(.fini)
 .fini          0x080030d0        0x4 c:/sysgcc/arm-eabi/bin/../lib/gcc/arm-none-eabi/12.2.1/thumb/v7-m/nofp/crti.o
                0x080030d0                _fini
 .fini          0x080030d4        0x8 c:/sysgcc/arm-eabi/bin/../lib/gcc/arm-none-eabi/12.2.1/thumb/v7-m/nofp/crtn.o
                0x080030dc                        . = ALIGN (0x4)
                0x080030dc                        _etext = .

.vfp11_veneer   0x080030dc        0x0
 .vfp11_veneer  0x080030dc        0x0 linker stubs

.v4_bx          0x080030dc        0x0
 .v4_bx         0x080030dc        0x0 linker stubs

.iplt           0x080030dc        0x0
 .iplt          0x080030dc        0x0 c:/sysgcc/arm-eabi/bin/../lib/gcc/arm-none-eabi/12.2.1/thumb/v7-m/nofp/crtbegin.o

.rodata         0x080030dc       0x2c
                0x080030dc                        . = ALIGN (0x4)
 *(.rodata)
 *(.rodata*)
 .rodata.aPLLMULFactorTable.1
                0x080030dc       0x10 CMakeFiles/gps-tracker.dir/C_/Microcontrollers/gps-tracker/common/Drivers/STM32F1xx_HAL_Driver/Src/stm32f1xx_hal_rcc.c.obj
 .rodata.aPredivFactorTable.0
                0x080030ec        0x2 CMakeFiles/gps-tracker.dir/C_/Microcontrollers/gps-tracker/common/Drivers/STM32F1xx_HAL_Driver/Src/stm32f1xx_hal_rcc.c.obj
 *fill*         0x080030ee        0x2 
 .rodata.AHBPrescTable
                0x080030f0       0x10 CMakeFiles/gps-tracker.dir/C_/Microcontrollers/gps-tracker/common/Core/Src/system_stm32f1xx.c.obj
                0x080030f0                AHBPrescTable
 .rodata.APBPrescTable
                0x08003100        0x8 CMakeFiles/gps-tracker.dir/C_/Microcontrollers/gps-tracker/common/Core/Src/system_stm32f1xx.c.obj
                0x08003100                APBPrescTable
                0x08003108                        . = ALIGN (0x4)

.rel.dyn        0x08003108        0x0
 .rel.iplt      0x08003108        0x0 c:/sysgcc/arm-eabi/bin/../lib/gcc/arm-none-eabi/12.2.1/thumb/v7-m/nofp/crtbegin.o

.ARM.extab      0x08003108        0x0
                0x08003108                        . = ALIGN (0x4)
 *(.ARM.extab* .gnu.linkonce.armextab.*)
                0x08003108                        . = ALIGN (0x4)

.ARM            0x08003108        0x0
                0x08003108                        . = ALIGN (0x4)
                0x08003108                        __exidx_start = .
 *(.ARM.exidx*)
                0x08003108                        __exidx_end = .
                0x08003108                        . = ALIGN (0x4)

.preinit_array  0x08003108        0x0
                0x08003108                        . = ALIGN (0x4)
                0x08003108                        PROVIDE (__preinit_array_start = .)
 *(.preinit_array*)
                0x08003108                        PROVIDE (__preinit_array_end = .)
                0x08003108                        . = ALIGN (0x4)

.init_array     0x08003108        0x8
                0x08003108                        . = ALIGN (0x4)
                0x08003108                        PROVIDE (__init_array_start = .)
 *(SORT_BY_NAME(.init_array.*))
 .init_array.00000
                0x08003108        0x4 c:/sysgcc/arm-eabi/bin/../lib/gcc/arm-none-eabi/12.2.1/thumb/v7-m/nofp\libg.a(libc_a-__call_atexit.o)
 *(.init_array*)
 .init_array    0x0800310c        0x4 c:/sysgcc/arm-eabi/bin/../lib/gcc/arm-none-eabi/12.2.1/thumb/v7-m/nofp/crtbegin.o
                0x08003110                        PROVIDE (__init_array_end = .)
                0x08003110                        . = ALIGN (0x4)

.fini_array     0x08003110        0x4
                0x08003110                        . = ALIGN (0x4)
                0x08003110                        PROVIDE (__fini_array_start = .)
 *(SORT_BY_NAME(.fini_array.*))
 *(.fini_array*)
 .fini_array    0x08003110        0x4 c:/sysgcc/arm-eabi/bin/../lib/gcc/arm-none-eabi/12.2.1/thumb/v7-m/nofp/crtbegin.o
                0x08003114                        PROVIDE (__fini_array_end = .)
                0x08003114                        . = ALIGN (0x4)
                0x08003114                        _sidata = LOADADDR (.data)

.data           0x20000000       0x18 load address 0x08003114
                0x20000000                        . = ALIGN (0x4)
                0x20000000                        _sdata = .
 *(.data)
 *(.data*)
 .data.string   0x20000000        0x3 CMakeFiles/gps-tracker.dir/src/nmea.c.obj
 *fill*         0x20000003        0x1 
 .data.ind_t    0x20000004        0x4 CMakeFiles/gps-tracker.dir/src/nmea.c.obj
                0x20000004                ind_t
 .data.uwTickPrio
                0x20000008        0x4 CMakeFiles/gps-tracker.dir/C_/Microcontrollers/gps-tracker/common/Drivers/STM32F1xx_HAL_Driver/Src/stm32f1xx_hal.c.obj
                0x20000008                uwTickPrio
 .data.uwTickFreq
                0x2000000c        0x1 CMakeFiles/gps-tracker.dir/C_/Microcontrollers/gps-tracker/common/Drivers/STM32F1xx_HAL_Driver/Src/stm32f1xx_hal.c.obj
                0x2000000c                uwTickFreq
 *fill*         0x2000000d        0x3 
 .data.SystemCoreClock
                0x20000010        0x4 CMakeFiles/gps-tracker.dir/C_/Microcontrollers/gps-tracker/common/Core/Src/system_stm32f1xx.c.obj
                0x20000010                SystemCoreClock
 .data.__atexit_recursive_mutex
                0x20000014        0x4 c:/sysgcc/arm-eabi/bin/../lib/gcc/arm-none-eabi/12.2.1/thumb/v7-m/nofp\libg.a(libc_a-__call_atexit.o)
                0x20000014                __atexit_recursive_mutex
 *(.RamFunc)
 *(.RamFunc*)
                0x20000018                        . = ALIGN (0x4)
                0x20000018                        _edata = .

.tm_clone_table
                0x20000018        0x0 load address 0x0800312c
 .tm_clone_table
                0x20000018        0x0 c:/sysgcc/arm-eabi/bin/../lib/gcc/arm-none-eabi/12.2.1/thumb/v7-m/nofp/crtbegin.o
 .tm_clone_table
                0x20000018        0x0 c:/sysgcc/arm-eabi/bin/../lib/gcc/arm-none-eabi/12.2.1/thumb/v7-m/nofp/crtend.o

.igot.plt       0x20000018        0x0 load address 0x0800312c
 .igot.plt      0x20000018        0x0 c:/sysgcc/arm-eabi/bin/../lib/gcc/arm-none-eabi/12.2.1/thumb/v7-m/nofp/crtbegin.o
                0x20000018                        . = ALIGN (0x4)

.bss            0x20000018     0x1cf8 load address 0x0800312c
                0x20000018                        _sbss = .
                0x20000018                        __bss_start__ = _sbss
 *(.bss)
 *(.bss*)
 .bss.completed.1
                0x20000018        0x1 c:/sysgcc/arm-eabi/bin/../lib/gcc/arm-none-eabi/12.2.1/thumb/v7-m/nofp/crtbegin.o
 *fill*         0x20000019        0x3 
 .bss.object.0  0x2000001c       0x18 c:/sysgcc/arm-eabi/bin/../lib/gcc/arm-none-eabi/12.2.1/thumb/v7-m/nofp/crtbegin.o
 .bss.rx_buffer
                0x20000034      0x3e8 CMakeFiles/gps-tracker.dir/C_/Microcontrollers/gps-tracker/common/Core/Src/main.c.obj
                0x20000034                rx_buffer
 .bss.push_on_off
                0x2000041c        0x1 CMakeFiles/gps-tracker.dir/C_/Microcontrollers/gps-tracker/common/Core/Src/main.c.obj
                0x2000041c                push_on_off
 *fill*         0x2000041d        0x3 
 .bss.time      0x20000420        0xc CMakeFiles/gps-tracker.dir/src/nmea.c.obj
 .bss.location  0x2000042c       0x1e CMakeFiles/gps-tracker.dir/src/nmea.c.obj
 *fill*         0x2000044a        0x2 
 .bss.data_valid
                0x2000044c        0x4 CMakeFiles/gps-tracker.dir/src/nmea.c.obj
 .bss.transmit_buf
                0x20000450     0x1644 CMakeFiles/gps-tracker.dir/src/nmea.c.obj
                0x20000450                transmit_buf
 .bss.ind_c     0x20001a94        0x4 CMakeFiles/gps-tracker.dir/src/nmea.c.obj
                0x20001a94                ind_c
 .bss.t1        0x20001a98        0x2 CMakeFiles/gps-tracker.dir/src/button.c.obj
 *fill*         0x20001a9a        0x2 
 .bss.uwTick    0x20001a9c        0x4 CMakeFiles/gps-tracker.dir/C_/Microcontrollers/gps-tracker/common/Drivers/STM32F1xx_HAL_Driver/Src/stm32f1xx_hal.c.obj
                0x20001a9c                uwTick
 .bss.htim2     0x20001aa0       0x48 CMakeFiles/gps-tracker.dir/C_/Microcontrollers/gps-tracker/common/Core/Src/tim.c.obj
                0x20001aa0                htim2
 .bss.huart1    0x20001ae8       0x48 CMakeFiles/gps-tracker.dir/C_/Microcontrollers/gps-tracker/common/Core/Src/usart.c.obj
                0x20001ae8                huart1
 .bss.huart2    0x20001b30       0x48 CMakeFiles/gps-tracker.dir/C_/Microcontrollers/gps-tracker/common/Core/Src/usart.c.obj
                0x20001b30                huart2
 .bss.__lock___atexit_recursive_mutex
                0x20001b78        0x1 c:/sysgcc/arm-eabi/bin/../lib/gcc/arm-none-eabi/12.2.1/thumb/v7-m/nofp\libg.a(libc_a-lock.o)
                0x20001b78                __lock___atexit_recursive_mutex
 *fill*         0x20001b79        0x3 
 .bss.__atexit  0x20001b7c        0x4 c:/sysgcc/arm-eabi/bin/../lib/gcc/arm-none-eabi/12.2.1/thumb/v7-m/nofp\libg.a(libc_a-__call_atexit.o)
                0x20001b7c                __atexit
 .bss.__atexit0
                0x20001b80      0x190 c:/sysgcc/arm-eabi/bin/../lib/gcc/arm-none-eabi/12.2.1/thumb/v7-m/nofp\libg.a(libc_a-__atexit.o)
                0x20001b80                __atexit0
 *(COMMON)
                0x20001d10                        . = ALIGN (0x4)
                0x20001d10                        _ebss = .
                0x20001d10                        __bss_end__ = _ebss

._user_heap_stack
                0x20001d10      0x600 load address 0x0800312c
                0x20001d10                        . = ALIGN (0x8)
                [!provide]                        PROVIDE (end = .)
                0x20001d10                        PROVIDE (_end = .)
                0x20001f10                        . = (. + _Min_Heap_Size)
 *fill*         0x20001d10      0x200 
                0x20002310                        . = (. + _Min_Stack_Size)
 *fill*         0x20001f10      0x400 
                0x20002310                        . = ALIGN (0x8)

/DISCARD/
 libc.a(*)
 libm.a(*)
 libgcc.a(*)

.ARM.attributes
                0x00000000       0x29
 *(.ARM.attributes)
 .ARM.attributes
                0x00000000       0x1d c:/sysgcc/arm-eabi/bin/../lib/gcc/arm-none-eabi/12.2.1/thumb/v7-m/nofp/crti.o
 .ARM.attributes
                0x0000001d       0x2d c:/sysgcc/arm-eabi/bin/../lib/gcc/arm-none-eabi/12.2.1/thumb/v7-m/nofp/crtbegin.o
 .ARM.attributes
                0x0000004a       0x21 CMakeFiles/gps-tracker.dir/C_/Microcontrollers/gps-tracker/common/Startup/startup_stm32f103c6tx.s.obj
 .ARM.attributes
                0x0000006b       0x2d CMakeFiles/gps-tracker.dir/C_/Microcontrollers/gps-tracker/common/Core/Src/main.c.obj
 .ARM.attributes
                0x00000098       0x2d CMakeFiles/gps-tracker.dir/src/nmea.c.obj
 .ARM.attributes
                0x000000c5       0x2d CMakeFiles/gps-tracker.dir/src/button.c.obj
 .ARM.attributes
                0x000000f2       0x2d CMakeFiles/gps-tracker.dir/C_/Microcontrollers/gps-tracker/common/Drivers/STM32F1xx_HAL_Driver/Src/stm32f1xx_hal.c.obj
 .ARM.attributes
                0x0000011f       0x2d CMakeFiles/gps-tracker.dir/C_/Microcontrollers/gps-tracker/common/Drivers/STM32F1xx_HAL_Driver/Src/stm32f1xx_hal_cortex.c.obj
 .ARM.attributes
                0x0000014c       0x2d CMakeFiles/gps-tracker.dir/C_/Microcontrollers/gps-tracker/common/Drivers/STM32F1xx_HAL_Driver/Src/stm32f1xx_hal_dma.c.obj
 .ARM.attributes
                0x00000179       0x2d CMakeFiles/gps-tracker.dir/C_/Microcontrollers/gps-tracker/common/Drivers/STM32F1xx_HAL_Driver/Src/stm32f1xx_hal_gpio.c.obj
 .ARM.attributes
                0x000001a6       0x2d CMakeFiles/gps-tracker.dir/C_/Microcontrollers/gps-tracker/common/Drivers/STM32F1xx_HAL_Driver/Src/stm32f1xx_hal_rcc.c.obj
 .ARM.attributes
                0x000001d3       0x2d CMakeFiles/gps-tracker.dir/C_/Microcontrollers/gps-tracker/common/Drivers/STM32F1xx_HAL_Driver/Src/stm32f1xx_hal_tim.c.obj
 .ARM.attributes
                0x00000200       0x2d CMakeFiles/gps-tracker.dir/C_/Microcontrollers/gps-tracker/common/Drivers/STM32F1xx_HAL_Driver/Src/stm32f1xx_hal_tim_ex.c.obj
 .ARM.attributes
                0x0000022d       0x2d CMakeFiles/gps-tracker.dir/C_/Microcontrollers/gps-tracker/common/Drivers/STM32F1xx_HAL_Driver/Src/stm32f1xx_hal_uart.c.obj
 .ARM.attributes
                0x0000025a       0x2d CMakeFiles/gps-tracker.dir/C_/Microcontrollers/gps-tracker/common/Core/Src/gpio.c.obj
 .ARM.attributes
                0x00000287       0x2d CMakeFiles/gps-tracker.dir/C_/Microcontrollers/gps-tracker/common/Core/Src/stm32f1xx_hal_msp.c.obj
 .ARM.attributes
                0x000002b4       0x2d CMakeFiles/gps-tracker.dir/C_/Microcontrollers/gps-tracker/common/Core/Src/stm32f1xx_it.c.obj
 .ARM.attributes
                0x000002e1       0x2d CMakeFiles/gps-tracker.dir/C_/Microcontrollers/gps-tracker/common/Core/Src/system_stm32f1xx.c.obj
 .ARM.attributes
                0x0000030e       0x2d CMakeFiles/gps-tracker.dir/C_/Microcontrollers/gps-tracker/common/Core/Src/tim.c.obj
 .ARM.attributes
                0x0000033b       0x2d CMakeFiles/gps-tracker.dir/C_/Microcontrollers/gps-tracker/common/Core/Src/usart.c.obj
 .ARM.attributes
                0x00000368       0x2d c:/sysgcc/arm-eabi/bin/../lib/gcc/arm-none-eabi/12.2.1/thumb/v7-m/nofp\libg.a(libc_a-memset.o)
 .ARM.attributes
                0x00000395       0x2d c:/sysgcc/arm-eabi/bin/../lib/gcc/arm-none-eabi/12.2.1/thumb/v7-m/nofp\libg.a(libc_a-init.o)
 .ARM.attributes
                0x000003c2       0x2d c:/sysgcc/arm-eabi/bin/../lib/gcc/arm-none-eabi/12.2.1/thumb/v7-m/nofp\libg.a(libc_a-lock.o)
 .ARM.attributes
                0x000003ef       0x2d c:/sysgcc/arm-eabi/bin/../lib/gcc/arm-none-eabi/12.2.1/thumb/v7-m/nofp\libg.a(libc_a-strlen-stub.o)
 .ARM.attributes
                0x0000041c       0x2d c:/sysgcc/arm-eabi/bin/../lib/gcc/arm-none-eabi/12.2.1/thumb/v7-m/nofp\libg.a(libc_a-__call_atexit.o)
 .ARM.attributes
                0x00000449       0x2d c:/sysgcc/arm-eabi/bin/../lib/gcc/arm-none-eabi/12.2.1/thumb/v7-m/nofp\libg.a(libc_a-atexit.o)
 .ARM.attributes
                0x00000476       0x2d c:/sysgcc/arm-eabi/bin/../lib/gcc/arm-none-eabi/12.2.1/thumb/v7-m/nofp\libg.a(libc_a-fini.o)
 .ARM.attributes
                0x000004a3       0x2d c:/sysgcc/arm-eabi/bin/../lib/gcc/arm-none-eabi/12.2.1/thumb/v7-m/nofp\libg.a(libc_a-__atexit.o)
 .ARM.attributes
                0x000004d0       0x2d c:/sysgcc/arm-eabi/bin/../lib/gcc/arm-none-eabi/12.2.1/thumb/v7-m/nofp/crtend.o
 .ARM.attributes
                0x000004fd       0x1d c:/sysgcc/arm-eabi/bin/../lib/gcc/arm-none-eabi/12.2.1/thumb/v7-m/nofp/crtn.o
OUTPUT(gps-tracker elf32-littlearm)
LOAD linker stubs
LOAD c:/sysgcc/arm-eabi/bin/../lib/gcc/arm-none-eabi/12.2.1/thumb/v7-m/nofp\libc.a
LOAD c:/sysgcc/arm-eabi/bin/../lib/gcc/arm-none-eabi/12.2.1/thumb/v7-m/nofp\libm.a
LOAD c:/sysgcc/arm-eabi/bin/../lib/gcc/arm-none-eabi/12.2.1/thumb/v7-m/nofp\libgcc.a

.debug_line     0x00000000     0xd61b
 .debug_line    0x00000000       0x78 CMakeFiles/gps-tracker.dir/C_/Microcontrollers/gps-tracker/common/Startup/startup_stm32f103c6tx.s.obj
 .debug_line    0x00000078      0x6d3 CMakeFiles/gps-tracker.dir/C_/Microcontrollers/gps-tracker/common/Core/Src/main.c.obj
 .debug_line    0x0000074b      0x94d CMakeFiles/gps-tracker.dir/src/nmea.c.obj
 .debug_line    0x00001098      0x527 CMakeFiles/gps-tracker.dir/src/button.c.obj
 .debug_line    0x000015bf      0x785 CMakeFiles/gps-tracker.dir/C_/Microcontrollers/gps-tracker/common/Drivers/STM32F1xx_HAL_Driver/Src/stm32f1xx_hal.c.obj
 .debug_line    0x00001d44      0x971 CMakeFiles/gps-tracker.dir/C_/Microcontrollers/gps-tracker/common/Drivers/STM32F1xx_HAL_Driver/Src/stm32f1xx_hal_cortex.c.obj
 .debug_line    0x000026b5      0xbde CMakeFiles/gps-tracker.dir/C_/Microcontrollers/gps-tracker/common/Drivers/STM32F1xx_HAL_Driver/Src/stm32f1xx_hal_dma.c.obj
 .debug_line    0x00003293      0x809 CMakeFiles/gps-tracker.dir/C_/Microcontrollers/gps-tracker/common/Drivers/STM32F1xx_HAL_Driver/Src/stm32f1xx_hal_gpio.c.obj
 .debug_line    0x00003a9c      0xb8e CMakeFiles/gps-tracker.dir/C_/Microcontrollers/gps-tracker/common/Drivers/STM32F1xx_HAL_Driver/Src/stm32f1xx_hal_rcc.c.obj
 .debug_line    0x0000462a     0x3246 CMakeFiles/gps-tracker.dir/C_/Microcontrollers/gps-tracker/common/Drivers/STM32F1xx_HAL_Driver/Src/stm32f1xx_hal_tim.c.obj
 .debug_line    0x00007870     0x16b4 CMakeFiles/gps-tracker.dir/C_/Microcontrollers/gps-tracker/common/Drivers/STM32F1xx_HAL_Driver/Src/stm32f1xx_hal_tim_ex.c.obj
 .debug_line    0x00008f24     0x26ea CMakeFiles/gps-tracker.dir/C_/Microcontrollers/gps-tracker/common/Drivers/STM32F1xx_HAL_Driver/Src/stm32f1xx_hal_uart.c.obj
 .debug_line    0x0000b60e      0x4f5 CMakeFiles/gps-tracker.dir/C_/Microcontrollers/gps-tracker/common/Core/Src/gpio.c.obj
 .debug_line    0x0000bb03      0x4da CMakeFiles/gps-tracker.dir/C_/Microcontrollers/gps-tracker/common/Core/Src/stm32f1xx_hal_msp.c.obj
 .debug_line    0x0000bfdd      0x5e5 CMakeFiles/gps-tracker.dir/C_/Microcontrollers/gps-tracker/common/Core/Src/stm32f1xx_it.c.obj
 .debug_line    0x0000c5c2      0x558 CMakeFiles/gps-tracker.dir/C_/Microcontrollers/gps-tracker/common/Core/Src/system_stm32f1xx.c.obj
 .debug_line    0x0000cb1a      0x544 CMakeFiles/gps-tracker.dir/C_/Microcontrollers/gps-tracker/common/Core/Src/tim.c.obj
 .debug_line    0x0000d05e      0x5bd CMakeFiles/gps-tracker.dir/C_/Microcontrollers/gps-tracker/common/Core/Src/usart.c.obj

.debug_line_str
                0x00000000       0x86
 .debug_line_str
                0x00000000       0x86 CMakeFiles/gps-tracker.dir/C_/Microcontrollers/gps-tracker/common/Startup/startup_stm32f103c6tx.s.obj

.debug_info     0x00000000     0xcb1c
 .debug_info    0x00000000       0x30 CMakeFiles/gps-tracker.dir/C_/Microcontrollers/gps-tracker/common/Startup/startup_stm32f103c6tx.s.obj
 .debug_info    0x00000030      0xbe0 CMakeFiles/gps-tracker.dir/C_/Microcontrollers/gps-tracker/common/Core/Src/main.c.obj
 .debug_info    0x00000c10      0x907 CMakeFiles/gps-tracker.dir/src/nmea.c.obj
 .debug_info    0x00001517      0x2eb CMakeFiles/gps-tracker.dir/src/button.c.obj
 .debug_info    0x00001802      0x6df CMakeFiles/gps-tracker.dir/C_/Microcontrollers/gps-tracker/common/Drivers/STM32F1xx_HAL_Driver/Src/stm32f1xx_hal.c.obj
 .debug_info    0x00001ee1      0xa62 CMakeFiles/gps-tracker.dir/C_/Microcontrollers/gps-tracker/common/Drivers/STM32F1xx_HAL_Driver/Src/stm32f1xx_hal_cortex.c.obj
 .debug_info    0x00002943      0x6cb CMakeFiles/gps-tracker.dir/C_/Microcontrollers/gps-tracker/common/Drivers/STM32F1xx_HAL_Driver/Src/stm32f1xx_hal_dma.c.obj
 .debug_info    0x0000300e      0x5a4 CMakeFiles/gps-tracker.dir/C_/Microcontrollers/gps-tracker/common/Drivers/STM32F1xx_HAL_Driver/Src/stm32f1xx_hal_gpio.c.obj
 .debug_info    0x000035b2      0x7ce CMakeFiles/gps-tracker.dir/C_/Microcontrollers/gps-tracker/common/Drivers/STM32F1xx_HAL_Driver/Src/stm32f1xx_hal_rcc.c.obj
 .debug_info    0x00003d80     0x2934 CMakeFiles/gps-tracker.dir/C_/Microcontrollers/gps-tracker/common/Drivers/STM32F1xx_HAL_Driver/Src/stm32f1xx_hal_tim.c.obj
 .debug_info    0x000066b4     0x1494 CMakeFiles/gps-tracker.dir/C_/Microcontrollers/gps-tracker/common/Drivers/STM32F1xx_HAL_Driver/Src/stm32f1xx_hal_tim_ex.c.obj
 .debug_info    0x00007b48     0x2fb4 CMakeFiles/gps-tracker.dir/C_/Microcontrollers/gps-tracker/common/Drivers/STM32F1xx_HAL_Driver/Src/stm32f1xx_hal_uart.c.obj
 .debug_info    0x0000aafc      0x3f1 CMakeFiles/gps-tracker.dir/C_/Microcontrollers/gps-tracker/common/Core/Src/gpio.c.obj
 .debug_info    0x0000aeed      0x1ea CMakeFiles/gps-tracker.dir/C_/Microcontrollers/gps-tracker/common/Core/Src/stm32f1xx_hal_msp.c.obj
 .debug_info    0x0000b0d7      0x616 CMakeFiles/gps-tracker.dir/C_/Microcontrollers/gps-tracker/common/Core/Src/stm32f1xx_it.c.obj
 .debug_info    0x0000b6ed      0x21b CMakeFiles/gps-tracker.dir/C_/Microcontrollers/gps-tracker/common/Core/Src/system_stm32f1xx.c.obj
 .debug_info    0x0000b908      0x823 CMakeFiles/gps-tracker.dir/C_/Microcontrollers/gps-tracker/common/Core/Src/tim.c.obj
 .debug_info    0x0000c12b      0x9f1 CMakeFiles/gps-tracker.dir/C_/Microcontrollers/gps-tracker/common/Core/Src/usart.c.obj

.debug_abbrev   0x00000000     0x2336
 .debug_abbrev  0x00000000       0x24 CMakeFiles/gps-tracker.dir/C_/Microcontrollers/gps-tracker/common/Startup/startup_stm32f103c6tx.s.obj
 .debug_abbrev  0x00000024      0x2a3 CMakeFiles/gps-tracker.dir/C_/Microcontrollers/gps-tracker/common/Core/Src/main.c.obj
 .debug_abbrev  0x000002c7      0x2a1 CMakeFiles/gps-tracker.dir/src/nmea.c.obj
 .debug_abbrev  0x00000568      0x136 CMakeFiles/gps-tracker.dir/src/button.c.obj
 .debug_abbrev  0x0000069e      0x201 CMakeFiles/gps-tracker.dir/C_/Microcontrollers/gps-tracker/common/Drivers/STM32F1xx_HAL_Driver/Src/stm32f1xx_hal.c.obj
 .debug_abbrev  0x0000089f      0x2f8 CMakeFiles/gps-tracker.dir/C_/Microcontrollers/gps-tracker/common/Drivers/STM32F1xx_HAL_Driver/Src/stm32f1xx_hal_cortex.c.obj
 .debug_abbrev  0x00000b97      0x20b CMakeFiles/gps-tracker.dir/C_/Microcontrollers/gps-tracker/common/Drivers/STM32F1xx_HAL_Driver/Src/stm32f1xx_hal_dma.c.obj
 .debug_abbrev  0x00000da2      0x1ca CMakeFiles/gps-tracker.dir/C_/Microcontrollers/gps-tracker/common/Drivers/STM32F1xx_HAL_Driver/Src/stm32f1xx_hal_gpio.c.obj
 .debug_abbrev  0x00000f6c      0x2b3 CMakeFiles/gps-tracker.dir/C_/Microcontrollers/gps-tracker/common/Drivers/STM32F1xx_HAL_Driver/Src/stm32f1xx_hal_rcc.c.obj
 .debug_abbrev  0x0000121f      0x277 CMakeFiles/gps-tracker.dir/C_/Microcontrollers/gps-tracker/common/Drivers/STM32F1xx_HAL_Driver/Src/stm32f1xx_hal_tim.c.obj
 .debug_abbrev  0x00001496      0x282 CMakeFiles/gps-tracker.dir/C_/Microcontrollers/gps-tracker/common/Drivers/STM32F1xx_HAL_Driver/Src/stm32f1xx_hal_tim_ex.c.obj
 .debug_abbrev  0x00001718      0x30d CMakeFiles/gps-tracker.dir/C_/Microcontrollers/gps-tracker/common/Drivers/STM32F1xx_HAL_Driver/Src/stm32f1xx_hal_uart.c.obj
 .debug_abbrev  0x00001a25      0x161 CMakeFiles/gps-tracker.dir/C_/Microcontrollers/gps-tracker/common/Core/Src/gpio.c.obj
 .debug_abbrev  0x00001b86       0xdb CMakeFiles/gps-tracker.dir/C_/Microcontrollers/gps-tracker/common/Core/Src/stm32f1xx_hal_msp.c.obj
 .debug_abbrev  0x00001c61      0x18b CMakeFiles/gps-tracker.dir/C_/Microcontrollers/gps-tracker/common/Core/Src/stm32f1xx_it.c.obj
 .debug_abbrev  0x00001dec      0x13f CMakeFiles/gps-tracker.dir/C_/Microcontrollers/gps-tracker/common/Core/Src/system_stm32f1xx.c.obj
 .debug_abbrev  0x00001f2b      0x1ef CMakeFiles/gps-tracker.dir/C_/Microcontrollers/gps-tracker/common/Core/Src/tim.c.obj
 .debug_abbrev  0x0000211a      0x21c CMakeFiles/gps-tracker.dir/C_/Microcontrollers/gps-tracker/common/Core/Src/usart.c.obj

.debug_aranges  0x00000000      0xcd0
 .debug_aranges
                0x00000000       0x28 CMakeFiles/gps-tracker.dir/C_/Microcontrollers/gps-tracker/common/Startup/startup_stm32f103c6tx.s.obj
 .debug_aranges
                0x00000028       0x48 CMakeFiles/gps-tracker.dir/C_/Microcontrollers/gps-tracker/common/Core/Src/main.c.obj
 .debug_aranges
                0x00000070       0x68 CMakeFiles/gps-tracker.dir/src/nmea.c.obj
 .debug_aranges
                0x000000d8       0x28 CMakeFiles/gps-tracker.dir/src/button.c.obj
 .debug_aranges
                0x00000100       0xe0 CMakeFiles/gps-tracker.dir/C_/Microcontrollers/gps-tracker/common/Drivers/STM32F1xx_HAL_Driver/Src/stm32f1xx_hal.c.obj
 .debug_aranges
                0x000001e0      0x100 CMakeFiles/gps-tracker.dir/C_/Microcontrollers/gps-tracker/common/Drivers/STM32F1xx_HAL_Driver/Src/stm32f1xx_hal_cortex.c.obj
 .debug_aranges
                0x000002e0       0x80 CMakeFiles/gps-tracker.dir/C_/Microcontrollers/gps-tracker/common/Drivers/STM32F1xx_HAL_Driver/Src/stm32f1xx_hal_dma.c.obj
 .debug_aranges
                0x00000360       0x58 CMakeFiles/gps-tracker.dir/C_/Microcontrollers/gps-tracker/common/Drivers/STM32F1xx_HAL_Driver/Src/stm32f1xx_hal_gpio.c.obj
 .debug_aranges
                0x000003b8       0x90 CMakeFiles/gps-tracker.dir/C_/Microcontrollers/gps-tracker/common/Drivers/STM32F1xx_HAL_Driver/Src/stm32f1xx_hal_rcc.c.obj
 .debug_aranges
                0x00000448      0x3d0 CMakeFiles/gps-tracker.dir/C_/Microcontrollers/gps-tracker/common/Drivers/STM32F1xx_HAL_Driver/Src/stm32f1xx_hal_tim.c.obj
 .debug_aranges
                0x00000818      0x168 CMakeFiles/gps-tracker.dir/C_/Microcontrollers/gps-tracker/common/Drivers/STM32F1xx_HAL_Driver/Src/stm32f1xx_hal_tim_ex.c.obj
 .debug_aranges
                0x00000980      0x208 CMakeFiles/gps-tracker.dir/C_/Microcontrollers/gps-tracker/common/Drivers/STM32F1xx_HAL_Driver/Src/stm32f1xx_hal_uart.c.obj
 .debug_aranges
                0x00000b88       0x20 CMakeFiles/gps-tracker.dir/C_/Microcontrollers/gps-tracker/common/Core/Src/gpio.c.obj
 .debug_aranges
                0x00000ba8       0x20 CMakeFiles/gps-tracker.dir/C_/Microcontrollers/gps-tracker/common/Core/Src/stm32f1xx_hal_msp.c.obj
 .debug_aranges
                0x00000bc8       0x78 CMakeFiles/gps-tracker.dir/C_/Microcontrollers/gps-tracker/common/Core/Src/stm32f1xx_it.c.obj
 .debug_aranges
                0x00000c40       0x28 CMakeFiles/gps-tracker.dir/C_/Microcontrollers/gps-tracker/common/Core/Src/system_stm32f1xx.c.obj
 .debug_aranges
                0x00000c68       0x30 CMakeFiles/gps-tracker.dir/C_/Microcontrollers/gps-tracker/common/Core/Src/tim.c.obj
 .debug_aranges
                0x00000c98       0x38 CMakeFiles/gps-tracker.dir/C_/Microcontrollers/gps-tracker/common/Core/Src/usart.c.obj

.debug_str      0x00000000    0x87a22
 .debug_str     0x00000000       0xa2 CMakeFiles/gps-tracker.dir/C_/Microcontrollers/gps-tracker/common/Startup/startup_stm32f103c6tx.s.obj
 .debug_str     0x000000a2    0x84807 CMakeFiles/gps-tracker.dir/C_/Microcontrollers/gps-tracker/common/Core/Src/main.c.obj
                              0x84c12 (size before relaxing)
 .debug_str     0x000848a9      0x100 CMakeFiles/gps-tracker.dir/src/nmea.c.obj
                              0x842bb (size before relaxing)
 .debug_str     0x000849a9       0x38 CMakeFiles/gps-tracker.dir/src/button.c.obj
                              0x812e2 (size before relaxing)
 .debug_str     0x000849e1      0x662 CMakeFiles/gps-tracker.dir/C_/Microcontrollers/gps-tracker/common/Drivers/STM32F1xx_HAL_Driver/Src/stm32f1xx_hal.c.obj
                              0x8197e (size before relaxing)
 .debug_str     0x00085043      0x2e9 CMakeFiles/gps-tracker.dir/C_/Microcontrollers/gps-tracker/common/Drivers/STM32F1xx_HAL_Driver/Src/stm32f1xx_hal_cortex.c.obj
                              0x818ca (size before relaxing)
 .debug_str     0x0008532c      0x25e CMakeFiles/gps-tracker.dir/C_/Microcontrollers/gps-tracker/common/Drivers/STM32F1xx_HAL_Driver/Src/stm32f1xx_hal_dma.c.obj
                              0x8162e (size before relaxing)
 .debug_str     0x0008558a      0x332 CMakeFiles/gps-tracker.dir/C_/Microcontrollers/gps-tracker/common/Drivers/STM32F1xx_HAL_Driver/Src/stm32f1xx_hal_gpio.c.obj
                              0x8160b (size before relaxing)
 .debug_str     0x000858bc      0x269 CMakeFiles/gps-tracker.dir/C_/Microcontrollers/gps-tracker/common/Drivers/STM32F1xx_HAL_Driver/Src/stm32f1xx_hal_rcc.c.obj
                              0x816b4 (size before relaxing)
 .debug_str     0x00085b25     0x1116 CMakeFiles/gps-tracker.dir/C_/Microcontrollers/gps-tracker/common/Drivers/STM32F1xx_HAL_Driver/Src/stm32f1xx_hal_tim.c.obj
                              0x826a6 (size before relaxing)
 .debug_str     0x00086c3b      0x527 CMakeFiles/gps-tracker.dir/C_/Microcontrollers/gps-tracker/common/Drivers/STM32F1xx_HAL_Driver/Src/stm32f1xx_hal_tim_ex.c.obj
                              0x81ec2 (size before relaxing)
 .debug_str     0x00087162      0x616 CMakeFiles/gps-tracker.dir/C_/Microcontrollers/gps-tracker/common/Drivers/STM32F1xx_HAL_Driver/Src/stm32f1xx_hal_uart.c.obj
                              0x81d3c (size before relaxing)
 .debug_str     0x00087778       0x47 CMakeFiles/gps-tracker.dir/C_/Microcontrollers/gps-tracker/common/Core/Src/gpio.c.obj
                              0x8159f (size before relaxing)
 .debug_str     0x000877bf       0x44 CMakeFiles/gps-tracker.dir/C_/Microcontrollers/gps-tracker/common/Core/Src/stm32f1xx_hal_msp.c.obj
                              0x8125a (size before relaxing)
 .debug_str     0x00087803      0x11b CMakeFiles/gps-tracker.dir/C_/Microcontrollers/gps-tracker/common/Core/Src/stm32f1xx_it.c.obj
                              0x816eb (size before relaxing)
 .debug_str     0x0008791e       0x76 CMakeFiles/gps-tracker.dir/C_/Microcontrollers/gps-tracker/common/Core/Src/system_stm32f1xx.c.obj
                              0x81285 (size before relaxing)
 .debug_str     0x00087994       0x4b CMakeFiles/gps-tracker.dir/C_/Microcontrollers/gps-tracker/common/Core/Src/tim.c.obj
                              0x81860 (size before relaxing)
 .debug_str     0x000879df       0x43 CMakeFiles/gps-tracker.dir/C_/Microcontrollers/gps-tracker/common/Core/Src/usart.c.obj
                              0x81a44 (size before relaxing)

.debug_rnglists
                0x00000000      0x9f6
 .debug_rnglists
                0x00000000       0x19 CMakeFiles/gps-tracker.dir/C_/Microcontrollers/gps-tracker/common/Startup/startup_stm32f103c6tx.s.obj
 .debug_rnglists
                0x00000019       0x32 CMakeFiles/gps-tracker.dir/C_/Microcontrollers/gps-tracker/common/Core/Src/main.c.obj
 .debug_rnglists
                0x0000004b       0x4e CMakeFiles/gps-tracker.dir/src/nmea.c.obj
 .debug_rnglists
                0x00000099       0x19 CMakeFiles/gps-tracker.dir/src/button.c.obj
 .debug_rnglists
                0x000000b2       0xa3 CMakeFiles/gps-tracker.dir/C_/Microcontrollers/gps-tracker/common/Drivers/STM32F1xx_HAL_Driver/Src/stm32f1xx_hal.c.obj
 .debug_rnglists
                0x00000155       0xbb CMakeFiles/gps-tracker.dir/C_/Microcontrollers/gps-tracker/common/Drivers/STM32F1xx_HAL_Driver/Src/stm32f1xx_hal_cortex.c.obj
 .debug_rnglists
                0x00000210       0x64 CMakeFiles/gps-tracker.dir/C_/Microcontrollers/gps-tracker/common/Drivers/STM32F1xx_HAL_Driver/Src/stm32f1xx_hal_dma.c.obj
 .debug_rnglists
                0x00000274       0x3f CMakeFiles/gps-tracker.dir/C_/Microcontrollers/gps-tracker/common/Drivers/STM32F1xx_HAL_Driver/Src/stm32f1xx_hal_gpio.c.obj
 .debug_rnglists
                0x000002b3       0x6c CMakeFiles/gps-tracker.dir/C_/Microcontrollers/gps-tracker/common/Drivers/STM32F1xx_HAL_Driver/Src/stm32f1xx_hal_rcc.c.obj
 .debug_rnglists
                0x0000031f      0x31a CMakeFiles/gps-tracker.dir/C_/Microcontrollers/gps-tracker/common/Drivers/STM32F1xx_HAL_Driver/Src/stm32f1xx_hal_tim.c.obj
 .debug_rnglists
                0x00000639      0x125 CMakeFiles/gps-tracker.dir/C_/Microcontrollers/gps-tracker/common/Drivers/STM32F1xx_HAL_Driver/Src/stm32f1xx_hal_tim_ex.c.obj
 .debug_rnglists
                0x0000075e      0x1bc CMakeFiles/gps-tracker.dir/C_/Microcontrollers/gps-tracker/common/Drivers/STM32F1xx_HAL_Driver/Src/stm32f1xx_hal_uart.c.obj
 .debug_rnglists
                0x0000091a       0x14 CMakeFiles/gps-tracker.dir/C_/Microcontrollers/gps-tracker/common/Core/Src/gpio.c.obj
 .debug_rnglists
                0x0000092e       0x13 CMakeFiles/gps-tracker.dir/C_/Microcontrollers/gps-tracker/common/Core/Src/stm32f1xx_hal_msp.c.obj
 .debug_rnglists
                0x00000941       0x55 CMakeFiles/gps-tracker.dir/C_/Microcontrollers/gps-tracker/common/Core/Src/stm32f1xx_it.c.obj
 .debug_rnglists
                0x00000996       0x1a CMakeFiles/gps-tracker.dir/C_/Microcontrollers/gps-tracker/common/Core/Src/system_stm32f1xx.c.obj
 .debug_rnglists
                0x000009b0       0x20 CMakeFiles/gps-tracker.dir/C_/Microcontrollers/gps-tracker/common/Core/Src/tim.c.obj
 .debug_rnglists
                0x000009d0       0x26 CMakeFiles/gps-tracker.dir/C_/Microcontrollers/gps-tracker/common/Core/Src/usart.c.obj

.debug_macro    0x00000000    0x171c8
 .debug_macro   0x00000000      0x2f9 CMakeFiles/gps-tracker.dir/C_/Microcontrollers/gps-tracker/common/Core/Src/main.c.obj
 .debug_macro   0x000002f9      0x21b CMakeFiles/gps-tracker.dir/C_/Microcontrollers/gps-tracker/common/Core/Src/main.c.obj
 .debug_macro   0x00000514       0x2e CMakeFiles/gps-tracker.dir/C_/Microcontrollers/gps-tracker/common/Core/Src/main.c.obj
 .debug_macro   0x00000542       0x22 CMakeFiles/gps-tracker.dir/C_/Microcontrollers/gps-tracker/common/Core/Src/main.c.obj
 .debug_macro   0x00000564       0x22 CMakeFiles/gps-tracker.dir/C_/Microcontrollers/gps-tracker/common/Core/Src/main.c.obj
 .debug_macro   0x00000586       0x56 CMakeFiles/gps-tracker.dir/C_/Microcontrollers/gps-tracker/common/Core/Src/main.c.obj
 .debug_macro   0x000005dc       0x51 CMakeFiles/gps-tracker.dir/C_/Microcontrollers/gps-tracker/common/Core/Src/main.c.obj
 .debug_macro   0x0000062d      0x103 CMakeFiles/gps-tracker.dir/C_/Microcontrollers/gps-tracker/common/Core/Src/main.c.obj
 .debug_macro   0x00000730       0x6a CMakeFiles/gps-tracker.dir/C_/Microcontrollers/gps-tracker/common/Core/Src/main.c.obj
 .debug_macro   0x0000079a      0x1df CMakeFiles/gps-tracker.dir/C_/Microcontrollers/gps-tracker/common/Core/Src/main.c.obj
 .debug_macro   0x00000979       0x1c CMakeFiles/gps-tracker.dir/C_/Microcontrollers/gps-tracker/common/Core/Src/main.c.obj
 .debug_macro   0x00000995       0x22 CMakeFiles/gps-tracker.dir/C_/Microcontrollers/gps-tracker/common/Core/Src/main.c.obj
 .debug_macro   0x000009b7       0xbd CMakeFiles/gps-tracker.dir/C_/Microcontrollers/gps-tracker/common/Core/Src/main.c.obj
 .debug_macro   0x00000a74      0xd23 CMakeFiles/gps-tracker.dir/C_/Microcontrollers/gps-tracker/common/Core/Src/main.c.obj
 .debug_macro   0x00001797     0xde75 CMakeFiles/gps-tracker.dir/C_/Microcontrollers/gps-tracker/common/Core/Src/main.c.obj
 .debug_macro   0x0000f60c       0x6d CMakeFiles/gps-tracker.dir/C_/Microcontrollers/gps-tracker/common/Core/Src/main.c.obj
 .debug_macro   0x0000f679     0x348d CMakeFiles/gps-tracker.dir/C_/Microcontrollers/gps-tracker/common/Core/Src/main.c.obj
 .debug_macro   0x00012b06      0x182 CMakeFiles/gps-tracker.dir/C_/Microcontrollers/gps-tracker/common/Core/Src/main.c.obj
 .debug_macro   0x00012c88       0x5c CMakeFiles/gps-tracker.dir/C_/Microcontrollers/gps-tracker/common/Core/Src/main.c.obj
 .debug_macro   0x00012ce4      0x5bc CMakeFiles/gps-tracker.dir/C_/Microcontrollers/gps-tracker/common/Core/Src/main.c.obj
 .debug_macro   0x000132a0      0x1b7 CMakeFiles/gps-tracker.dir/C_/Microcontrollers/gps-tracker/common/Core/Src/main.c.obj
 .debug_macro   0x00013457      0x1cb CMakeFiles/gps-tracker.dir/C_/Microcontrollers/gps-tracker/common/Core/Src/main.c.obj
 .debug_macro   0x00013622      0x114 CMakeFiles/gps-tracker.dir/C_/Microcontrollers/gps-tracker/common/Core/Src/main.c.obj
 .debug_macro   0x00013736      0x1b2 CMakeFiles/gps-tracker.dir/C_/Microcontrollers/gps-tracker/common/Core/Src/main.c.obj
 .debug_macro   0x000138e8       0x27 CMakeFiles/gps-tracker.dir/C_/Microcontrollers/gps-tracker/common/Core/Src/main.c.obj
 .debug_macro   0x0001390f      0x12f CMakeFiles/gps-tracker.dir/C_/Microcontrollers/gps-tracker/common/Core/Src/main.c.obj
 .debug_macro   0x00013a3e      0x1bc CMakeFiles/gps-tracker.dir/C_/Microcontrollers/gps-tracker/common/Core/Src/main.c.obj
 .debug_macro   0x00013bfa       0x34 CMakeFiles/gps-tracker.dir/C_/Microcontrollers/gps-tracker/common/Core/Src/main.c.obj
 .debug_macro   0x00013c2e       0x3c CMakeFiles/gps-tracker.dir/C_/Microcontrollers/gps-tracker/common/Core/Src/main.c.obj
 .debug_macro   0x00013c6a       0x57 CMakeFiles/gps-tracker.dir/C_/Microcontrollers/gps-tracker/common/Core/Src/main.c.obj
 .debug_macro   0x00013cc1       0x87 CMakeFiles/gps-tracker.dir/C_/Microcontrollers/gps-tracker/common/Core/Src/main.c.obj
 .debug_macro   0x00013d48      0x183 CMakeFiles/gps-tracker.dir/C_/Microcontrollers/gps-tracker/common/Core/Src/main.c.obj
 .debug_macro   0x00013ecb      0x140 CMakeFiles/gps-tracker.dir/C_/Microcontrollers/gps-tracker/common/Core/Src/main.c.obj
 .debug_macro   0x0001400b      0x8ed CMakeFiles/gps-tracker.dir/C_/Microcontrollers/gps-tracker/common/Core/Src/main.c.obj
 .debug_macro   0x000148f8      0x28e CMakeFiles/gps-tracker.dir/C_/Microcontrollers/gps-tracker/common/Core/Src/main.c.obj
 .debug_macro   0x00014b86       0x69 CMakeFiles/gps-tracker.dir/C_/Microcontrollers/gps-tracker/common/Core/Src/main.c.obj
 .debug_macro   0x00014bef       0x7b CMakeFiles/gps-tracker.dir/C_/Microcontrollers/gps-tracker/common/Core/Src/main.c.obj
 .debug_macro   0x00014c6a       0x24 CMakeFiles/gps-tracker.dir/C_/Microcontrollers/gps-tracker/common/Core/Src/main.c.obj
 .debug_macro   0x00014c8e       0x3c CMakeFiles/gps-tracker.dir/C_/Microcontrollers/gps-tracker/common/Core/Src/main.c.obj
 .debug_macro   0x00014cca       0x34 CMakeFiles/gps-tracker.dir/C_/Microcontrollers/gps-tracker/common/Core/Src/main.c.obj
 .debug_macro   0x00014cfe       0x16 CMakeFiles/gps-tracker.dir/C_/Microcontrollers/gps-tracker/common/Core/Src/main.c.obj
 .debug_macro   0x00014d14       0x35 CMakeFiles/gps-tracker.dir/C_/Microcontrollers/gps-tracker/common/Core/Src/main.c.obj
 .debug_macro   0x00014d49      0x385 CMakeFiles/gps-tracker.dir/C_/Microcontrollers/gps-tracker/common/Core/Src/main.c.obj
 .debug_macro   0x000150ce       0x10 CMakeFiles/gps-tracker.dir/C_/Microcontrollers/gps-tracker/common/Core/Src/main.c.obj
 .debug_macro   0x000150de       0x16 CMakeFiles/gps-tracker.dir/C_/Microcontrollers/gps-tracker/common/Core/Src/main.c.obj
 .debug_macro   0x000150f4       0x43 CMakeFiles/gps-tracker.dir/C_/Microcontrollers/gps-tracker/common/Core/Src/main.c.obj
 .debug_macro   0x00015137       0x34 CMakeFiles/gps-tracker.dir/C_/Microcontrollers/gps-tracker/common/Core/Src/main.c.obj
 .debug_macro   0x0001516b       0x10 CMakeFiles/gps-tracker.dir/C_/Microcontrollers/gps-tracker/common/Core/Src/main.c.obj
 .debug_macro   0x0001517b       0x58 CMakeFiles/gps-tracker.dir/C_/Microcontrollers/gps-tracker/common/Core/Src/main.c.obj
 .debug_macro   0x000151d3      0x1de CMakeFiles/gps-tracker.dir/C_/Microcontrollers/gps-tracker/common/Core/Src/main.c.obj
 .debug_macro   0x000153b1       0x16 CMakeFiles/gps-tracker.dir/C_/Microcontrollers/gps-tracker/common/Core/Src/main.c.obj
 .debug_macro   0x000153c7       0x16 CMakeFiles/gps-tracker.dir/C_/Microcontrollers/gps-tracker/common/Core/Src/main.c.obj
 .debug_macro   0x000153dd      0x12a CMakeFiles/gps-tracker.dir/C_/Microcontrollers/gps-tracker/common/Core/Src/main.c.obj
 .debug_macro   0x00015507       0x16 CMakeFiles/gps-tracker.dir/C_/Microcontrollers/gps-tracker/common/Core/Src/main.c.obj
 .debug_macro   0x0001551d       0x22 CMakeFiles/gps-tracker.dir/C_/Microcontrollers/gps-tracker/common/Core/Src/main.c.obj
 .debug_macro   0x0001553f       0x22 CMakeFiles/gps-tracker.dir/C_/Microcontrollers/gps-tracker/common/Core/Src/main.c.obj
 .debug_macro   0x00015561       0x16 CMakeFiles/gps-tracker.dir/C_/Microcontrollers/gps-tracker/common/Core/Src/main.c.obj
 .debug_macro   0x00015577       0x22 CMakeFiles/gps-tracker.dir/C_/Microcontrollers/gps-tracker/common/Core/Src/main.c.obj
 .debug_macro   0x00015599       0x16 CMakeFiles/gps-tracker.dir/C_/Microcontrollers/gps-tracker/common/Core/Src/main.c.obj
 .debug_macro   0x000155af      0x256 CMakeFiles/gps-tracker.dir/src/nmea.c.obj
 .debug_macro   0x00015805       0x10 CMakeFiles/gps-tracker.dir/src/nmea.c.obj
 .debug_macro   0x00015815       0x1c CMakeFiles/gps-tracker.dir/src/nmea.c.obj
 .debug_macro   0x00015831      0x1b0 CMakeFiles/gps-tracker.dir/src/button.c.obj
 .debug_macro   0x000159e1       0x1c CMakeFiles/gps-tracker.dir/src/button.c.obj
 .debug_macro   0x000159fd      0x1c5 CMakeFiles/gps-tracker.dir/C_/Microcontrollers/gps-tracker/common/Drivers/STM32F1xx_HAL_Driver/Src/stm32f1xx_hal.c.obj
 .debug_macro   0x00015bc2      0x1a1 CMakeFiles/gps-tracker.dir/C_/Microcontrollers/gps-tracker/common/Drivers/STM32F1xx_HAL_Driver/Src/stm32f1xx_hal_cortex.c.obj
 .debug_macro   0x00015d63      0x1a1 CMakeFiles/gps-tracker.dir/C_/Microcontrollers/gps-tracker/common/Drivers/STM32F1xx_HAL_Driver/Src/stm32f1xx_hal_dma.c.obj
 .debug_macro   0x00015f04      0x20c CMakeFiles/gps-tracker.dir/C_/Microcontrollers/gps-tracker/common/Drivers/STM32F1xx_HAL_Driver/Src/stm32f1xx_hal_gpio.c.obj
 .debug_macro   0x00016110      0x1b3 CMakeFiles/gps-tracker.dir/C_/Microcontrollers/gps-tracker/common/Drivers/STM32F1xx_HAL_Driver/Src/stm32f1xx_hal_rcc.c.obj
 .debug_macro   0x000162c3      0x1a2 CMakeFiles/gps-tracker.dir/C_/Microcontrollers/gps-tracker/common/Drivers/STM32F1xx_HAL_Driver/Src/stm32f1xx_hal_tim.c.obj
 .debug_macro   0x00016465      0x1a1 CMakeFiles/gps-tracker.dir/C_/Microcontrollers/gps-tracker/common/Drivers/STM32F1xx_HAL_Driver/Src/stm32f1xx_hal_tim_ex.c.obj
 .debug_macro   0x00016606      0x1a2 CMakeFiles/gps-tracker.dir/C_/Microcontrollers/gps-tracker/common/Drivers/STM32F1xx_HAL_Driver/Src/stm32f1xx_hal_uart.c.obj
 .debug_macro   0x000167a8      0x1b5 CMakeFiles/gps-tracker.dir/C_/Microcontrollers/gps-tracker/common/Core/Src/gpio.c.obj
 .debug_macro   0x0001695d      0x1ab CMakeFiles/gps-tracker.dir/C_/Microcontrollers/gps-tracker/common/Core/Src/stm32f1xx_hal_msp.c.obj
 .debug_macro   0x00016b08      0x1b5 CMakeFiles/gps-tracker.dir/C_/Microcontrollers/gps-tracker/common/Core/Src/stm32f1xx_it.c.obj
 .debug_macro   0x00016cbd      0x1a1 CMakeFiles/gps-tracker.dir/C_/Microcontrollers/gps-tracker/common/Core/Src/system_stm32f1xx.c.obj
 .debug_macro   0x00016e5e      0x1b5 CMakeFiles/gps-tracker.dir/C_/Microcontrollers/gps-tracker/common/Core/Src/tim.c.obj
 .debug_macro   0x00017013      0x1b5 CMakeFiles/gps-tracker.dir/C_/Microcontrollers/gps-tracker/common/Core/Src/usart.c.obj

.comment        0x00000000       0x55
 .comment       0x00000000       0x55 CMakeFiles/gps-tracker.dir/C_/Microcontrollers/gps-tracker/common/Core/Src/main.c.obj
                                 0x56 (size before relaxing)
 .comment       0x00000055       0x56 CMakeFiles/gps-tracker.dir/src/nmea.c.obj
 .comment       0x00000055       0x56 CMakeFiles/gps-tracker.dir/src/button.c.obj
 .comment       0x00000055       0x56 CMakeFiles/gps-tracker.dir/C_/Microcontrollers/gps-tracker/common/Drivers/STM32F1xx_HAL_Driver/Src/stm32f1xx_hal.c.obj
 .comment       0x00000055       0x56 CMakeFiles/gps-tracker.dir/C_/Microcontrollers/gps-tracker/common/Drivers/STM32F1xx_HAL_Driver/Src/stm32f1xx_hal_cortex.c.obj
 .comment       0x00000055       0x56 CMakeFiles/gps-tracker.dir/C_/Microcontrollers/gps-tracker/common/Drivers/STM32F1xx_HAL_Driver/Src/stm32f1xx_hal_dma.c.obj
 .comment       0x00000055       0x56 CMakeFiles/gps-tracker.dir/C_/Microcontrollers/gps-tracker/common/Drivers/STM32F1xx_HAL_Driver/Src/stm32f1xx_hal_gpio.c.obj
 .comment       0x00000055       0x56 CMakeFiles/gps-tracker.dir/C_/Microcontrollers/gps-tracker/common/Drivers/STM32F1xx_HAL_Driver/Src/stm32f1xx_hal_rcc.c.obj
 .comment       0x00000055       0x56 CMakeFiles/gps-tracker.dir/C_/Microcontrollers/gps-tracker/common/Drivers/STM32F1xx_HAL_Driver/Src/stm32f1xx_hal_tim.c.obj
 .comment       0x00000055       0x56 CMakeFiles/gps-tracker.dir/C_/Microcontrollers/gps-tracker/common/Drivers/STM32F1xx_HAL_Driver/Src/stm32f1xx_hal_tim_ex.c.obj
 .comment       0x00000055       0x56 CMakeFiles/gps-tracker.dir/C_/Microcontrollers/gps-tracker/common/Drivers/STM32F1xx_HAL_Driver/Src/stm32f1xx_hal_uart.c.obj
 .comment       0x00000055       0x56 CMakeFiles/gps-tracker.dir/C_/Microcontrollers/gps-tracker/common/Core/Src/gpio.c.obj
 .comment       0x00000055       0x56 CMakeFiles/gps-tracker.dir/C_/Microcontrollers/gps-tracker/common/Core/Src/stm32f1xx_hal_msp.c.obj
 .comment       0x00000055       0x56 CMakeFiles/gps-tracker.dir/C_/Microcontrollers/gps-tracker/common/Core/Src/stm32f1xx_it.c.obj
 .comment       0x00000055       0x56 CMakeFiles/gps-tracker.dir/C_/Microcontrollers/gps-tracker/common/Core/Src/system_stm32f1xx.c.obj
 .comment       0x00000055       0x56 CMakeFiles/gps-tracker.dir/C_/Microcontrollers/gps-tracker/common/Core/Src/tim.c.obj
 .comment       0x00000055       0x56 CMakeFiles/gps-tracker.dir/C_/Microcontrollers/gps-tracker/common/Core/Src/usart.c.obj

.debug_frame    0x00000000     0x35f0
 .debug_frame   0x00000000       0xd4 CMakeFiles/gps-tracker.dir/C_/Microcontrollers/gps-tracker/common/Core/Src/main.c.obj
 .debug_frame   0x000000d4      0x188 CMakeFiles/gps-tracker.dir/src/nmea.c.obj
 .debug_frame   0x0000025c       0x5c CMakeFiles/gps-tracker.dir/src/button.c.obj
 .debug_frame   0x000002b8      0x334 CMakeFiles/gps-tracker.dir/C_/Microcontrollers/gps-tracker/common/Drivers/STM32F1xx_HAL_Driver/Src/stm32f1xx_hal.c.obj
 .debug_frame   0x000005ec      0x428 CMakeFiles/gps-tracker.dir/C_/Microcontrollers/gps-tracker/common/Drivers/STM32F1xx_HAL_Driver/Src/stm32f1xx_hal_cortex.c.obj
 .debug_frame   0x00000a14      0x208 CMakeFiles/gps-tracker.dir/C_/Microcontrollers/gps-tracker/common/Drivers/STM32F1xx_HAL_Driver/Src/stm32f1xx_hal_dma.c.obj
 .debug_frame   0x00000c1c      0x14c CMakeFiles/gps-tracker.dir/C_/Microcontrollers/gps-tracker/common/Drivers/STM32F1xx_HAL_Driver/Src/stm32f1xx_hal_gpio.c.obj
 .debug_frame   0x00000d68      0x218 CMakeFiles/gps-tracker.dir/C_/Microcontrollers/gps-tracker/common/Drivers/STM32F1xx_HAL_Driver/Src/stm32f1xx_hal_rcc.c.obj
 .debug_frame   0x00000f80     0x11b8 CMakeFiles/gps-tracker.dir/C_/Microcontrollers/gps-tracker/common/Drivers/STM32F1xx_HAL_Driver/Src/stm32f1xx_hal_tim.c.obj
 .debug_frame   0x00002138      0x638 CMakeFiles/gps-tracker.dir/C_/Microcontrollers/gps-tracker/common/Drivers/STM32F1xx_HAL_Driver/Src/stm32f1xx_hal_tim_ex.c.obj
 .debug_frame   0x00002770      0x944 CMakeFiles/gps-tracker.dir/C_/Microcontrollers/gps-tracker/common/Drivers/STM32F1xx_HAL_Driver/Src/stm32f1xx_hal_uart.c.obj
 .debug_frame   0x000030b4       0x34 CMakeFiles/gps-tracker.dir/C_/Microcontrollers/gps-tracker/common/Core/Src/gpio.c.obj
 .debug_frame   0x000030e8       0x38 CMakeFiles/gps-tracker.dir/C_/Microcontrollers/gps-tracker/common/Core/Src/stm32f1xx_hal_msp.c.obj
 .debug_frame   0x00003120      0x158 CMakeFiles/gps-tracker.dir/C_/Microcontrollers/gps-tracker/common/Core/Src/stm32f1xx_it.c.obj
 .debug_frame   0x00003278       0x58 CMakeFiles/gps-tracker.dir/C_/Microcontrollers/gps-tracker/common/Core/Src/system_stm32f1xx.c.obj
 .debug_frame   0x000032d0       0x84 CMakeFiles/gps-tracker.dir/C_/Microcontrollers/gps-tracker/common/Core/Src/tim.c.obj
 .debug_frame   0x00003354       0x90 CMakeFiles/gps-tracker.dir/C_/Microcontrollers/gps-tracker/common/Core/Src/usart.c.obj
 .debug_frame   0x000033e4       0x2c c:/sysgcc/arm-eabi/bin/../lib/gcc/arm-none-eabi/12.2.1/thumb/v7-m/nofp\libg.a(libc_a-memset.o)
 .debug_frame   0x00003410       0x2c c:/sysgcc/arm-eabi/bin/../lib/gcc/arm-none-eabi/12.2.1/thumb/v7-m/nofp\libg.a(libc_a-init.o)
 .debug_frame   0x0000343c       0xb0 c:/sysgcc/arm-eabi/bin/../lib/gcc/arm-none-eabi/12.2.1/thumb/v7-m/nofp\libg.a(libc_a-lock.o)
 .debug_frame   0x000034ec       0x20 c:/sysgcc/arm-eabi/bin/../lib/gcc/arm-none-eabi/12.2.1/thumb/v7-m/nofp\libg.a(libc_a-strlen-stub.o)
 .debug_frame   0x0000350c       0x5c c:/sysgcc/arm-eabi/bin/../lib/gcc/arm-none-eabi/12.2.1/thumb/v7-m/nofp\libg.a(libc_a-__call_atexit.o)
 .debug_frame   0x00003568       0x20 c:/sysgcc/arm-eabi/bin/../lib/gcc/arm-none-eabi/12.2.1/thumb/v7-m/nofp\libg.a(libc_a-atexit.o)
 .debug_frame   0x00003588       0x34 c:/sysgcc/arm-eabi/bin/../lib/gcc/arm-none-eabi/12.2.1/thumb/v7-m/nofp\libg.a(libc_a-fini.o)
 .debug_frame   0x000035bc       0x34 c:/sysgcc/arm-eabi/bin/../lib/gcc/arm-none-eabi/12.2.1/thumb/v7-m/nofp\libg.a(libc_a-__atexit.o)
