Archive member included to satisfy reference by file (symbol)

c:/sysgcc/arm-eabi/bin/../lib/gcc/arm-none-eabi/12.3.1/thumb/v7-m/nofp\libg.a(libc_a-exit.o)
                              c:/sysgcc/arm-eabi/bin/../lib/gcc/arm-none-eabi/12.3.1/thumb/v7-m/nofp/crt0.o (exit)
c:/sysgcc/arm-eabi/bin/../lib/gcc/arm-none-eabi/12.3.1/thumb/v7-m/nofp\libg.a(libc_a-findfp.o)
                              c:/sysgcc/arm-eabi/bin/../lib/gcc/arm-none-eabi/12.3.1/thumb/v7-m/nofp\libg.a(libc_a-exit.o) (__stdio_exit_handler)
c:/sysgcc/arm-eabi/bin/../lib/gcc/arm-none-eabi/12.3.1/thumb/v7-m/nofp\libg.a(libc_a-fwalk.o)
                              c:/sysgcc/arm-eabi/bin/../lib/gcc/arm-none-eabi/12.3.1/thumb/v7-m/nofp\libg.a(libc_a-findfp.o) (_fwalk_sglue)
c:/sysgcc/arm-eabi/bin/../lib/gcc/arm-none-eabi/12.3.1/thumb/v7-m/nofp\libg.a(libc_a-stdio.o)
                              c:/sysgcc/arm-eabi/bin/../lib/gcc/arm-none-eabi/12.3.1/thumb/v7-m/nofp\libg.a(libc_a-findfp.o) (__sread)
c:/sysgcc/arm-eabi/bin/../lib/gcc/arm-none-eabi/12.3.1/thumb/v7-m/nofp\libg.a(libc_a-memset.o)
                              c:/sysgcc/arm-eabi/bin/../lib/gcc/arm-none-eabi/12.3.1/thumb/v7-m/nofp/crt0.o (memset)
c:/sysgcc/arm-eabi/bin/../lib/gcc/arm-none-eabi/12.3.1/thumb/v7-m/nofp\libg.a(libc_a-closer.o)
                              c:/sysgcc/arm-eabi/bin/../lib/gcc/arm-none-eabi/12.3.1/thumb/v7-m/nofp\libg.a(libc_a-stdio.o) (_close_r)
c:/sysgcc/arm-eabi/bin/../lib/gcc/arm-none-eabi/12.3.1/thumb/v7-m/nofp\libg.a(libc_a-reent.o)
                              c:/sysgcc/arm-eabi/bin/../lib/gcc/arm-none-eabi/12.3.1/thumb/v7-m/nofp\libg.a(libc_a-closer.o) (errno)
c:/sysgcc/arm-eabi/bin/../lib/gcc/arm-none-eabi/12.3.1/thumb/v7-m/nofp\libg.a(libc_a-impure.o)
                              c:/sysgcc/arm-eabi/bin/../lib/gcc/arm-none-eabi/12.3.1/thumb/v7-m/nofp\libg.a(libc_a-reent.o) (_impure_ptr)
c:/sysgcc/arm-eabi/bin/../lib/gcc/arm-none-eabi/12.3.1/thumb/v7-m/nofp\libg.a(libc_a-lseekr.o)
                              c:/sysgcc/arm-eabi/bin/../lib/gcc/arm-none-eabi/12.3.1/thumb/v7-m/nofp\libg.a(libc_a-stdio.o) (_lseek_r)
c:/sysgcc/arm-eabi/bin/../lib/gcc/arm-none-eabi/12.3.1/thumb/v7-m/nofp\libg.a(libc_a-readr.o)
                              c:/sysgcc/arm-eabi/bin/../lib/gcc/arm-none-eabi/12.3.1/thumb/v7-m/nofp\libg.a(libc_a-stdio.o) (_read_r)
c:/sysgcc/arm-eabi/bin/../lib/gcc/arm-none-eabi/12.3.1/thumb/v7-m/nofp\libg.a(libc_a-writer.o)
                              c:/sysgcc/arm-eabi/bin/../lib/gcc/arm-none-eabi/12.3.1/thumb/v7-m/nofp\libg.a(libc_a-stdio.o) (_write_r)
c:/sysgcc/arm-eabi/bin/../lib/gcc/arm-none-eabi/12.3.1/thumb/v7-m/nofp\libg.a(libc_a-errno.o)
                              CMakeFiles/gps-tracker.dir/C_/Microcontrollers/gps-tracker/common/Core/Src/syscalls.c.obj (__errno)
c:/sysgcc/arm-eabi/bin/../lib/gcc/arm-none-eabi/12.3.1/thumb/v7-m/nofp\libg.a(libc_a-init.o)
                              c:/sysgcc/arm-eabi/bin/../lib/gcc/arm-none-eabi/12.3.1/thumb/v7-m/nofp/crt0.o (__libc_init_array)
c:/sysgcc/arm-eabi/bin/../lib/gcc/arm-none-eabi/12.3.1/thumb/v7-m/nofp\libg.a(libc_a-lock.o)
                              c:/sysgcc/arm-eabi/bin/../lib/gcc/arm-none-eabi/12.3.1/thumb/v7-m/nofp\libg.a(libc_a-findfp.o) (__retarget_lock_init_recursive)
c:/sysgcc/arm-eabi/bin/../lib/gcc/arm-none-eabi/12.3.1/thumb/v7-m/nofp\libg.a(libc_a-strlen-stub.o)
                              CMakeFiles/gps-tracker.dir/src/nmea.c.obj (strlen)
c:/sysgcc/arm-eabi/bin/../lib/gcc/arm-none-eabi/12.3.1/thumb/v7-m/nofp\libg.a(libc_a-__call_atexit.o)
                              c:/sysgcc/arm-eabi/bin/../lib/gcc/arm-none-eabi/12.3.1/thumb/v7-m/nofp\libg.a(libc_a-exit.o) (__call_exitprocs)
c:/sysgcc/arm-eabi/bin/../lib/gcc/arm-none-eabi/12.3.1/thumb/v7-m/nofp\libg.a(libc_a-atexit.o)
                              c:/sysgcc/arm-eabi/bin/../lib/gcc/arm-none-eabi/12.3.1/thumb/v7-m/nofp\libg.a(libc_a-__call_atexit.o) (atexit)
c:/sysgcc/arm-eabi/bin/../lib/gcc/arm-none-eabi/12.3.1/thumb/v7-m/nofp\libg.a(libc_a-freer.o)
                              c:/sysgcc/arm-eabi/bin/../lib/gcc/arm-none-eabi/12.3.1/thumb/v7-m/nofp\libg.a(libc_a-reent.o) (_free_r)
c:/sysgcc/arm-eabi/bin/../lib/gcc/arm-none-eabi/12.3.1/thumb/v7-m/nofp\libg.a(libc_a-mallocr.o)
                              c:/sysgcc/arm-eabi/bin/../lib/gcc/arm-none-eabi/12.3.1/thumb/v7-m/nofp\libg.a(libc_a-findfp.o) (_malloc_r)
c:/sysgcc/arm-eabi/bin/../lib/gcc/arm-none-eabi/12.3.1/thumb/v7-m/nofp\libg.a(libc_a-mlock.o)
                              c:/sysgcc/arm-eabi/bin/../lib/gcc/arm-none-eabi/12.3.1/thumb/v7-m/nofp\libg.a(libc_a-freer.o) (__malloc_lock)
c:/sysgcc/arm-eabi/bin/../lib/gcc/arm-none-eabi/12.3.1/thumb/v7-m/nofp\libg.a(libc_a-fclose.o)
                              c:/sysgcc/arm-eabi/bin/../lib/gcc/arm-none-eabi/12.3.1/thumb/v7-m/nofp\libg.a(libc_a-findfp.o) (_fclose_r)
c:/sysgcc/arm-eabi/bin/../lib/gcc/arm-none-eabi/12.3.1/thumb/v7-m/nofp\libg.a(libc_a-fflush.o)
[...]
Memory Configuration

Name             Origin             Length             Attributes
RAM              0x20000000         0x00002800         xrw
FLASH            0x08000000         0x00008000         xr
*default*        0x00000000         0xffffffff

Linker script and memory map

LOAD c:/sysgcc/arm-eabi/bin/../lib/gcc/arm-none-eabi/12.3.1/thumb/v7-m/nofp/crti.o
LOAD c:/sysgcc/arm-eabi/bin/../lib/gcc/arm-none-eabi/12.3.1/thumb/v7-m/nofp/crtbegin.o
LOAD c:/sysgcc/arm-eabi/bin/../lib/gcc/arm-none-eabi/12.3.1/thumb/v7-m/nofp/crt0.o
LOAD CMakeFiles/BSP.dir/C_/Program_Files_(x86)/Sysprogs/VisualGDB/CMake/embedded/dummy.c.obj
LOAD CMakeFiles/gps-tracker.dir/C_/Microcontrollers/gps-tracker/common/Startup/startup_stm32f103c6tx.s.obj
LOAD CMakeFiles/gps-tracker.dir/C_/Microcontrollers/gps-tracker/common/Core/Src/main.c.obj
LOAD CMakeFiles/gps-tracker.dir/src/nmea.c.obj
LOAD CMakeFiles/gps-tracker.dir/src/button.c.obj
LOAD CMakeFiles/gps-tracker.dir/src/flash.c.obj
LOAD CMakeFiles/gps-tracker.dir/C_/Microcontrollers/gps-tracker/common/Drivers/STM32F1xx_HAL_Driver/Src/stm32f1xx_hal.c.obj
LOAD CMakeFiles/gps-tracker.dir/C_/Microcontrollers/gps-tracker/common/Drivers/STM32F1xx_HAL_Driver/Src/stm32f1xx_hal_cortex.c.obj
LOAD CMakeFiles/gps-tracker.dir/C_/Microcontrollers/gps-tracker/common/Drivers/STM32F1xx_HAL_Driver/Src/stm32f1xx_hal_dma.c.obj
LOAD CMakeFiles/gps-tracker.dir/C_/Microcontrollers/gps-tracker/common/Drivers/STM32F1xx_HAL_Driver/Src/stm32f1xx_hal_exti.c.obj
LOAD CMakeFiles/gps-tracker.dir/C_/Microcontrollers/gps-tracker/common/Drivers/STM32F1xx_HAL_Driver/Src/stm32f1xx_hal_flash.c.obj
LOAD CMakeFiles/gps-tracker.dir/C_/Microcontrollers/gps-tracker/common/Drivers/STM32F1xx_HAL_Driver/Src/stm32f1xx_hal_flash_ex.c.obj
LOAD CMakeFiles/gps-tracker.dir/C_/Microcontrollers/gps-tracker/common/Drivers/STM32F1xx_HAL_Driver/Src/stm32f1xx_hal_gpio.c.obj
LOAD CMakeFiles/gps-tracker.dir/C_/Microcontrollers/gps-tracker/common/Drivers/STM32F1xx_HAL_Driver/Src/stm32f1xx_hal_gpio_ex.c.obj
LOAD CMakeFiles/gps-tracker.dir/C_/Microcontrollers/gps-tracker/common/Drivers/STM32F1xx_HAL_Driver/Src/stm32f1xx_hal_pwr.c.obj
LOAD CMakeFiles/gps-tracker.dir/C_/Microcontrollers/gps-tracker/common/Drivers/STM32F1xx_HAL_Driver/Src/stm32f1xx_hal_rcc.c.obj
LOAD CMakeFiles/gps-tracker.dir/C_/Microcontrollers/gps-tracker/common/Drivers/STM32F1xx_HAL_Driver/Src/stm32f1xx_hal_rcc_ex.c.obj
LOAD CMakeFiles/gps-tracker.dir/C_/Microcontrollers/gps-tracker/common/Drivers/STM32F1xx_HAL_Driver/Src/stm32f1xx_hal_tim.c.obj
LOAD CMakeFiles/gps-tracker.dir/C_/Microcontrollers/gps-tracker/common/Drivers/STM32F1xx_HAL_Driver/Src/stm32f1xx_hal_tim_ex.c.obj
LOAD CMakeFiles/gps-tracker.dir/C_/Microcontrollers/gps-tracker/common/Drivers/STM32F1xx_HAL_Driver/Src/stm32f1xx_hal_uart.c.obj
LOAD CMakeFiles/gps-tracker.dir/C_/Microcontrollers/gps-tracker/common/Core/Src/gpio.c.obj
LOAD CMakeFiles/gps-tracker.dir/C_/Microcontrollers/gps-tracker/common/Core/Src/stm32f1xx_hal_msp.c.obj
LOAD CMakeFiles/gps-tracker.dir/C_/Microcontrollers/gps-tracker/common/Core/Src/stm32f1xx_it.c.obj
LOAD CMakeFiles/gps-tracker.dir/C_/Microcontrollers/gps-tracker/common/Core/Src/syscalls.c.obj
LOAD CMakeFiles/gps-tracker.dir/C_/Microcontrollers/gps-tracker/common/Core/Src/sysmem.c.obj
LOAD CMakeFiles/gps-tracker.dir/C_/Microcontrollers/gps-tracker/common/Core/Src/system_stm32f1xx.c.obj
LOAD CMakeFiles/gps-tracker.dir/C_/Microcontrollers/gps-tracker/common/Core/Src/tim.c.obj
LOAD CMakeFiles/gps-tracker.dir/C_/Microcontrollers/gps-tracker/common/Core/Src/usart.c.obj
START GROUP
LOAD c:/sysgcc/arm-eabi/bin/../lib/gcc/arm-none-eabi/12.3.1/thumb/v7-m/nofp\libgcc.a
LOAD c:/sysgcc/arm-eabi/bin/../lib/gcc/arm-none-eabi/12.3.1/thumb/v7-m/nofp\libg.a
LOAD c:/sysgcc/arm-eabi/bin/../lib/gcc/arm-none-eabi/12.3.1/thumb/v7-m/nofp\libc.a
END GROUP
LOAD c:/sysgcc/arm-eabi/bin/../lib/gcc/arm-none-eabi/12.3.1/thumb/v7-m/nofp/crtend.o
LOAD c:/sysgcc/arm-eabi/bin/../lib/gcc/arm-none-eabi/12.3.1/thumb/v7-m/nofp/crtn.o
                0x20002800                        _estack = (ORIGIN (RAM) + LENGTH (RAM))
                0x00000200                        _Min_Heap_Size = 0x200
                0x00000400                        _Min_Stack_Size = 0x400

.isr_vector     0x08000000      0x10c
                0x08000000                        . = ALIGN (0x4)
 *(.isr_vector)
 .isr_vector    0x08000000      0x10c CMakeFiles/gps-tracker.dir/C_/Microcontrollers/gps-tracker/common/Startup/startup_stm32f103c6tx.s.obj
                0x08000000                g_pfnVectors
                0x0800010c                        . = ALIGN (0x4)

.text           0x0800010c     0x3cd4
                0x0800010c                        . = ALIGN (0x4)
 *(.text)
 *(.text*)
 .text.deregister_tm_clones
                0x0800010c       0x1c c:/sysgcc/arm-eabi/bin/../lib/gcc/arm-none-eabi/12.3.1/thumb/v7-m/nofp/crtbegin.o
 .text.register_tm_clones
                0x08000128       0x24 c:/sysgcc/arm-eabi/bin/../lib/gcc/arm-none-eabi/12.3.1/thumb/v7-m/nofp/crtbegin.o
 .text.__do_global_dtors_aux
                0x0800014c       0x28 c:/sysgcc/arm-eabi/bin/../lib/gcc/arm-none-eabi/12.3.1/thumb/v7-m/nofp/crtbegin.o
 .text.frame_dummy
                0x08000174       0x24 c:/sysgcc/arm-eabi/bin/../lib/gcc/arm-none-eabi/12.3.1/thumb/v7-m/nofp/crtbegin.o
 .text.Reset_Handler
                0x08000198       0x48 CMakeFiles/gps-tracker.dir/C_/Microcontrollers/gps-tracker/common/Startup/startup_stm32f103c6tx.s.obj
                0x08000198                Reset_Handler
 .text.Default_Handler
                0x080001e0        0x2 CMakeFiles/gps-tracker.dir/C_/Microcontrollers/gps-tracker/common/Startup/startup_stm32f103c6tx.s.obj
                0x080001e0                RTC_Alarm_IRQHandler
                0x080001e0                EXTI2_IRQHandler
                0x080001e0                TIM1_CC_IRQHandler
                0x080001e0                PVD_IRQHandler
                0x080001e0                EXTI3_IRQHandler
                0x080001e0                EXTI0_IRQHandler
                0x080001e0                ADC1_2_IRQHandler
                0x080001e0                SPI1_IRQHandler
                0x080001e0                TAMPER_IRQHandler
                0x080001e0                DMA1_Channel4_IRQHandler
                0x080001e0                RTC_IRQHandler
                0x080001e0                DMA1_Channel7_IRQHandler
                0x080001e0                CAN1_RX1_IRQHandler
                0x080001e0                I2C1_EV_IRQHandler
                0x080001e0                DMA1_Channel6_IRQHandler
                0x080001e0                TIM3_IRQHandler
                0x080001e0                RCC_IRQHandler
                0x080001e0                TIM1_TRG_COM_IRQHandler
                0x080001e0                DMA1_Channel1_IRQHandler
                0x080001e0                Default_Handler
                0x080001e0                DMA1_Channel5_IRQHandler
                0x080001e0                EXTI4_IRQHandler
                0x080001e0                USB_LP_CAN1_RX0_IRQHandler
                0x080001e0                USB_HP_CAN1_TX_IRQHandler
                0x080001e0                DMA1_Channel3_IRQHandler
                0x080001e0                TIM1_UP_IRQHandler
                0x080001e0                WWDG_IRQHandler
                0x080001e0                TIM1_BRK_IRQHandler
                0x080001e0                EXTI1_IRQHandler
                0x080001e0                USART2_IRQHandler
                0x080001e0                DMA1_Channel2_IRQHandler
                0x080001e0                CAN1_SCE_IRQHandler
                0x080001e0                FLASH_IRQHandler
                0x080001e0                I2C1_ER_IRQHandler
                0x080001e0                USBWakeUp_IRQHandler
 *fill*         0x080001e2        0x2 
 .text.HAL_UART_RxCpltCallback
                0x080001e4       0x68 CMakeFiles/gps-tracker.dir/C_/Microcontrollers/gps-tracker/common/Core/Src/main.c.obj
                0x080001e4                HAL_UART_RxCpltCallback
 .text.main     0x0800024c      0x248 CMakeFiles/gps-tracker.dir/C_/Microcontrollers/gps-tracker/common/Core/Src/main.c.obj
                0x0800024c                main
 .text.SystemClock_Config
                0x08000494       0x78 CMakeFiles/gps-tracker.dir/C_/Microcontrollers/gps-tracker/common/Core/Src/main.c.obj
                0x08000494                SystemClock_Config
 .text.HAL_TIM_PeriodElapsedCallback
                0x0800050c       0x24 CMakeFiles/gps-tracker.dir/C_/Microcontrollers/gps-tracker/common/Core/Src/main.c.obj
                0x0800050c                HAL_TIM_PeriodElapsedCallback
 .text.Error_Handler
                0x08000530        0xa CMakeFiles/gps-tracker.dir/C_/Microcontrollers/gps-tracker/common/Core/Src/main.c.obj
                0x08000530                Error_Handler
 *fill*         0x0800053a        0x2 
 .text.check_valid_data
                0x0800053c      0x10c CMakeFiles/gps-tracker.dir/src/nmea.c.obj
                0x0800053c                check_valid_data
 .text.nmea_handler
                0x08000648      0x1a4 CMakeFiles/gps-tracker.dir/src/nmea.c.obj
                0x08000648                nmea_handler
 .text.set_date
                0x080007ec       0x40 CMakeFiles/gps-tracker.dir/src/nmea.c.obj
                0x080007ec                set_date
 .text.set_time
                0x0800082c       0x6c CMakeFiles/gps-tracker.dir/src/nmea.c.obj
                0x0800082c                set_time
 .text.set_coordinates
                0x08000898      0x150 CMakeFiles/gps-tracker.dir/src/nmea.c.obj
                0x08000898                set_coordinates
 .text.make_buf
                0x080009e8       0xa4 CMakeFiles/gps-tracker.dir/src/nmea.c.obj
                0x080009e8                make_buf
 .text.get_transmit_buf
                0x08000a8c       0x44 CMakeFiles/gps-tracker.dir/src/nmea.c.obj
                0x08000a8c                get_transmit_buf
 .text.set_ind_t
                0x08000ad0       0x1c CMakeFiles/gps-tracker.dir/src/nmea.c.obj
                0x08000ad0                set_ind_t
 .text.set_ind_c
                0x08000aec       0x1c CMakeFiles/gps-tracker.dir/src/nmea.c.obj
                0x08000aec                set_ind_c
 .text.Read_Button_Time_Push
                0x08000b08       0xec CMakeFiles/gps-tracker.dir/src/button.c.obj
                0x08000b08                Read_Button_Time_Push
 .text.Delay    0x08000bf4       0x68 CMakeFiles/gps-tracker.dir/src/button.c.obj
                0x08000bf4                Delay
 .text.FLASH_Erase
                0x08000c5c       0x50 CMakeFiles/gps-tracker.dir/src/flash.c.obj
                0x08000c5c                FLASH_Erase
 .text.FLASH_Program
                0x08000cac       0x78 CMakeFiles/gps-tracker.dir/src/flash.c.obj
                0x08000cac                FLASH_Program
 .text.buf_u8_to_u16
                0x08000d24       0x94 CMakeFiles/gps-tracker.dir/src/flash.c.obj
                0x08000d24                buf_u8_to_u16
 .text.Save_Data
                0x08000db8       0x84 CMakeFiles/gps-tracker.dir/src/flash.c.obj
                0x08000db8                Save_Data
 .text.HAL_Init
                0x08000e3c       0x2c CMakeFiles/gps-tracker.dir/C_/Microcontrollers/gps-tracker/common/Drivers/STM32F1xx_HAL_Driver/Src/stm32f1xx_hal.c.obj
                0x08000e3c                HAL_Init
 .text.HAL_InitTick
                0x08000e68       0x60 CMakeFiles/gps-tracker.dir/C_/Microcontrollers/gps-tracker/common/Drivers/STM32F1xx_HAL_Driver/Src/stm32f1xx_hal.c.obj
                0x08000e68                HAL_InitTick
 .text.HAL_IncTick
                0x08000ec8       0x24 CMakeFiles/gps-tracker.dir/C_/Microcontrollers/gps-tracker/common/Drivers/STM32F1xx_HAL_Driver/Src/stm32f1xx_hal.c.obj
                0x08000ec8                HAL_IncTick
 .text.HAL_GetTick
                0x08000eec       0x14 CMakeFiles/gps-tracker.dir/C_/Microcontrollers/gps-tracker/common/Drivers/STM32F1xx_HAL_Driver/Src/stm32f1xx_hal.c.obj
                0x08000eec                HAL_GetTick
 .text.HAL_Delay
                0x08000f00       0x48 CMakeFiles/gps-tracker.dir/C_/Microcontrollers/gps-tracker/common/Drivers/STM32F1xx_HAL_Driver/Src/stm32f1xx_hal.c.obj
                0x08000f00                HAL_Delay
 .text.__NVIC_SetPriorityGrouping
                0x08000f48       0x48 CMakeFiles/gps-tracker.dir/C_/Microcontrollers/gps-tracker/common/Drivers/STM32F1xx_HAL_Driver/Src/stm32f1xx_hal_cortex.c.obj
 .text.__NVIC_GetPriorityGrouping
                0x08000f90       0x1c CMakeFiles/gps-tracker.dir/C_/Microcontrollers/gps-tracker/common/Drivers/STM32F1xx_HAL_Driver/Src/stm32f1xx_hal_cortex.c.obj
 .text.__NVIC_EnableIRQ
                0x08000fac       0x38 CMakeFiles/gps-tracker.dir/C_/Microcontrollers/gps-tracker/common/Drivers/STM32F1xx_HAL_Driver/Src/stm32f1xx_hal_cortex.c.obj
 .text.__NVIC_SetPriority
                0x08000fe4       0x54 CMakeFiles/gps-tracker.dir/C_/Microcontrollers/gps-tracker/common/Drivers/STM32F1xx_HAL_Driver/Src/stm32f1xx_hal_cortex.c.obj
 .text.NVIC_EncodePriority
                0x08001038       0x64 CMakeFiles/gps-tracker.dir/C_/Microcontrollers/gps-tracker/common/Drivers/STM32F1xx_HAL_Driver/Src/stm32f1xx_hal_cortex.c.obj
 .text.SysTick_Config
                0x0800109c       0x44 CMakeFiles/gps-tracker.dir/C_/Microcontrollers/gps-tracker/common/Drivers/STM32F1xx_HAL_Driver/Src/stm32f1xx_hal_cortex.c.obj
 .text.HAL_NVIC_SetPriorityGrouping
                0x080010e0       0x16 CMakeFiles/gps-tracker.dir/C_/Microcontrollers/gps-tracker/common/Drivers/STM32F1xx_HAL_Driver/Src/stm32f1xx_hal_cortex.c.obj
                0x080010e0                HAL_NVIC_SetPriorityGrouping
 .text.HAL_NVIC_SetPriority
                0x080010f6       0x38 CMakeFiles/gps-tracker.dir/C_/Microcontrollers/gps-tracker/common/Drivers/STM32F1xx_HAL_Driver/Src/stm32f1xx_hal_cortex.c.obj
                0x080010f6                HAL_NVIC_SetPriority
 .text.HAL_NVIC_EnableIRQ
                0x0800112e       0x1c CMakeFiles/gps-tracker.dir/C_/Microcontrollers/gps-tracker/common/Drivers/STM32F1xx_HAL_Driver/Src/stm32f1xx_hal_cortex.c.obj
                0x0800112e                HAL_NVIC_EnableIRQ
 .text.HAL_SYSTICK_Config
                0x0800114a       0x18 CMakeFiles/gps-tracker.dir/C_/Microcontrollers/gps-tracker/common/Drivers/STM32F1xx_HAL_Driver/Src/stm32f1xx_hal_cortex.c.obj
                0x0800114a                HAL_SYSTICK_Config
 .text.HAL_DMA_Abort
                0x08001162       0x76 CMakeFiles/gps-tracker.dir/C_/Microcontrollers/gps-tracker/common/Drivers/STM32F1xx_HAL_Driver/Src/stm32f1xx_hal_dma.c.obj
                0x08001162                HAL_DMA_Abort
 .text.HAL_DMA_Abort_IT
                0x080011d8       0xf0 CMakeFiles/gps-tracker.dir/C_/Microcontrollers/gps-tracker/common/Drivers/STM32F1xx_HAL_Driver/Src/stm32f1xx_hal_dma.c.obj
                0x080011d8                HAL_DMA_Abort_IT
 .text.HAL_FLASH_Program
                0x080012c8       0xe0 CMakeFiles/gps-tracker.dir/C_/Microcontrollers/gps-tracker/common/Drivers/STM32F1xx_HAL_Driver/Src/stm32f1xx_hal_flash.c.obj
                0x080012c8                HAL_FLASH_Program
 .text.HAL_FLASH_Unlock
                0x080013a8       0x4c CMakeFiles/gps-tracker.dir/C_/Microcontrollers/gps-tracker/common/Drivers/STM32F1xx_HAL_Driver/Src/stm32f1xx_hal_flash.c.obj
                0x080013a8                HAL_FLASH_Unlock
 .text.HAL_FLASH_Lock
                0x080013f4       0x20 CMakeFiles/gps-tracker.dir/C_/Microcontrollers/gps-tracker/common/Drivers/STM32F1xx_HAL_Driver/Src/stm32f1xx_hal_flash.c.obj
                0x080013f4                HAL_FLASH_Lock
 .text.HAL_FLASH_GetError
                0x08001414       0x14 CMakeFiles/gps-tracker.dir/C_/Microcontrollers/gps-tracker/common/Drivers/STM32F1xx_HAL_Driver/Src/stm32f1xx_hal_flash.c.obj
                0x08001414                HAL_FLASH_GetError
 .text.FLASH_Program_HalfWord
                0x08001428       0x38 CMakeFiles/gps-tracker.dir/C_/Microcontrollers/gps-tracker/common/Drivers/STM32F1xx_HAL_Driver/Src/stm32f1xx_hal_flash.c.obj
 .text.FLASH_WaitForLastOperation
                0x08001460       0x8c CMakeFiles/gps-tracker.dir/C_/Microcontrollers/gps-tracker/common/Drivers/STM32F1xx_HAL_Driver/Src/stm32f1xx_hal_flash.c.obj
                0x08001460                FLASH_WaitForLastOperation
 .text.FLASH_SetErrorCode
                0x080014ec       0xa0 CMakeFiles/gps-tracker.dir/C_/Microcontrollers/gps-tracker/common/Drivers/STM32F1xx_HAL_Driver/Src/stm32f1xx_hal_flash.c.obj
 .text.HAL_FLASHEx_Erase
                0x0800158c       0xd8 CMakeFiles/gps-tracker.dir/C_/Microcontrollers/gps-tracker/common/Drivers/STM32F1xx_HAL_Driver/Src/stm32f1xx_hal_flash_ex.c.obj
                0x0800158c                HAL_FLASHEx_Erase
 .text.FLASH_MassErase
                0x08001664       0x38 CMakeFiles/gps-tracker.dir/C_/Microcontrollers/gps-tracker/common/Drivers/STM32F1xx_HAL_Driver/Src/stm32f1xx_hal_flash_ex.c.obj
 .text.FLASH_PageErase
                0x0800169c       0x40 CMakeFiles/gps-tracker.dir/C_/Microcontrollers/gps-tracker/common/Drivers/STM32F1xx_HAL_Driver/Src/stm32f1xx_hal_flash_ex.c.obj
                0x0800169c                FLASH_PageErase
 .text.HAL_GPIO_Init
                0x080016dc      0x2f8 CMakeFiles/gps-tracker.dir/C_/Microcontrollers/gps-tracker/common/Drivers/STM32F1xx_HAL_Driver/Src/stm32f1xx_hal_gpio.c.obj
                0x080016dc                HAL_GPIO_Init
 .text.HAL_GPIO_ReadPin
                0x080019d4       0x2e CMakeFiles/gps-tracker.dir/C_/Microcontrollers/gps-tracker/common/Drivers/STM32F1xx_HAL_Driver/Src/stm32f1xx_hal_gpio.c.obj
                0x080019d4                HAL_GPIO_ReadPin
 .text.HAL_GPIO_WritePin
                0x08001a02       0x30 CMakeFiles/gps-tracker.dir/C_/Microcontrollers/gps-tracker/common/Drivers/STM32F1xx_HAL_Driver/Src/stm32f1xx_hal_gpio.c.obj
                0x08001a02                HAL_GPIO_WritePin
 *fill*         0x08001a32        0x2 
 .text.HAL_GPIO_EXTI_IRQHandler
                0x08001a34       0x30 CMakeFiles/gps-tracker.dir/C_/Microcontrollers/gps-tracker/common/Drivers/STM32F1xx_HAL_Driver/Src/stm32f1xx_hal_gpio.c.obj
                0x08001a34                HAL_GPIO_EXTI_IRQHandler
 .text.HAL_GPIO_EXTI_Callback
                0x08001a64       0x14 CMakeFiles/gps-tracker.dir/C_/Microcontrollers/gps-tracker/common/Drivers/STM32F1xx_HAL_Driver/Src/stm32f1xx_hal_gpio.c.obj
                0x08001a64                HAL_GPIO_EXTI_Callback
 .text.HAL_RCC_OscConfig
                0x08001a78      0x504 CMakeFiles/gps-tracker.dir/C_/Microcontrollers/gps-tracker/common/Drivers/STM32F1xx_HAL_Driver/Src/stm32f1xx_hal_rcc.c.obj
                0x08001a78                HAL_RCC_OscConfig
 .text.HAL_RCC_ClockConfig
                0x08001f7c      0x1d4 CMakeFiles/gps-tracker.dir/C_/Microcontrollers/gps-tracker/common/Drivers/STM32F1xx_HAL_Driver/Src/stm32f1xx_hal_rcc.c.obj
                0x08001f7c                HAL_RCC_ClockConfig
 .text.HAL_RCC_GetSysClockFreq
                0x08002150       0xa8 CMakeFiles/gps-tracker.dir/C_/Microcontrollers/gps-tracker/common/Drivers/STM32F1xx_HAL_Driver/Src/stm32f1xx_hal_rcc.c.obj
                0x08002150                HAL_RCC_GetSysClockFreq
 .text.HAL_RCC_GetHCLKFreq
                0x080021f8       0x14 CMakeFiles/gps-tracker.dir/C_/Microcontrollers/gps-tracker/common/Drivers/STM32F1xx_HAL_Driver/Src/stm32f1xx_hal_rcc.c.obj
                0x080021f8                HAL_RCC_GetHCLKFreq
 .text.HAL_RCC_GetPCLK1Freq
                0x0800220c       0x28 CMakeFiles/gps-tracker.dir/C_/Microcontrollers/gps-tracker/common/Drivers/STM32F1xx_HAL_Driver/Src/stm32f1xx_hal_rcc.c.obj
                0x0800220c                HAL_RCC_GetPCLK1Freq
 .text.HAL_RCC_GetPCLK2Freq
                0x08002234       0x28 CMakeFiles/gps-tracker.dir/C_/Microcontrollers/gps-tracker/common/Drivers/STM32F1xx_HAL_Driver/Src/stm32f1xx_hal_rcc.c.obj
                0x08002234                HAL_RCC_GetPCLK2Freq
 .text.RCC_Delay
                0x0800225c       0x3c CMakeFiles/gps-tracker.dir/C_/Microcontrollers/gps-tracker/common/Drivers/STM32F1xx_HAL_Driver/Src/stm32f1xx_hal_rcc.c.obj
 .text.HAL_TIM_Base_Init
                0x08002298       0x9e CMakeFiles/gps-tracker.dir/C_/Microcontrollers/gps-tracker/common/Drivers/STM32F1xx_HAL_Driver/Src/stm32f1xx_hal_tim.c.obj
                0x08002298                HAL_TIM_Base_Init
 *fill*         0x08002336        0x2 
 .text.HAL_TIM_Base_Start_IT
                0x08002338       0x98 CMakeFiles/gps-tracker.dir/C_/Microcontrollers/gps-tracker/common/Drivers/STM32F1xx_HAL_Driver/Src/stm32f1xx_hal_tim.c.obj
                0x08002338                HAL_TIM_Base_Start_IT
 .text.HAL_TIM_IRQHandler
                0x080023d0      0x210 CMakeFiles/gps-tracker.dir/C_/Microcontrollers/gps-tracker/common/Drivers/STM32F1xx_HAL_Driver/Src/stm32f1xx_hal_tim.c.obj
                0x080023d0                HAL_TIM_IRQHandler
 .text.HAL_TIM_ConfigClockSource
                0x080025e0      0x18e CMakeFiles/gps-tracker.dir/C_/Microcontrollers/gps-tracker/common/Drivers/STM32F1xx_HAL_Driver/Src/stm32f1xx_hal_tim.c.obj
                0x080025e0                HAL_TIM_ConfigClockSource
 .text.HAL_TIM_OC_DelayElapsedCallback
                0x0800276e       0x12 CMakeFiles/gps-tracker.dir/C_/Microcontrollers/gps-tracker/common/Drivers/STM32F1xx_HAL_Driver/Src/stm32f1xx_hal_tim.c.obj
                0x0800276e                HAL_TIM_OC_DelayElapsedCallback
 .text.HAL_TIM_IC_CaptureCallback
                0x08002780       0x12 CMakeFiles/gps-tracker.dir/C_/Microcontrollers/gps-tracker/common/Drivers/STM32F1xx_HAL_Driver/Src/stm32f1xx_hal_tim.c.obj
                0x08002780                HAL_TIM_IC_CaptureCallback
 .text.HAL_TIM_PWM_PulseFinishedCallback
                0x08002792       0x12 CMakeFiles/gps-tracker.dir/C_/Microcontrollers/gps-tracker/common/Drivers/STM32F1xx_HAL_Driver/Src/stm32f1xx_hal_tim.c.obj
                0x08002792                HAL_TIM_PWM_PulseFinishedCallback
 .text.HAL_TIM_TriggerCallback
                0x080027a4       0x12 CMakeFiles/gps-tracker.dir/C_/Microcontrollers/gps-tracker/common/Drivers/STM32F1xx_HAL_Driver/Src/stm32f1xx_hal_tim.c.obj
                0x080027a4                HAL_TIM_TriggerCallback
 *fill*         0x080027b6        0x2 
 .text.TIM_Base_SetConfig
                0x080027b8       0xb0 CMakeFiles/gps-tracker.dir/C_/Microcontrollers/gps-tracker/common/Drivers/STM32F1xx_HAL_Driver/Src/stm32f1xx_hal_tim.c.obj
                0x080027b8                TIM_Base_SetConfig
 .text.TIM_TI1_ConfigInputStage
                0x08002868       0x5c CMakeFiles/gps-tracker.dir/C_/Microcontrollers/gps-tracker/common/Drivers/STM32F1xx_HAL_Driver/Src/stm32f1xx_hal_tim.c.obj
 .text.TIM_TI2_ConfigInputStage
                0x080028c4       0x5e CMakeFiles/gps-tracker.dir/C_/Microcontrollers/gps-tracker/common/Drivers/STM32F1xx_HAL_Driver/Src/stm32f1xx_hal_tim.c.obj
 .text.TIM_ITRx_SetConfig
                0x08002922       0x34 CMakeFiles/gps-tracker.dir/C_/Microcontrollers/gps-tracker/common/Drivers/STM32F1xx_HAL_Driver/Src/stm32f1xx_hal_tim.c.obj
 .text.TIM_ETR_SetConfig
                0x08002956       0x3e CMakeFiles/gps-tracker.dir/C_/Microcontrollers/gps-tracker/common/Drivers/STM32F1xx_HAL_Driver/Src/stm32f1xx_hal_tim.c.obj
                0x08002956                TIM_ETR_SetConfig
 .text.HAL_TIMEx_MasterConfigSynchronization
                0x08002994       0xb0 CMakeFiles/gps-tracker.dir/C_/Microcontrollers/gps-tracker/common/Drivers/STM32F1xx_HAL_Driver/Src/stm32f1xx_hal_tim_ex.c.obj
                0x08002994                HAL_TIMEx_MasterConfigSynchronization
 .text.HAL_TIMEx_CommutCallback
                0x08002a44       0x12 CMakeFiles/gps-tracker.dir/C_/Microcontrollers/gps-tracker/common/Drivers/STM32F1xx_HAL_Driver/Src/stm32f1xx_hal_tim_ex.c.obj
                0x08002a44                HAL_TIMEx_CommutCallback
 .text.HAL_TIMEx_BreakCallback
                0x08002a56       0x12 CMakeFiles/gps-tracker.dir/C_/Microcontrollers/gps-tracker/common/Drivers/STM32F1xx_HAL_Driver/Src/stm32f1xx_hal_tim_ex.c.obj
                0x08002a56                HAL_TIMEx_BreakCallback
 .text.HAL_UART_Init
                0x08002a68       0xa0 CMakeFiles/gps-tracker.dir/C_/Microcontrollers/gps-tracker/common/Drivers/STM32F1xx_HAL_Driver/Src/stm32f1xx_hal_uart.c.obj
                0x08002a68                HAL_UART_Init
 .text.HAL_UART_Receive_IT
                0x08002b08       0x4a CMakeFiles/gps-tracker.dir/C_/Microcontrollers/gps-tracker/common/Drivers/STM32F1xx_HAL_Driver/Src/stm32f1xx_hal_uart.c.obj
                0x08002b08                HAL_UART_Receive_IT
 *fill*         0x08002b52        0x2 
 .text.HAL_UART_AbortReceive_IT
                0x08002b54      0x164 CMakeFiles/gps-tracker.dir/C_/Microcontrollers/gps-tracker/common/Drivers/STM32F1xx_HAL_Driver/Src/stm32f1xx_hal_uart.c.obj
                0x08002b54                HAL_UART_AbortReceive_IT
 .text.HAL_UART_IRQHandler
                0x08002cb8      0x524 CMakeFiles/gps-tracker.dir/C_/Microcontrollers/gps-tracker/common/Drivers/STM32F1xx_HAL_Driver/Src/stm32f1xx_hal_uart.c.obj
                0x08002cb8                HAL_UART_IRQHandler
 .text.HAL_UART_TxCpltCallback
                0x080031dc       0x12 CMakeFiles/gps-tracker.dir/C_/Microcontrollers/gps-tracker/common/Drivers/STM32F1xx_HAL_Driver/Src/stm32f1xx_hal_uart.c.obj
                0x080031dc                HAL_UART_TxCpltCallback
 .text.HAL_UART_ErrorCallback
                0x080031ee       0x12 CMakeFiles/gps-tracker.dir/C_/Microcontrollers/gps-tracker/common/Drivers/STM32F1xx_HAL_Driver/Src/stm32f1xx_hal_uart.c.obj
                0x080031ee                HAL_UART_ErrorCallback
 .text.HAL_UART_AbortReceiveCpltCallback
                0x08003200       0x12 CMakeFiles/gps-tracker.dir/C_/Microcontrollers/gps-tracker/common/Drivers/STM32F1xx_HAL_Driver/Src/stm32f1xx_hal_uart.c.obj
                0x08003200                HAL_UART_AbortReceiveCpltCallback
 .text.HAL_UARTEx_RxEventCallback
                0x08003212       0x16 CMakeFiles/gps-tracker.dir/C_/Microcontrollers/gps-tracker/common/Drivers/STM32F1xx_HAL_Driver/Src/stm32f1xx_hal_uart.c.obj
                0x08003212                HAL_UARTEx_RxEventCallback
 .text.UART_Start_Receive_IT
                0x08003228       0x72 CMakeFiles/gps-tracker.dir/C_/Microcontrollers/gps-tracker/common/Drivers/STM32F1xx_HAL_Driver/Src/stm32f1xx_hal_uart.c.obj
                0x08003228                UART_Start_Receive_IT
 .text.UART_EndRxTransfer
                0x0800329a       0xc4 CMakeFiles/gps-tracker.dir/C_/Microcontrollers/gps-tracker/common/Drivers/STM32F1xx_HAL_Driver/Src/stm32f1xx_hal_uart.c.obj
 .text.UART_DMAAbortOnError
                0x0800335e       0x28 CMakeFiles/gps-tracker.dir/C_/Microcontrollers/gps-tracker/common/Drivers/STM32F1xx_HAL_Driver/Src/stm32f1xx_hal_uart.c.obj
 .text.UART_DMARxOnlyAbortCallback
                0x08003386       0x30 CMakeFiles/gps-tracker.dir/C_/Microcontrollers/gps-tracker/common/Drivers/STM32F1xx_HAL_Driver/Src/stm32f1xx_hal_uart.c.obj
 .text.UART_Transmit_IT
                0x080033b6       0x9e CMakeFiles/gps-tracker.dir/C_/Microcontrollers/gps-tracker/common/Drivers/STM32F1xx_HAL_Driver/Src/stm32f1xx_hal_uart.c.obj
 .text.UART_EndTransmit_IT
                0x08003454       0x30 CMakeFiles/gps-tracker.dir/C_/Microcontrollers/gps-tracker/common/Drivers/STM32F1xx_HAL_Driver/Src/stm32f1xx_hal_uart.c.obj
 .text.UART_Receive_IT
                0x08003484      0x17c CMakeFiles/gps-tracker.dir/C_/Microcontrollers/gps-tracker/common/Drivers/STM32F1xx_HAL_Driver/Src/stm32f1xx_hal_uart.c.obj
 .text.UART_SetConfig
                0x08003600      0x11c CMakeFiles/gps-tracker.dir/C_/Microcontrollers/gps-tracker/common/Drivers/STM32F1xx_HAL_Driver/Src/stm32f1xx_hal_uart.c.obj
 .text.MX_GPIO_Init
                0x0800371c       0xc0 CMakeFiles/gps-tracker.dir/C_/Microcontrollers/gps-tracker/common/Core/Src/gpio.c.obj
                0x0800371c                MX_GPIO_Init
 .text.HAL_MspInit
                0x080037dc       0x64 CMakeFiles/gps-tracker.dir/C_/Microcontrollers/gps-tracker/common/Core/Src/stm32f1xx_hal_msp.c.obj
                0x080037dc                HAL_MspInit
 .text.NMI_Handler
                0x08003840        0x6 CMakeFiles/gps-tracker.dir/C_/Microcontrollers/gps-tracker/common/Core/Src/stm32f1xx_it.c.obj
                0x08003840                NMI_Handler
 .text.HardFault_Handler
                0x08003846        0x6 CMakeFiles/gps-tracker.dir/C_/Microcontrollers/gps-tracker/common/Core/Src/stm32f1xx_it.c.obj
                0x08003846                HardFault_Handler
 .text.MemManage_Handler
                0x0800384c        0x6 CMakeFiles/gps-tracker.dir/C_/Microcontrollers/gps-tracker/common/Core/Src/stm32f1xx_it.c.obj
                0x0800384c                MemManage_Handler
 .text.BusFault_Handler
                0x08003852        0x6 CMakeFiles/gps-tracker.dir/C_/Microcontrollers/gps-tracker/common/Core/Src/stm32f1xx_it.c.obj
                0x08003852                BusFault_Handler
 .text.UsageFault_Handler
                0x08003858        0x6 CMakeFiles/gps-tracker.dir/C_/Microcontrollers/gps-tracker/common/Core/Src/stm32f1xx_it.c.obj
                0x08003858                UsageFault_Handler
 .text.SVC_Handler
                0x0800385e        0xc CMakeFiles/gps-tracker.dir/C_/Microcontrollers/gps-tracker/common/Core/Src/stm32f1xx_it.c.obj
                0x0800385e                SVC_Handler
 .text.DebugMon_Handler
                0x0800386a        0xc CMakeFiles/gps-tracker.dir/C_/Microcontrollers/gps-tracker/common/Core/Src/stm32f1xx_it.c.obj
                0x0800386a                DebugMon_Handler
 .text.PendSV_Handler
                0x08003876        0xc CMakeFiles/gps-tracker.dir/C_/Microcontrollers/gps-tracker/common/Core/Src/stm32f1xx_it.c.obj
                0x08003876                PendSV_Handler
 .text.SysTick_Handler
                0x08003882        0xc CMakeFiles/gps-tracker.dir/C_/Microcontrollers/gps-tracker/common/Core/Src/stm32f1xx_it.c.obj
                0x08003882                SysTick_Handler
 .text.EXTI9_5_IRQHandler
                0x0800388e       0x10 CMakeFiles/gps-tracker.dir/C_/Microcontrollers/gps-tracker/common/Core/Src/stm32f1xx_it.c.obj
                0x0800388e                EXTI9_5_IRQHandler
 *fill*         0x0800389e        0x2 
 .text.TIM2_IRQHandler
                0x080038a0       0x14 CMakeFiles/gps-tracker.dir/C_/Microcontrollers/gps-tracker/common/Core/Src/stm32f1xx_it.c.obj
                0x080038a0                TIM2_IRQHandler
 .text.USART1_IRQHandler
                0x080038b4       0x14 CMakeFiles/gps-tracker.dir/C_/Microcontrollers/gps-tracker/common/Core/Src/stm32f1xx_it.c.obj
                0x080038b4                USART1_IRQHandler
 .text.EXTI15_10_IRQHandler
                0x080038c8       0x18 CMakeFiles/gps-tracker.dir/C_/Microcontrollers/gps-tracker/common/Core/Src/stm32f1xx_it.c.obj
                0x080038c8                EXTI15_10_IRQHandler
 .text.SystemInit
                0x080038e0        0xc CMakeFiles/gps-tracker.dir/C_/Microcontrollers/gps-tracker/common/Core/Src/system_stm32f1xx.c.obj
                0x080038e0                SystemInit
 .text.MX_TIM2_Init
                0x080038ec       0x98 CMakeFiles/gps-tracker.dir/C_/Microcontrollers/gps-tracker/common/Core/Src/tim.c.obj
                0x080038ec                MX_TIM2_Init
 .text.HAL_TIM_Base_MspInit
                0x08003984       0x48 CMakeFiles/gps-tracker.dir/C_/Microcontrollers/gps-tracker/common/Core/Src/tim.c.obj
                0x08003984                HAL_TIM_Base_MspInit
 .text.MX_USART1_UART_Init
                0x080039cc       0x54 CMakeFiles/gps-tracker.dir/C_/Microcontrollers/gps-tracker/common/Core/Src/usart.c.obj
                0x080039cc                MX_USART1_UART_Init
 .text.MX_USART2_UART_Init
                0x08003a20       0x54 CMakeFiles/gps-tracker.dir/C_/Microcontrollers/gps-tracker/common/Core/Src/usart.c.obj
                0x08003a20                MX_USART2_UART_Init
 .text.HAL_UART_MspInit
                0x08003a74      0x138 CMakeFiles/gps-tracker.dir/C_/Microcontrollers/gps-tracker/common/Core/Src/usart.c.obj
                0x08003a74                HAL_UART_MspInit
 .text.memset   0x08003bac       0xa0 c:/sysgcc/arm-eabi/bin/../lib/gcc/arm-none-eabi/12.3.1/thumb/v7-m/nofp\libg.a(libc_a-memset.o)
                0x08003bac                memset
 .text.__libc_init_array
                0x08003c4c       0x50 c:/sysgcc/arm-eabi/bin/../lib/gcc/arm-none-eabi/12.3.1/thumb/v7-m/nofp\libg.a(libc_a-init.o)
                0x08003c4c                __libc_init_array
 .text.__retarget_lock_acquire_recursive
                0x08003c9c        0x4 c:/sysgcc/arm-eabi/bin/../lib/gcc/arm-none-eabi/12.3.1/thumb/v7-m/nofp\libg.a(libc_a-lock.o)
                0x08003c9c                __retarget_lock_acquire_recursive
 .text.__retarget_lock_release_recursive
                0x08003ca0        0x4 c:/sysgcc/arm-eabi/bin/../lib/gcc/arm-none-eabi/12.3.1/thumb/v7-m/nofp\libg.a(libc_a-lock.o)
                0x08003ca0                __retarget_lock_release_recursive
 .text.strlen   0x08003ca4       0x5c c:/sysgcc/arm-eabi/bin/../lib/gcc/arm-none-eabi/12.3.1/thumb/v7-m/nofp\libg.a(libc_a-strlen-stub.o)
                0x08003ca4                strlen
 .text.startup.register_fini
                0x08003d00       0x14 c:/sysgcc/arm-eabi/bin/../lib/gcc/arm-none-eabi/12.3.1/thumb/v7-m/nofp\libg.a(libc_a-__call_atexit.o)
 .text.atexit   0x08003d14        0xc c:/sysgcc/arm-eabi/bin/../lib/gcc/arm-none-eabi/12.3.1/thumb/v7-m/nofp\libg.a(libc_a-atexit.o)
                0x08003d14                atexit
 .text.__libc_fini_array
                0x08003d20       0x28 c:/sysgcc/arm-eabi/bin/../lib/gcc/arm-none-eabi/12.3.1/thumb/v7-m/nofp\libg.a(libc_a-fini.o)
                0x08003d20                __libc_fini_array
 .text.__register_exitproc
                0x08003d48       0x80 c:/sysgcc/arm-eabi/bin/../lib/gcc/arm-none-eabi/12.3.1/thumb/v7-m/nofp\libg.a(libc_a-__atexit.o)
                0x08003d48                __register_exitproc
 *(.glue_7)
 .glue_7        0x08003dc8        0x0 linker stubs
 *(.glue_7t)
 .glue_7t       0x08003dc8        0x0 linker stubs
 *(.eh_frame)
 .eh_frame      0x08003dc8        0x0 c:/sysgcc/arm-eabi/bin/../lib/gcc/arm-none-eabi/12.3.1/thumb/v7-m/nofp/crtbegin.o
 *(.init)
 .init          0x08003dc8        0x4 c:/sysgcc/arm-eabi/bin/../lib/gcc/arm-none-eabi/12.3.1/thumb/v7-m/nofp/crti.o
                0x08003dc8                _init
 .init          0x08003dcc        0x8 c:/sysgcc/arm-eabi/bin/../lib/gcc/arm-none-eabi/12.3.1/thumb/v7-m/nofp/crtn.o
 *(.fini)
 .fini          0x08003dd4        0x4 c:/sysgcc/arm-eabi/bin/../lib/gcc/arm-none-eabi/12.3.1/thumb/v7-m/nofp/crti.o
                0x08003dd4                _fini
 .fini          0x08003dd8        0x8 c:/sysgcc/arm-eabi/bin/../lib/gcc/arm-none-eabi/12.3.1/thumb/v7-m/nofp/crtn.o
                0x08003de0                        . = ALIGN (0x4)
                0x08003de0                        _etext = .

.vfp11_veneer   0x08003de0        0x0
 .vfp11_veneer  0x08003de0        0x0 linker stubs

.v4_bx          0x08003de0        0x0
 .v4_bx         0x08003de0        0x0 linker stubs

.iplt           0x08003de0        0x0
 .iplt          0x08003de0        0x0 c:/sysgcc/arm-eabi/bin/../lib/gcc/arm-none-eabi/12.3.1/thumb/v7-m/nofp/crtbegin.o

.rodata         0x08003de0       0x2c
                0x08003de0                        . = ALIGN (0x4)
 *(.rodata)
 *(.rodata*)
 .rodata.aPLLMULFactorTable.1
                0x08003de0       0x10 CMakeFiles/gps-tracker.dir/C_/Microcontrollers/gps-tracker/common/Drivers/STM32F1xx_HAL_Driver/Src/stm32f1xx_hal_rcc.c.obj
 .rodata.aPredivFactorTable.0
                0x08003df0        0x2 CMakeFiles/gps-tracker.dir/C_/Microcontrollers/gps-tracker/common/Drivers/STM32F1xx_HAL_Driver/Src/stm32f1xx_hal_rcc.c.obj
 *fill*         0x08003df2        0x2 
 .rodata.AHBPrescTable
                0x08003df4       0x10 CMakeFiles/gps-tracker.dir/C_/Microcontrollers/gps-tracker/common/Core/Src/system_stm32f1xx.c.obj
                0x08003df4                AHBPrescTable
 .rodata.APBPrescTable
                0x08003e04        0x8 CMakeFiles/gps-tracker.dir/C_/Microcontrollers/gps-tracker/common/Core/Src/system_stm32f1xx.c.obj
                0x08003e04                APBPrescTable
                0x08003e0c                        . = ALIGN (0x4)

.rel.dyn        0x08003e0c        0x0
 .rel.iplt      0x08003e0c        0x0 c:/sysgcc/arm-eabi/bin/../lib/gcc/arm-none-eabi/12.3.1/thumb/v7-m/nofp/crtbegin.o

.ARM.extab      0x08003e0c        0x0
                0x08003e0c                        . = ALIGN (0x4)
 *(.ARM.extab* .gnu.linkonce.armextab.*)
                0x08003e0c                        . = ALIGN (0x4)

.ARM            0x08003e0c        0x0
                0x08003e0c                        . = ALIGN (0x4)
                0x08003e0c                        __exidx_start = .
 *(.ARM.exidx*)
                0x08003e0c                        __exidx_end = .
                0x08003e0c                        . = ALIGN (0x4)

.preinit_array  0x08003e0c        0x0
                0x08003e0c                        . = ALIGN (0x4)
                0x08003e0c                        PROVIDE (__preinit_array_start = .)
 *(.preinit_array*)
                0x08003e0c                        PROVIDE (__preinit_array_end = .)
                0x08003e0c                        . = ALIGN (0x4)

.init_array     0x08003e0c        0x8
                0x08003e0c                        . = ALIGN (0x4)
                0x08003e0c                        PROVIDE (__init_array_start = .)
 *(SORT_BY_NAME(.init_array.*))
 .init_array.00000
                0x08003e0c        0x4 c:/sysgcc/arm-eabi/bin/../lib/gcc/arm-none-eabi/12.3.1/thumb/v7-m/nofp\libg.a(libc_a-__call_atexit.o)
 *(.init_array*)
 .init_array    0x08003e10        0x4 c:/sysgcc/arm-eabi/bin/../lib/gcc/arm-none-eabi/12.3.1/thumb/v7-m/nofp/crtbegin.o
                0x08003e14                        PROVIDE (__init_array_end = .)
                0x08003e14                        . = ALIGN (0x4)

.fini_array     0x08003e14        0x4
                0x08003e14                        . = ALIGN (0x4)
                0x08003e14                        PROVIDE (__fini_array_start = .)
 *(SORT_BY_NAME(.fini_array.*))
 *(.fini_array*)
 .fini_array    0x08003e14        0x4 c:/sysgcc/arm-eabi/bin/../lib/gcc/arm-none-eabi/12.3.1/thumb/v7-m/nofp/crtbegin.o
                0x08003e18                        PROVIDE (__fini_array_end = .)
                0x08003e18                        . = ALIGN (0x4)
                0x08003e18                        _sidata = LOADADDR (.data)

.data           0x20000000       0x20 load address 0x08003e18
                0x20000000                        . = ALIGN (0x4)
                0x20000000                        _sdata = .
 *(.data)
 *(.data*)
 .data.amount_lists
                0x20000000        0x2 CMakeFiles/gps-tracker.dir/C_/Microcontrollers/gps-tracker/common/Core/Src/main.c.obj
 *fill*         0x20000002        0x2 
 .data.string   0x20000004        0x3 CMakeFiles/gps-tracker.dir/src/nmea.c.obj
 *fill*         0x20000007        0x1 
 .data.ind_t    0x20000008        0x4 CMakeFiles/gps-tracker.dir/src/nmea.c.obj
                0x20000008                ind_t
 .data.address_list_now
                0x2000000c        0x4 CMakeFiles/gps-tracker.dir/src/flash.c.obj
 .data.uwTickPrio
                0x20000010        0x4 CMakeFiles/gps-tracker.dir/C_/Microcontrollers/gps-tracker/common/Drivers/STM32F1xx_HAL_Driver/Src/stm32f1xx_hal.c.obj
                0x20000010                uwTickPrio
 .data.uwTickFreq
                0x20000014        0x1 CMakeFiles/gps-tracker.dir/C_/Microcontrollers/gps-tracker/common/Drivers/STM32F1xx_HAL_Driver/Src/stm32f1xx_hal.c.obj
                0x20000014                uwTickFreq
 *fill*         0x20000015        0x3 
 .data.SystemCoreClock
                0x20000018        0x4 CMakeFiles/gps-tracker.dir/C_/Microcontrollers/gps-tracker/common/Core/Src/system_stm32f1xx.c.obj
                0x20000018                SystemCoreClock
 .data.__atexit_recursive_mutex
                0x2000001c        0x4 c:/sysgcc/arm-eabi/bin/../lib/gcc/arm-none-eabi/12.3.1/thumb/v7-m/nofp\libg.a(libc_a-__call_atexit.o)
                0x2000001c                __atexit_recursive_mutex
 *(.RamFunc)
 *(.RamFunc*)
                0x20000020                        . = ALIGN (0x4)
                0x20000020                        _edata = .

.tm_clone_table
                0x20000020        0x0 load address 0x08003e38
 .tm_clone_table
                0x20000020        0x0 c:/sysgcc/arm-eabi/bin/../lib/gcc/arm-none-eabi/12.3.1/thumb/v7-m/nofp/crtbegin.o
 .tm_clone_table
                0x20000020        0x0 c:/sysgcc/arm-eabi/bin/../lib/gcc/arm-none-eabi/12.3.1/thumb/v7-m/nofp/crtend.o

.igot.plt       0x20000020        0x0 load address 0x08003e38
 .igot.plt      0x20000020        0x0 c:/sysgcc/arm-eabi/bin/../lib/gcc/arm-none-eabi/12.3.1/thumb/v7-m/nofp/crtbegin.o
                0x20000020                        . = ALIGN (0x4)

.bss            0x20000020     0x21e0 load address 0x08003e38
                0x20000020                        _sbss = .
                0x20000020                        __bss_start__ = _sbss
 *(.bss)
 *(.bss*)
 .bss.completed.1
                0x20000020        0x1 c:/sysgcc/arm-eabi/bin/../lib/gcc/arm-none-eabi/12.3.1/thumb/v7-m/nofp/crtbegin.o
 *fill*         0x20000021        0x3 
 .bss.object.0  0x20000024       0x18 c:/sysgcc/arm-eabi/bin/../lib/gcc/arm-none-eabi/12.3.1/thumb/v7-m/nofp/crtbegin.o
 .bss.rx_buffer
                0x2000003c      0x3e8 CMakeFiles/gps-tracker.dir/C_/Microcontrollers/gps-tracker/common/Core/Src/main.c.obj
                0x2000003c                rx_buffer
 .bss.push_on_off
                0x20000424        0x1 CMakeFiles/gps-tracker.dir/C_/Microcontrollers/gps-tracker/common/Core/Src/main.c.obj
                0x20000424                push_on_off
 .bss.push_transmit
                0x20000425        0x1 CMakeFiles/gps-tracker.dir/C_/Microcontrollers/gps-tracker/common/Core/Src/main.c.obj
                0x20000425                push_transmit
 .bss.push_make_point
                0x20000426        0x1 CMakeFiles/gps-tracker.dir/C_/Microcontrollers/gps-tracker/common/Core/Src/main.c.obj
                0x20000426                push_make_point
 .bss.check_capacity
                0x20000427        0x1 CMakeFiles/gps-tracker.dir/C_/Microcontrollers/gps-tracker/common/Core/Src/main.c.obj
                0x20000427                check_capacity
 .bss.time      0x20000428        0xc CMakeFiles/gps-tracker.dir/src/nmea.c.obj
 .bss.location  0x20000434       0x1e CMakeFiles/gps-tracker.dir/src/nmea.c.obj
 *fill*         0x20000452        0x2 
 .bss.data_valid
                0x20000454        0x4 CMakeFiles/gps-tracker.dir/src/nmea.c.obj
 .bss.transmit_buf
                0x20000458     0x1644 CMakeFiles/gps-tracker.dir/src/nmea.c.obj
                0x20000458                transmit_buf
 .bss.ind_c     0x20001a9c        0x4 CMakeFiles/gps-tracker.dir/src/nmea.c.obj
                0x20001a9c                ind_c
 .bss.t_on      0x20001aa0        0x2 CMakeFiles/gps-tracker.dir/src/button.c.obj
 .bss.t_transmit
                0x20001aa2        0x2 CMakeFiles/gps-tracker.dir/src/button.c.obj
 .bss.t_make    0x20001aa4        0x2 CMakeFiles/gps-tracker.dir/src/button.c.obj
 *fill*         0x20001aa6        0x2 
 .bss.buf_u16   0x20001aa8      0x4b0 CMakeFiles/gps-tracker.dir/src/flash.c.obj
 .bss.add       0x20001f58        0x4 CMakeFiles/gps-tracker.dir/src/flash.c.obj
                0x20001f58                add
 .bss.EraseInitStruct.0
                0x20001f5c       0x10 CMakeFiles/gps-tracker.dir/src/flash.c.obj
 .bss.uwTick    0x20001f6c        0x4 CMakeFiles/gps-tracker.dir/C_/Microcontrollers/gps-tracker/common/Drivers/STM32F1xx_HAL_Driver/Src/stm32f1xx_hal.c.obj
                0x20001f6c                uwTick
 .bss.pFlash    0x20001f70       0x20 CMakeFiles/gps-tracker.dir/C_/Microcontrollers/gps-tracker/common/Drivers/STM32F1xx_HAL_Driver/Src/stm32f1xx_hal_flash.c.obj
                0x20001f70                pFlash
 .bss.htim2     0x20001f90       0x48 CMakeFiles/gps-tracker.dir/C_/Microcontrollers/gps-tracker/common/Core/Src/tim.c.obj
                0x20001f90                htim2
 .bss.huart1    0x20001fd8       0x48 CMakeFiles/gps-tracker.dir/C_/Microcontrollers/gps-tracker/common/Core/Src/usart.c.obj
                0x20001fd8                huart1
 .bss.huart2    0x20002020       0x48 CMakeFiles/gps-tracker.dir/C_/Microcontrollers/gps-tracker/common/Core/Src/usart.c.obj
                0x20002020                huart2
 .bss.__lock___atexit_recursive_mutex
                0x20002068        0x1 c:/sysgcc/arm-eabi/bin/../lib/gcc/arm-none-eabi/12.3.1/thumb/v7-m/nofp\libg.a(libc_a-lock.o)
                0x20002068                __lock___atexit_recursive_mutex
 *fill*         0x20002069        0x3 
 .bss.__atexit  0x2000206c        0x4 c:/sysgcc/arm-eabi/bin/../lib/gcc/arm-none-eabi/12.3.1/thumb/v7-m/nofp\libg.a(libc_a-__call_atexit.o)
                0x2000206c                __atexit
 .bss.__atexit0
                0x20002070      0x190 c:/sysgcc/arm-eabi/bin/../lib/gcc/arm-none-eabi/12.3.1/thumb/v7-m/nofp\libg.a(libc_a-__atexit.o)
                0x20002070                __atexit0
 *(COMMON)
                0x20002200                        . = ALIGN (0x4)
                0x20002200                        _ebss = .
                0x20002200                        __bss_end__ = _ebss

._user_heap_stack
                0x20002200      0x600 load address 0x08003e38
                0x20002200                        . = ALIGN (0x8)
                [!provide]                        PROVIDE (end = .)
                0x20002200                        PROVIDE (_end = .)
                0x20002400                        . = (. + _Min_Heap_Size)
 *fill*         0x20002200      0x200 
                0x20002800                        . = (. + _Min_Stack_Size)
 *fill*         0x20002400      0x400 
                0x20002800                        . = ALIGN (0x8)

/DISCARD/
 libc.a(*)
 libm.a(*)
 libgcc.a(*)

.ARM.attributes
                0x00000000       0x29
 *(.ARM.attributes)
 .ARM.attributes
                0x00000000       0x1d c:/sysgcc/arm-eabi/bin/../lib/gcc/arm-none-eabi/12.3.1/thumb/v7-m/nofp/crti.o
 .ARM.attributes
                0x0000001d       0x2d c:/sysgcc/arm-eabi/bin/../lib/gcc/arm-none-eabi/12.3.1/thumb/v7-m/nofp/crtbegin.o
 .ARM.attributes
                0x0000004a       0x21 CMakeFiles/gps-tracker.dir/C_/Microcontrollers/gps-tracker/common/Startup/startup_stm32f103c6tx.s.obj
 .ARM.attributes
                0x0000006b       0x2d CMakeFiles/gps-tracker.dir/C_/Microcontrollers/gps-tracker/common/Core/Src/main.c.obj
 .ARM.attributes
                0x00000098       0x2d CMakeFiles/gps-tracker.dir/src/nmea.c.obj
 .ARM.attributes
                0x000000c5       0x2d CMakeFiles/gps-tracker.dir/src/button.c.obj
 .ARM.attributes
                0x000000f2       0x2d CMakeFiles/gps-tracker.dir/src/flash.c.obj
 .ARM.attributes
                0x0000011f       0x2d CMakeFiles/gps-tracker.dir/C_/Microcontrollers/gps-tracker/common/Drivers/STM32F1xx_HAL_Driver/Src/stm32f1xx_hal.c.obj
 .ARM.attributes
                0x0000014c       0x2d CMakeFiles/gps-tracker.dir/C_/Microcontrollers/gps-tracker/common/Drivers/STM32F1xx_HAL_Driver/Src/stm32f1xx_hal_cortex.c.obj
 .ARM.attributes
                0x00000179       0x2d CMakeFiles/gps-tracker.dir/C_/Microcontrollers/gps-tracker/common/Drivers/STM32F1xx_HAL_Driver/Src/stm32f1xx_hal_dma.c.obj
 .ARM.attributes
                0x000001a6       0x2d CMakeFiles/gps-tracker.dir/C_/Microcontrollers/gps-tracker/common/Drivers/STM32F1xx_HAL_Driver/Src/stm32f1xx_hal_flash.c.obj
 .ARM.attributes
                0x000001d3       0x2d CMakeFiles/gps-tracker.dir/C_/Microcontrollers/gps-tracker/common/Drivers/STM32F1xx_HAL_Driver/Src/stm32f1xx_hal_flash_ex.c.obj
 .ARM.attributes
                0x00000200       0x2d CMakeFiles/gps-tracker.dir/C_/Microcontrollers/gps-tracker/common/Drivers/STM32F1xx_HAL_Driver/Src/stm32f1xx_hal_gpio.c.obj
 .ARM.attributes
                0x0000022d       0x2d CMakeFiles/gps-tracker.dir/C_/Microcontrollers/gps-tracker/common/Drivers/STM32F1xx_HAL_Driver/Src/stm32f1xx_hal_rcc.c.obj
 .ARM.attributes
                0x0000025a       0x2d CMakeFiles/gps-tracker.dir/C_/Microcontrollers/gps-tracker/common/Drivers/STM32F1xx_HAL_Driver/Src/stm32f1xx_hal_tim.c.obj
 .ARM.attributes
                0x00000287       0x2d CMakeFiles/gps-tracker.dir/C_/Microcontrollers/gps-tracker/common/Drivers/STM32F1xx_HAL_Driver/Src/stm32f1xx_hal_tim_ex.c.obj
 .ARM.attributes
                0x000002b4       0x2d CMakeFiles/gps-tracker.dir/C_/Microcontrollers/gps-tracker/common/Drivers/STM32F1xx_HAL_Driver/Src/stm32f1xx_hal_uart.c.obj
 .ARM.attributes
                0x000002e1       0x2d CMakeFiles/gps-tracker.dir/C_/Microcontrollers/gps-tracker/common/Core/Src/gpio.c.obj
 .ARM.attributes
                0x0000030e       0x2d CMakeFiles/gps-tracker.dir/C_/Microcontrollers/gps-tracker/common/Core/Src/stm32f1xx_hal_msp.c.obj
 .ARM.attributes
                0x0000033b       0x2d CMakeFiles/gps-tracker.dir/C_/Microcontrollers/gps-tracker/common/Core/Src/stm32f1xx_it.c.obj
 .ARM.attributes
                0x00000368       0x2d CMakeFiles/gps-tracker.dir/C_/Microcontrollers/gps-tracker/common/Core/Src/system_stm32f1xx.c.obj
 .ARM.attributes
                0x00000395       0x2d CMakeFiles/gps-tracker.dir/C_/Microcontrollers/gps-tracker/common/Core/Src/tim.c.obj
 .ARM.attributes
                0x000003c2       0x2d CMakeFiles/gps-tracker.dir/C_/Microcontrollers/gps-tracker/common/Core/Src/usart.c.obj
 .ARM.attributes
                0x000003ef       0x2d c:/sysgcc/arm-eabi/bin/../lib/gcc/arm-none-eabi/12.3.1/thumb/v7-m/nofp\libg.a(libc_a-memset.o)
 .ARM.attributes
                0x0000041c       0x2d c:/sysgcc/arm-eabi/bin/../lib/gcc/arm-none-eabi/12.3.1/thumb/v7-m/nofp\libg.a(libc_a-init.o)
 .ARM.attributes
                0x00000449       0x2d c:/sysgcc/arm-eabi/bin/../lib/gcc/arm-none-eabi/12.3.1/thumb/v7-m/nofp\libg.a(libc_a-lock.o)
 .ARM.attributes
                0x00000476       0x2d c:/sysgcc/arm-eabi/bin/../lib/gcc/arm-none-eabi/12.3.1/thumb/v7-m/nofp\libg.a(libc_a-strlen-stub.o)
 .ARM.attributes
                0x000004a3       0x2d c:/sysgcc/arm-eabi/bin/../lib/gcc/arm-none-eabi/12.3.1/thumb/v7-m/nofp\libg.a(libc_a-__call_atexit.o)
 .ARM.attributes
                0x000004d0       0x2d c:/sysgcc/arm-eabi/bin/../lib/gcc/arm-none-eabi/12.3.1/thumb/v7-m/nofp\libg.a(libc_a-atexit.o)
 .ARM.attributes
                0x000004fd       0x2d c:/sysgcc/arm-eabi/bin/../lib/gcc/arm-none-eabi/12.3.1/thumb/v7-m/nofp\libg.a(libc_a-fini.o)
 .ARM.attributes
                0x0000052a       0x2d c:/sysgcc/arm-eabi/bin/../lib/gcc/arm-none-eabi/12.3.1/thumb/v7-m/nofp\libg.a(libc_a-__atexit.o)
 .ARM.attributes
                0x00000557       0x2d c:/sysgcc/arm-eabi/bin/../lib/gcc/arm-none-eabi/12.3.1/thumb/v7-m/nofp/crtend.o
 .ARM.attributes
                0x00000584       0x1d c:/sysgcc/arm-eabi/bin/../lib/gcc/arm-none-eabi/12.3.1/thumb/v7-m/nofp/crtn.o
OUTPUT(gps-tracker elf32-littlearm)
LOAD linker stubs
LOAD c:/sysgcc/arm-eabi/bin/../lib/gcc/arm-none-eabi/12.3.1/thumb/v7-m/nofp\libc.a
LOAD c:/sysgcc/arm-eabi/bin/../lib/gcc/arm-none-eabi/12.3.1/thumb/v7-m/nofp\libm.a
LOAD c:/sysgcc/arm-eabi/bin/../lib/gcc/arm-none-eabi/12.3.1/thumb/v7-m/nofp\libgcc.a

.debug_line     0x00000000     0xefc6
 .debug_line    0x00000000       0x78 CMakeFiles/gps-tracker.dir/C_/Microcontrollers/gps-tracker/common/Startup/startup_stm32f103c6tx.s.obj
 .debug_line    0x00000078      0x787 CMakeFiles/gps-tracker.dir/C_/Microcontrollers/gps-tracker/common/Core/Src/main.c.obj
 .debug_line    0x000007ff      0x94d CMakeFiles/gps-tracker.dir/src/nmea.c.obj
 .debug_line    0x0000114c      0x585 CMakeFiles/gps-tracker.dir/src/button.c.obj
 .debug_line    0x000016d1      0x76b CMakeFiles/gps-tracker.dir/src/flash.c.obj
 .debug_line    0x00001e3c      0x785 CMakeFiles/gps-tracker.dir/C_/Microcontrollers/gps-tracker/common/Drivers/STM32F1xx_HAL_Driver/Src/stm32f1xx_hal.c.obj
 .debug_line    0x000025c1      0x971 CMakeFiles/gps-tracker.dir/C_/Microcontrollers/gps-tracker/common/Drivers/STM32F1xx_HAL_Driver/Src/stm32f1xx_hal_cortex.c.obj
 .debug_line    0x00002f32      0xbde CMakeFiles/gps-tracker.dir/C_/Microcontrollers/gps-tracker/common/Drivers/STM32F1xx_HAL_Driver/Src/stm32f1xx_hal_dma.c.obj
 .debug_line    0x00003b10      0x86e CMakeFiles/gps-tracker.dir/C_/Microcontrollers/gps-tracker/common/Drivers/STM32F1xx_HAL_Driver/Src/stm32f1xx_hal_flash.c.obj
 .debug_line    0x0000437e      0x8c1 CMakeFiles/gps-tracker.dir/C_/Microcontrollers/gps-tracker/common/Drivers/STM32F1xx_HAL_Driver/Src/stm32f1xx_hal_flash_ex.c.obj
 .debug_line    0x00004c3f      0x809 CMakeFiles/gps-tracker.dir/C_/Microcontrollers/gps-tracker/common/Drivers/STM32F1xx_HAL_Driver/Src/stm32f1xx_hal_gpio.c.obj
 .debug_line    0x00005448      0xb8e CMakeFiles/gps-tracker.dir/C_/Microcontrollers/gps-tracker/common/Drivers/STM32F1xx_HAL_Driver/Src/stm32f1xx_hal_rcc.c.obj
 .debug_line    0x00005fd6     0x3246 CMakeFiles/gps-tracker.dir/C_/Microcontrollers/gps-tracker/common/Drivers/STM32F1xx_HAL_Driver/Src/stm32f1xx_hal_tim.c.obj
 .debug_line    0x0000921c     0x16b4 CMakeFiles/gps-tracker.dir/C_/Microcontrollers/gps-tracker/common/Drivers/STM32F1xx_HAL_Driver/Src/stm32f1xx_hal_tim_ex.c.obj
 .debug_line    0x0000a8d0     0x26ce CMakeFiles/gps-tracker.dir/C_/Microcontrollers/gps-tracker/common/Drivers/STM32F1xx_HAL_Driver/Src/stm32f1xx_hal_uart.c.obj
 .debug_line    0x0000cf9e      0x4f5 CMakeFiles/gps-tracker.dir/C_/Microcontrollers/gps-tracker/common/Core/Src/gpio.c.obj
 .debug_line    0x0000d493      0x4da CMakeFiles/gps-tracker.dir/C_/Microcontrollers/gps-tracker/common/Core/Src/stm32f1xx_hal_msp.c.obj
 .debug_line    0x0000d96d      0x5fd CMakeFiles/gps-tracker.dir/C_/Microcontrollers/gps-tracker/common/Core/Src/stm32f1xx_it.c.obj
 .debug_line    0x0000df6a      0x558 CMakeFiles/gps-tracker.dir/C_/Microcontrollers/gps-tracker/common/Core/Src/system_stm32f1xx.c.obj
 .debug_line    0x0000e4c2      0x547 CMakeFiles/gps-tracker.dir/C_/Microcontrollers/gps-tracker/common/Core/Src/tim.c.obj
 .debug_line    0x0000ea09      0x5bd CMakeFiles/gps-tracker.dir/C_/Microcontrollers/gps-tracker/common/Core/Src/usart.c.obj

.debug_line_str
                0x00000000       0x86
 .debug_line_str
                0x00000000       0x86 CMakeFiles/gps-tracker.dir/C_/Microcontrollers/gps-tracker/common/Startup/startup_stm32f103c6tx.s.obj

.debug_info     0x00000000     0xe423
 .debug_info    0x00000000       0x30 CMakeFiles/gps-tracker.dir/C_/Microcontrollers/gps-tracker/common/Startup/startup_stm32f103c6tx.s.obj
 .debug_info    0x00000030      0xf56 CMakeFiles/gps-tracker.dir/C_/Microcontrollers/gps-tracker/common/Core/Src/main.c.obj
 .debug_info    0x00000f86      0x907 CMakeFiles/gps-tracker.dir/src/nmea.c.obj
 .debug_info    0x0000188d      0x335 CMakeFiles/gps-tracker.dir/src/button.c.obj
 .debug_info    0x00001bc2      0x47f CMakeFiles/gps-tracker.dir/src/flash.c.obj
 .debug_info    0x00002041      0x6df CMakeFiles/gps-tracker.dir/C_/Microcontrollers/gps-tracker/common/Drivers/STM32F1xx_HAL_Driver/Src/stm32f1xx_hal.c.obj
 .debug_info    0x00002720      0xa62 CMakeFiles/gps-tracker.dir/C_/Microcontrollers/gps-tracker/common/Drivers/STM32F1xx_HAL_Driver/Src/stm32f1xx_hal_cortex.c.obj
 .debug_info    0x00003182      0x6cb CMakeFiles/gps-tracker.dir/C_/Microcontrollers/gps-tracker/common/Drivers/STM32F1xx_HAL_Driver/Src/stm32f1xx_hal_dma.c.obj
 .debug_info    0x0000384d      0x4f1 CMakeFiles/gps-tracker.dir/C_/Microcontrollers/gps-tracker/common/Drivers/STM32F1xx_HAL_Driver/Src/stm32f1xx_hal_flash.c.obj
 .debug_info    0x00003d3e      0x716 CMakeFiles/gps-tracker.dir/C_/Microcontrollers/gps-tracker/common/Drivers/STM32F1xx_HAL_Driver/Src/stm32f1xx_hal_flash_ex.c.obj
 .debug_info    0x00004454      0x5a4 CMakeFiles/gps-tracker.dir/C_/Microcontrollers/gps-tracker/common/Drivers/STM32F1xx_HAL_Driver/Src/stm32f1xx_hal_gpio.c.obj
 .debug_info    0x000049f8      0x7ce CMakeFiles/gps-tracker.dir/C_/Microcontrollers/gps-tracker/common/Drivers/STM32F1xx_HAL_Driver/Src/stm32f1xx_hal_rcc.c.obj
 .debug_info    0x000051c6     0x2934 CMakeFiles/gps-tracker.dir/C_/Microcontrollers/gps-tracker/common/Drivers/STM32F1xx_HAL_Driver/Src/stm32f1xx_hal_tim.c.obj
 .debug_info    0x00007afa     0x1494 CMakeFiles/gps-tracker.dir/C_/Microcontrollers/gps-tracker/common/Drivers/STM32F1xx_HAL_Driver/Src/stm32f1xx_hal_tim_ex.c.obj
 .debug_info    0x00008f8e     0x2fa1 CMakeFiles/gps-tracker.dir/C_/Microcontrollers/gps-tracker/common/Drivers/STM32F1xx_HAL_Driver/Src/stm32f1xx_hal_uart.c.obj
 .debug_info    0x0000bf2f      0x3f1 CMakeFiles/gps-tracker.dir/C_/Microcontrollers/gps-tracker/common/Core/Src/gpio.c.obj
 .debug_info    0x0000c320      0x1ea CMakeFiles/gps-tracker.dir/C_/Microcontrollers/gps-tracker/common/Core/Src/stm32f1xx_hal_msp.c.obj
 .debug_info    0x0000c50a      0x977 CMakeFiles/gps-tracker.dir/C_/Microcontrollers/gps-tracker/common/Core/Src/stm32f1xx_it.c.obj
 .debug_info    0x0000ce81      0x21b CMakeFiles/gps-tracker.dir/C_/Microcontrollers/gps-tracker/common/Core/Src/system_stm32f1xx.c.obj
 .debug_info    0x0000d09c      0x996 CMakeFiles/gps-tracker.dir/C_/Microcontrollers/gps-tracker/common/Core/Src/tim.c.obj
 .debug_info    0x0000da32      0x9f1 CMakeFiles/gps-tracker.dir/C_/Microcontrollers/gps-tracker/common/Core/Src/usart.c.obj

.debug_abbrev   0x00000000     0x29fe
 .debug_abbrev  0x00000000       0x24 CMakeFiles/gps-tracker.dir/C_/Microcontrollers/gps-tracker/common/Startup/startup_stm32f103c6tx.s.obj
 .debug_abbrev  0x00000024      0x30c CMakeFiles/gps-tracker.dir/C_/Microcontrollers/gps-tracker/common/Core/Src/main.c.obj
 .debug_abbrev  0x00000330      0x2a1 CMakeFiles/gps-tracker.dir/src/nmea.c.obj
 .debug_abbrev  0x000005d1      0x14a CMakeFiles/gps-tracker.dir/src/button.c.obj
 .debug_abbrev  0x0000071b      0x185 CMakeFiles/gps-tracker.dir/src/flash.c.obj
 .debug_abbrev  0x000008a0      0x201 CMakeFiles/gps-tracker.dir/C_/Microcontrollers/gps-tracker/common/Drivers/STM32F1xx_HAL_Driver/Src/stm32f1xx_hal.c.obj
 .debug_abbrev  0x00000aa1      0x2f8 CMakeFiles/gps-tracker.dir/C_/Microcontrollers/gps-tracker/common/Drivers/STM32F1xx_HAL_Driver/Src/stm32f1xx_hal_cortex.c.obj
 .debug_abbrev  0x00000d99      0x20b CMakeFiles/gps-tracker.dir/C_/Microcontrollers/gps-tracker/common/Drivers/STM32F1xx_HAL_Driver/Src/stm32f1xx_hal_dma.c.obj
 .debug_abbrev  0x00000fa4      0x250 CMakeFiles/gps-tracker.dir/C_/Microcontrollers/gps-tracker/common/Drivers/STM32F1xx_HAL_Driver/Src/stm32f1xx_hal_flash.c.obj
 .debug_abbrev  0x000011f4      0x247 CMakeFiles/gps-tracker.dir/C_/Microcontrollers/gps-tracker/common/Drivers/STM32F1xx_HAL_Driver/Src/stm32f1xx_hal_flash_ex.c.obj
 .debug_abbrev  0x0000143b      0x1ca CMakeFiles/gps-tracker.dir/C_/Microcontrollers/gps-tracker/common/Drivers/STM32F1xx_HAL_Driver/Src/stm32f1xx_hal_gpio.c.obj
 .debug_abbrev  0x00001605      0x2b3 CMakeFiles/gps-tracker.dir/C_/Microcontrollers/gps-tracker/common/Drivers/STM32F1xx_HAL_Driver/Src/stm32f1xx_hal_rcc.c.obj
 .debug_abbrev  0x000018b8      0x277 CMakeFiles/gps-tracker.dir/C_/Microcontrollers/gps-tracker/common/Drivers/STM32F1xx_HAL_Driver/Src/stm32f1xx_hal_tim.c.obj
 .debug_abbrev  0x00001b2f      0x282 CMakeFiles/gps-tracker.dir/C_/Microcontrollers/gps-tracker/common/Drivers/STM32F1xx_HAL_Driver/Src/stm32f1xx_hal_tim_ex.c.obj
 .debug_abbrev  0x00001db1      0x2f8 CMakeFiles/gps-tracker.dir/C_/Microcontrollers/gps-tracker/common/Drivers/STM32F1xx_HAL_Driver/Src/stm32f1xx_hal_uart.c.obj
 .debug_abbrev  0x000020a9      0x161 CMakeFiles/gps-tracker.dir/C_/Microcontrollers/gps-tracker/common/Core/Src/gpio.c.obj
 .debug_abbrev  0x0000220a       0xdb CMakeFiles/gps-tracker.dir/C_/Microcontrollers/gps-tracker/common/Core/Src/stm32f1xx_hal_msp.c.obj
 .debug_abbrev  0x000022e5      0x1b0 CMakeFiles/gps-tracker.dir/C_/Microcontrollers/gps-tracker/common/Core/Src/stm32f1xx_it.c.obj
 .debug_abbrev  0x00002495      0x13f CMakeFiles/gps-tracker.dir/C_/Microcontrollers/gps-tracker/common/Core/Src/system_stm32f1xx.c.obj
 .debug_abbrev  0x000025d4      0x20e CMakeFiles/gps-tracker.dir/C_/Microcontrollers/gps-tracker/common/Core/Src/tim.c.obj
 .debug_abbrev  0x000027e2      0x21c CMakeFiles/gps-tracker.dir/C_/Microcontrollers/gps-tracker/common/Core/Src/usart.c.obj

.debug_aranges  0x00000000      0xe48
 .debug_aranges
                0x00000000       0x28 CMakeFiles/gps-tracker.dir/C_/Microcontrollers/gps-tracker/common/Startup/startup_stm32f103c6tx.s.obj
 .debug_aranges
                0x00000028       0x48 CMakeFiles/gps-tracker.dir/C_/Microcontrollers/gps-tracker/common/Core/Src/main.c.obj
 .debug_aranges
                0x00000070       0x68 CMakeFiles/gps-tracker.dir/src/nmea.c.obj
 .debug_aranges
                0x000000d8       0x28 CMakeFiles/gps-tracker.dir/src/button.c.obj
 .debug_aranges
                0x00000100       0x50 CMakeFiles/gps-tracker.dir/src/flash.c.obj
 .debug_aranges
                0x00000150       0xe0 CMakeFiles/gps-tracker.dir/C_/Microcontrollers/gps-tracker/common/Drivers/STM32F1xx_HAL_Driver/Src/stm32f1xx_hal.c.obj
 .debug_aranges
                0x00000230      0x100 CMakeFiles/gps-tracker.dir/C_/Microcontrollers/gps-tracker/common/Drivers/STM32F1xx_HAL_Driver/Src/stm32f1xx_hal_cortex.c.obj
 .debug_aranges
                0x00000330       0x80 CMakeFiles/gps-tracker.dir/C_/Microcontrollers/gps-tracker/common/Drivers/STM32F1xx_HAL_Driver/Src/stm32f1xx_hal_dma.c.obj
 .debug_aranges
                0x000003b0       0x88 CMakeFiles/gps-tracker.dir/C_/Microcontrollers/gps-tracker/common/Drivers/STM32F1xx_HAL_Driver/Src/stm32f1xx_hal_flash.c.obj
 .debug_aranges
                0x00000438       0x98 CMakeFiles/gps-tracker.dir/C_/Microcontrollers/gps-tracker/common/Drivers/STM32F1xx_HAL_Driver/Src/stm32f1xx_hal_flash_ex.c.obj
 .debug_aranges
                0x000004d0       0x58 CMakeFiles/gps-tracker.dir/C_/Microcontrollers/gps-tracker/common/Drivers/STM32F1xx_HAL_Driver/Src/stm32f1xx_hal_gpio.c.obj
 .debug_aranges
                0x00000528       0x90 CMakeFiles/gps-tracker.dir/C_/Microcontrollers/gps-tracker/common/Drivers/STM32F1xx_HAL_Driver/Src/stm32f1xx_hal_rcc.c.obj
 .debug_aranges
                0x000005b8      0x3d0 CMakeFiles/gps-tracker.dir/C_/Microcontrollers/gps-tracker/common/Drivers/STM32F1xx_HAL_Driver/Src/stm32f1xx_hal_tim.c.obj
 .debug_aranges
                0x00000988      0x168 CMakeFiles/gps-tracker.dir/C_/Microcontrollers/gps-tracker/common/Drivers/STM32F1xx_HAL_Driver/Src/stm32f1xx_hal_tim_ex.c.obj
 .debug_aranges
                0x00000af0      0x208 CMakeFiles/gps-tracker.dir/C_/Microcontrollers/gps-tracker/common/Drivers/STM32F1xx_HAL_Driver/Src/stm32f1xx_hal_uart.c.obj
 .debug_aranges
                0x00000cf8       0x20 CMakeFiles/gps-tracker.dir/C_/Microcontrollers/gps-tracker/common/Core/Src/gpio.c.obj
 .debug_aranges
                0x00000d18       0x20 CMakeFiles/gps-tracker.dir/C_/Microcontrollers/gps-tracker/common/Core/Src/stm32f1xx_hal_msp.c.obj
 .debug_aranges
                0x00000d38       0x80 CMakeFiles/gps-tracker.dir/C_/Microcontrollers/gps-tracker/common/Core/Src/stm32f1xx_it.c.obj
 .debug_aranges
                0x00000db8       0x28 CMakeFiles/gps-tracker.dir/C_/Microcontrollers/gps-tracker/common/Core/Src/system_stm32f1xx.c.obj
 .debug_aranges
                0x00000de0       0x30 CMakeFiles/gps-tracker.dir/C_/Microcontrollers/gps-tracker/common/Core/Src/tim.c.obj
 .debug_aranges
                0x00000e10       0x38 CMakeFiles/gps-tracker.dir/C_/Microcontrollers/gps-tracker/common/Core/Src/usart.c.obj

.debug_str      0x00000000    0x88129
 .debug_str     0x00000000       0xa2 CMakeFiles/gps-tracker.dir/C_/Microcontrollers/gps-tracker/common/Startup/startup_stm32f103c6tx.s.obj
 .debug_str     0x000000a2    0x84b2e CMakeFiles/gps-tracker.dir/C_/Microcontrollers/gps-tracker/common/Core/Src/main.c.obj
                              0x84f90 (size before relaxing)
 .debug_str     0x00084bd0       0xc5 CMakeFiles/gps-tracker.dir/src/nmea.c.obj
                              0x84261 (size before relaxing)
 .debug_str     0x00084c95       0x2f CMakeFiles/gps-tracker.dir/src/button.c.obj
                              0x812d2 (size before relaxing)
 .debug_str     0x00084cc4      0x128 CMakeFiles/gps-tracker.dir/src/flash.c.obj
                              0x83fb6 (size before relaxing)
 .debug_str     0x00084dec      0x658 CMakeFiles/gps-tracker.dir/C_/Microcontrollers/gps-tracker/common/Drivers/STM32F1xx_HAL_Driver/Src/stm32f1xx_hal.c.obj
                              0x81924 (size before relaxing)
 .debug_str     0x00085444      0x2e9 CMakeFiles/gps-tracker.dir/C_/Microcontrollers/gps-tracker/common/Drivers/STM32F1xx_HAL_Driver/Src/stm32f1xx_hal_cortex.c.obj
                              0x81870 (size before relaxing)
 .debug_str     0x0008572d      0x259 CMakeFiles/gps-tracker.dir/C_/Microcontrollers/gps-tracker/common/Drivers/STM32F1xx_HAL_Driver/Src/stm32f1xx_hal_dma.c.obj
                              0x815d4 (size before relaxing)
 .debug_str     0x00085986      0x25e CMakeFiles/gps-tracker.dir/C_/Microcontrollers/gps-tracker/common/Drivers/STM32F1xx_HAL_Driver/Src/stm32f1xx_hal_flash.c.obj
                              0x81506 (size before relaxing)
 .debug_str     0x00085be4      0x314 CMakeFiles/gps-tracker.dir/C_/Microcontrollers/gps-tracker/common/Drivers/STM32F1xx_HAL_Driver/Src/stm32f1xx_hal_flash_ex.c.obj
                              0x81696 (size before relaxing)
 .debug_str     0x00085ef8      0x352 CMakeFiles/gps-tracker.dir/C_/Microcontrollers/gps-tracker/common/Drivers/STM32F1xx_HAL_Driver/Src/stm32f1xx_hal_gpio.c.obj
                              0x815b1 (size before relaxing)
 .debug_str     0x0008624a      0x269 CMakeFiles/gps-tracker.dir/C_/Microcontrollers/gps-tracker/common/Drivers/STM32F1xx_HAL_Driver/Src/stm32f1xx_hal_rcc.c.obj
                              0x8165a (size before relaxing)
 .debug_str     0x000864b3      0xe85 CMakeFiles/gps-tracker.dir/C_/Microcontrollers/gps-tracker/common/Drivers/STM32F1xx_HAL_Driver/Src/stm32f1xx_hal_tim.c.obj
                              0x8264c (size before relaxing)
 .debug_str     0x00087338      0x527 CMakeFiles/gps-tracker.dir/C_/Microcontrollers/gps-tracker/common/Drivers/STM32F1xx_HAL_Driver/Src/stm32f1xx_hal_tim_ex.c.obj
                              0x81e68 (size before relaxing)
 .debug_str     0x0008785f      0x616 CMakeFiles/gps-tracker.dir/C_/Microcontrollers/gps-tracker/common/Drivers/STM32F1xx_HAL_Driver/Src/stm32f1xx_hal_uart.c.obj
                              0x81ccb (size before relaxing)
 .debug_str     0x00087e75       0x47 CMakeFiles/gps-tracker.dir/C_/Microcontrollers/gps-tracker/common/Core/Src/gpio.c.obj
                              0x815dc (size before relaxing)
 .debug_str     0x00087ebc       0x44 CMakeFiles/gps-tracker.dir/C_/Microcontrollers/gps-tracker/common/Core/Src/stm32f1xx_hal_msp.c.obj
                              0x81297 (size before relaxing)
 .debug_str     0x00087f00      0x12b CMakeFiles/gps-tracker.dir/C_/Microcontrollers/gps-tracker/common/Core/Src/stm32f1xx_it.c.obj
                              0x81a2e (size before relaxing)
 .debug_str     0x0008802b       0x76 CMakeFiles/gps-tracker.dir/C_/Microcontrollers/gps-tracker/common/Core/Src/system_stm32f1xx.c.obj
                              0x8122b (size before relaxing)
 .debug_str     0x000880a1       0x45 CMakeFiles/gps-tracker.dir/C_/Microcontrollers/gps-tracker/common/Core/Src/tim.c.obj
                              0x81b7e (size before relaxing)
 .debug_str     0x000880e6       0x43 CMakeFiles/gps-tracker.dir/C_/Microcontrollers/gps-tracker/common/Core/Src/usart.c.obj
                              0x81a81 (size before relaxing)

.debug_rnglists
                0x00000000      0xb10
 .debug_rnglists
                0x00000000       0x19 CMakeFiles/gps-tracker.dir/C_/Microcontrollers/gps-tracker/common/Startup/startup_stm32f103c6tx.s.obj
 .debug_rnglists
                0x00000019       0x32 CMakeFiles/gps-tracker.dir/C_/Microcontrollers/gps-tracker/common/Core/Src/main.c.obj
 .debug_rnglists
                0x0000004b       0x4e CMakeFiles/gps-tracker.dir/src/nmea.c.obj
 .debug_rnglists
                0x00000099       0x1a CMakeFiles/gps-tracker.dir/src/button.c.obj
 .debug_rnglists
                0x000000b3       0x39 CMakeFiles/gps-tracker.dir/src/flash.c.obj
 .debug_rnglists
                0x000000ec       0xa3 CMakeFiles/gps-tracker.dir/C_/Microcontrollers/gps-tracker/common/Drivers/STM32F1xx_HAL_Driver/Src/stm32f1xx_hal.c.obj
 .debug_rnglists
                0x0000018f       0xbb CMakeFiles/gps-tracker.dir/C_/Microcontrollers/gps-tracker/common/Drivers/STM32F1xx_HAL_Driver/Src/stm32f1xx_hal_cortex.c.obj
 .debug_rnglists
                0x0000024a       0x64 CMakeFiles/gps-tracker.dir/C_/Microcontrollers/gps-tracker/common/Drivers/STM32F1xx_HAL_Driver/Src/stm32f1xx_hal_dma.c.obj
 .debug_rnglists
                0x000002ae       0x66 CMakeFiles/gps-tracker.dir/C_/Microcontrollers/gps-tracker/common/Drivers/STM32F1xx_HAL_Driver/Src/stm32f1xx_hal_flash.c.obj
 .debug_rnglists
                0x00000314       0x74 CMakeFiles/gps-tracker.dir/C_/Microcontrollers/gps-tracker/common/Drivers/STM32F1xx_HAL_Driver/Src/stm32f1xx_hal_flash_ex.c.obj
 .debug_rnglists
                0x00000388       0x3f CMakeFiles/gps-tracker.dir/C_/Microcontrollers/gps-tracker/common/Drivers/STM32F1xx_HAL_Driver/Src/stm32f1xx_hal_gpio.c.obj
 .debug_rnglists
                0x000003c7       0x6c CMakeFiles/gps-tracker.dir/C_/Microcontrollers/gps-tracker/common/Drivers/STM32F1xx_HAL_Driver/Src/stm32f1xx_hal_rcc.c.obj
 .debug_rnglists
                0x00000433      0x31a CMakeFiles/gps-tracker.dir/C_/Microcontrollers/gps-tracker/common/Drivers/STM32F1xx_HAL_Driver/Src/stm32f1xx_hal_tim.c.obj
 .debug_rnglists
                0x0000074d      0x125 CMakeFiles/gps-tracker.dir/C_/Microcontrollers/gps-tracker/common/Drivers/STM32F1xx_HAL_Driver/Src/stm32f1xx_hal_tim_ex.c.obj
 .debug_rnglists
                0x00000872      0x1bc CMakeFiles/gps-tracker.dir/C_/Microcontrollers/gps-tracker/common/Drivers/STM32F1xx_HAL_Driver/Src/stm32f1xx_hal_uart.c.obj
 .debug_rnglists
                0x00000a2e       0x14 CMakeFiles/gps-tracker.dir/C_/Microcontrollers/gps-tracker/common/Core/Src/gpio.c.obj
 .debug_rnglists
                0x00000a42       0x13 CMakeFiles/gps-tracker.dir/C_/Microcontrollers/gps-tracker/common/Core/Src/stm32f1xx_hal_msp.c.obj
 .debug_rnglists
                0x00000a55       0x5b CMakeFiles/gps-tracker.dir/C_/Microcontrollers/gps-tracker/common/Core/Src/stm32f1xx_it.c.obj
 .debug_rnglists
                0x00000ab0       0x1a CMakeFiles/gps-tracker.dir/C_/Microcontrollers/gps-tracker/common/Core/Src/system_stm32f1xx.c.obj
 .debug_rnglists
                0x00000aca       0x20 CMakeFiles/gps-tracker.dir/C_/Microcontrollers/gps-tracker/common/Core/Src/tim.c.obj
 .debug_rnglists
                0x00000aea       0x26 CMakeFiles/gps-tracker.dir/C_/Microcontrollers/gps-tracker/common/Core/Src/usart.c.obj

.debug_macro    0x00000000    0x177c6
 .debug_macro   0x00000000      0x2fe CMakeFiles/gps-tracker.dir/C_/Microcontrollers/gps-tracker/common/Core/Src/main.c.obj
 .debug_macro   0x000002fe      0x21b CMakeFiles/gps-tracker.dir/C_/Microcontrollers/gps-tracker/common/Core/Src/main.c.obj
 .debug_macro   0x00000519       0x2e CMakeFiles/gps-tracker.dir/C_/Microcontrollers/gps-tracker/common/Core/Src/main.c.obj
 .debug_macro   0x00000547       0x22 CMakeFiles/gps-tracker.dir/C_/Microcontrollers/gps-tracker/common/Core/Src/main.c.obj
 .debug_macro   0x00000569       0x22 CMakeFiles/gps-tracker.dir/C_/Microcontrollers/gps-tracker/common/Core/Src/main.c.obj
 .debug_macro   0x0000058b       0x56 CMakeFiles/gps-tracker.dir/C_/Microcontrollers/gps-tracker/common/Core/Src/main.c.obj
 .debug_macro   0x000005e1       0x51 CMakeFiles/gps-tracker.dir/C_/Microcontrollers/gps-tracker/common/Core/Src/main.c.obj
 .debug_macro   0x00000632      0x103 CMakeFiles/gps-tracker.dir/C_/Microcontrollers/gps-tracker/common/Core/Src/main.c.obj
 .debug_macro   0x00000735       0x6a CMakeFiles/gps-tracker.dir/C_/Microcontrollers/gps-tracker/common/Core/Src/main.c.obj
 .debug_macro   0x0000079f      0x1df CMakeFiles/gps-tracker.dir/C_/Microcontrollers/gps-tracker/common/Core/Src/main.c.obj
 .debug_macro   0x0000097e       0x1c CMakeFiles/gps-tracker.dir/C_/Microcontrollers/gps-tracker/common/Core/Src/main.c.obj
 .debug_macro   0x0000099a       0x22 CMakeFiles/gps-tracker.dir/C_/Microcontrollers/gps-tracker/common/Core/Src/main.c.obj
 .debug_macro   0x000009bc       0xbd CMakeFiles/gps-tracker.dir/C_/Microcontrollers/gps-tracker/common/Core/Src/main.c.obj
 .debug_macro   0x00000a79      0xd23 CMakeFiles/gps-tracker.dir/C_/Microcontrollers/gps-tracker/common/Core/Src/main.c.obj
 .debug_macro   0x0000179c     0xde75 CMakeFiles/gps-tracker.dir/C_/Microcontrollers/gps-tracker/common/Core/Src/main.c.obj
 .debug_macro   0x0000f611       0x6d CMakeFiles/gps-tracker.dir/C_/Microcontrollers/gps-tracker/common/Core/Src/main.c.obj
 .debug_macro   0x0000f67e     0x348d CMakeFiles/gps-tracker.dir/C_/Microcontrollers/gps-tracker/common/Core/Src/main.c.obj
 .debug_macro   0x00012b0b      0x182 CMakeFiles/gps-tracker.dir/C_/Microcontrollers/gps-tracker/common/Core/Src/main.c.obj
 .debug_macro   0x00012c8d       0x5c CMakeFiles/gps-tracker.dir/C_/Microcontrollers/gps-tracker/common/Core/Src/main.c.obj
 .debug_macro   0x00012ce9      0x5bc CMakeFiles/gps-tracker.dir/C_/Microcontrollers/gps-tracker/common/Core/Src/main.c.obj
 .debug_macro   0x000132a5      0x1b7 CMakeFiles/gps-tracker.dir/C_/Microcontrollers/gps-tracker/common/Core/Src/main.c.obj
 .debug_macro   0x0001345c      0x1cb CMakeFiles/gps-tracker.dir/C_/Microcontrollers/gps-tracker/common/Core/Src/main.c.obj
 .debug_macro   0x00013627      0x114 CMakeFiles/gps-tracker.dir/C_/Microcontrollers/gps-tracker/common/Core/Src/main.c.obj
 .debug_macro   0x0001373b      0x1b2 CMakeFiles/gps-tracker.dir/C_/Microcontrollers/gps-tracker/common/Core/Src/main.c.obj
 .debug_macro   0x000138ed       0x27 CMakeFiles/gps-tracker.dir/C_/Microcontrollers/gps-tracker/common/Core/Src/main.c.obj
 .debug_macro   0x00013914      0x12f CMakeFiles/gps-tracker.dir/C_/Microcontrollers/gps-tracker/common/Core/Src/main.c.obj
 .debug_macro   0x00013a43      0x1bc CMakeFiles/gps-tracker.dir/C_/Microcontrollers/gps-tracker/common/Core/Src/main.c.obj
 .debug_macro   0x00013bff       0x34 CMakeFiles/gps-tracker.dir/C_/Microcontrollers/gps-tracker/common/Core/Src/main.c.obj
 .debug_macro   0x00013c33       0x3c CMakeFiles/gps-tracker.dir/C_/Microcontrollers/gps-tracker/common/Core/Src/main.c.obj
 .debug_macro   0x00013c6f       0x57 CMakeFiles/gps-tracker.dir/C_/Microcontrollers/gps-tracker/common/Core/Src/main.c.obj
 .debug_macro   0x00013cc6       0x87 CMakeFiles/gps-tracker.dir/C_/Microcontrollers/gps-tracker/common/Core/Src/main.c.obj
 .debug_macro   0x00013d4d      0x183 CMakeFiles/gps-tracker.dir/C_/Microcontrollers/gps-tracker/common/Core/Src/main.c.obj
 .debug_macro   0x00013ed0      0x140 CMakeFiles/gps-tracker.dir/C_/Microcontrollers/gps-tracker/common/Core/Src/main.c.obj
 .debug_macro   0x00014010      0x8ed CMakeFiles/gps-tracker.dir/C_/Microcontrollers/gps-tracker/common/Core/Src/main.c.obj
 .debug_macro   0x000148fd      0x28e CMakeFiles/gps-tracker.dir/C_/Microcontrollers/gps-tracker/common/Core/Src/main.c.obj
 .debug_macro   0x00014b8b       0x69 CMakeFiles/gps-tracker.dir/C_/Microcontrollers/gps-tracker/common/Core/Src/main.c.obj
 .debug_macro   0x00014bf4       0x28 CMakeFiles/gps-tracker.dir/C_/Microcontrollers/gps-tracker/common/Core/Src/main.c.obj
 .debug_macro   0x00014c1c       0x7b CMakeFiles/gps-tracker.dir/C_/Microcontrollers/gps-tracker/common/Core/Src/main.c.obj
 .debug_macro   0x00014c97       0x24 CMakeFiles/gps-tracker.dir/C_/Microcontrollers/gps-tracker/common/Core/Src/main.c.obj
 .debug_macro   0x00014cbb       0x3c CMakeFiles/gps-tracker.dir/C_/Microcontrollers/gps-tracker/common/Core/Src/main.c.obj
 .debug_macro   0x00014cf7       0x34 CMakeFiles/gps-tracker.dir/C_/Microcontrollers/gps-tracker/common/Core/Src/main.c.obj
 .debug_macro   0x00014d2b       0x16 CMakeFiles/gps-tracker.dir/C_/Microcontrollers/gps-tracker/common/Core/Src/main.c.obj
 .debug_macro   0x00014d41       0x35 CMakeFiles/gps-tracker.dir/C_/Microcontrollers/gps-tracker/common/Core/Src/main.c.obj
 .debug_macro   0x00014d76      0x385 CMakeFiles/gps-tracker.dir/C_/Microcontrollers/gps-tracker/common/Core/Src/main.c.obj
 .debug_macro   0x000150fb       0x10 CMakeFiles/gps-tracker.dir/C_/Microcontrollers/gps-tracker/common/Core/Src/main.c.obj
 .debug_macro   0x0001510b       0x16 CMakeFiles/gps-tracker.dir/C_/Microcontrollers/gps-tracker/common/Core/Src/main.c.obj
 .debug_macro   0x00015121       0x43 CMakeFiles/gps-tracker.dir/C_/Microcontrollers/gps-tracker/common/Core/Src/main.c.obj
 .debug_macro   0x00015164       0x34 CMakeFiles/gps-tracker.dir/C_/Microcontrollers/gps-tracker/common/Core/Src/main.c.obj
 .debug_macro   0x00015198       0x10 CMakeFiles/gps-tracker.dir/C_/Microcontrollers/gps-tracker/common/Core/Src/main.c.obj
 .debug_macro   0x000151a8       0x58 CMakeFiles/gps-tracker.dir/C_/Microcontrollers/gps-tracker/common/Core/Src/main.c.obj
 .debug_macro   0x00015200      0x1de CMakeFiles/gps-tracker.dir/C_/Microcontrollers/gps-tracker/common/Core/Src/main.c.obj
 .debug_macro   0x000153de       0x16 CMakeFiles/gps-tracker.dir/C_/Microcontrollers/gps-tracker/common/Core/Src/main.c.obj
 .debug_macro   0x000153f4       0x16 CMakeFiles/gps-tracker.dir/C_/Microcontrollers/gps-tracker/common/Core/Src/main.c.obj
 .debug_macro   0x0001540a      0x12a CMakeFiles/gps-tracker.dir/C_/Microcontrollers/gps-tracker/common/Core/Src/main.c.obj
 .debug_macro   0x00015534       0x16 CMakeFiles/gps-tracker.dir/C_/Microcontrollers/gps-tracker/common/Core/Src/main.c.obj
 .debug_macro   0x0001554a       0x22 CMakeFiles/gps-tracker.dir/C_/Microcontrollers/gps-tracker/common/Core/Src/main.c.obj
 .debug_macro   0x0001556c       0x22 CMakeFiles/gps-tracker.dir/C_/Microcontrollers/gps-tracker/common/Core/Src/main.c.obj
 .debug_macro   0x0001558e       0x16 CMakeFiles/gps-tracker.dir/C_/Microcontrollers/gps-tracker/common/Core/Src/main.c.obj
 .debug_macro   0x000155a4       0x22 CMakeFiles/gps-tracker.dir/C_/Microcontrollers/gps-tracker/common/Core/Src/main.c.obj
 .debug_macro   0x000155c6       0x16 CMakeFiles/gps-tracker.dir/C_/Microcontrollers/gps-tracker/common/Core/Src/main.c.obj
 .debug_macro   0x000155dc      0x256 CMakeFiles/gps-tracker.dir/src/nmea.c.obj
 .debug_macro   0x00015832       0x10 CMakeFiles/gps-tracker.dir/src/nmea.c.obj
 .debug_macro   0x00015842       0x1c CMakeFiles/gps-tracker.dir/src/nmea.c.obj
 .debug_macro   0x0001585e      0x1b0 CMakeFiles/gps-tracker.dir/src/button.c.obj
 .debug_macro   0x00015a0e       0x1c CMakeFiles/gps-tracker.dir/src/button.c.obj
 .debug_macro   0x00015a2a      0x264 CMakeFiles/gps-tracker.dir/src/flash.c.obj
 .debug_macro   0x00015c8e      0x1c5 CMakeFiles/gps-tracker.dir/C_/Microcontrollers/gps-tracker/common/Drivers/STM32F1xx_HAL_Driver/Src/stm32f1xx_hal.c.obj
 .debug_macro   0x00015e53      0x1a1 CMakeFiles/gps-tracker.dir/C_/Microcontrollers/gps-tracker/common/Drivers/STM32F1xx_HAL_Driver/Src/stm32f1xx_hal_cortex.c.obj
 .debug_macro   0x00015ff4      0x1a1 CMakeFiles/gps-tracker.dir/C_/Microcontrollers/gps-tracker/common/Drivers/STM32F1xx_HAL_Driver/Src/stm32f1xx_hal_dma.c.obj
 .debug_macro   0x00016195      0x1a1 CMakeFiles/gps-tracker.dir/C_/Microcontrollers/gps-tracker/common/Drivers/STM32F1xx_HAL_Driver/Src/stm32f1xx_hal_flash.c.obj
 .debug_macro   0x00016336      0x1b3 CMakeFiles/gps-tracker.dir/C_/Microcontrollers/gps-tracker/common/Drivers/STM32F1xx_HAL_Driver/Src/stm32f1xx_hal_flash_ex.c.obj
 .debug_macro   0x000164e9      0x20c CMakeFiles/gps-tracker.dir/C_/Microcontrollers/gps-tracker/common/Drivers/STM32F1xx_HAL_Driver/Src/stm32f1xx_hal_gpio.c.obj
 .debug_macro   0x000166f5      0x1b3 CMakeFiles/gps-tracker.dir/C_/Microcontrollers/gps-tracker/common/Drivers/STM32F1xx_HAL_Driver/Src/stm32f1xx_hal_rcc.c.obj
 .debug_macro   0x000168a8      0x1a2 CMakeFiles/gps-tracker.dir/C_/Microcontrollers/gps-tracker/common/Drivers/STM32F1xx_HAL_Driver/Src/stm32f1xx_hal_tim.c.obj
 .debug_macro   0x00016a4a      0x1a1 CMakeFiles/gps-tracker.dir/C_/Microcontrollers/gps-tracker/common/Drivers/STM32F1xx_HAL_Driver/Src/stm32f1xx_hal_tim_ex.c.obj
 .debug_macro   0x00016beb      0x1a2 CMakeFiles/gps-tracker.dir/C_/Microcontrollers/gps-tracker/common/Drivers/STM32F1xx_HAL_Driver/Src/stm32f1xx_hal_uart.c.obj
 .debug_macro   0x00016d8d      0x1ba CMakeFiles/gps-tracker.dir/C_/Microcontrollers/gps-tracker/common/Core/Src/gpio.c.obj
 .debug_macro   0x00016f47      0x1b0 CMakeFiles/gps-tracker.dir/C_/Microcontrollers/gps-tracker/common/Core/Src/stm32f1xx_hal_msp.c.obj
 .debug_macro   0x000170f7      0x1ba CMakeFiles/gps-tracker.dir/C_/Microcontrollers/gps-tracker/common/Core/Src/stm32f1xx_it.c.obj
 .debug_macro   0x000172b1      0x1a1 CMakeFiles/gps-tracker.dir/C_/Microcontrollers/gps-tracker/common/Core/Src/system_stm32f1xx.c.obj
 .debug_macro   0x00017452      0x1ba CMakeFiles/gps-tracker.dir/C_/Microcontrollers/gps-tracker/common/Core/Src/tim.c.obj
 .debug_macro   0x0001760c      0x1ba CMakeFiles/gps-tracker.dir/C_/Microcontrollers/gps-tracker/common/Core/Src/usart.c.obj

.comment        0x00000000       0x45
 .comment       0x00000000       0x45 CMakeFiles/gps-tracker.dir/C_/Microcontrollers/gps-tracker/common/Core/Src/main.c.obj
                                 0x46 (size before relaxing)
 .comment       0x00000045       0x46 CMakeFiles/gps-tracker.dir/src/nmea.c.obj
 .comment       0x00000045       0x46 CMakeFiles/gps-tracker.dir/src/button.c.obj
 .comment       0x00000045       0x46 CMakeFiles/gps-tracker.dir/src/flash.c.obj
 .comment       0x00000045       0x46 CMakeFiles/gps-tracker.dir/C_/Microcontrollers/gps-tracker/common/Drivers/STM32F1xx_HAL_Driver/Src/stm32f1xx_hal.c.obj
 .comment       0x00000045       0x46 CMakeFiles/gps-tracker.dir/C_/Microcontrollers/gps-tracker/common/Drivers/STM32F1xx_HAL_Driver/Src/stm32f1xx_hal_cortex.c.obj
 .comment       0x00000045       0x46 CMakeFiles/gps-tracker.dir/C_/Microcontrollers/gps-tracker/common/Drivers/STM32F1xx_HAL_Driver/Src/stm32f1xx_hal_dma.c.obj
 .comment       0x00000045       0x46 CMakeFiles/gps-tracker.dir/C_/Microcontrollers/gps-tracker/common/Drivers/STM32F1xx_HAL_Driver/Src/stm32f1xx_hal_flash.c.obj
 .comment       0x00000045       0x46 CMakeFiles/gps-tracker.dir/C_/Microcontrollers/gps-tracker/common/Drivers/STM32F1xx_HAL_Driver/Src/stm32f1xx_hal_flash_ex.c.obj
 .comment       0x00000045       0x46 CMakeFiles/gps-tracker.dir/C_/Microcontrollers/gps-tracker/common/Drivers/STM32F1xx_HAL_Driver/Src/stm32f1xx_hal_gpio.c.obj
 .comment       0x00000045       0x46 CMakeFiles/gps-tracker.dir/C_/Microcontrollers/gps-tracker/common/Drivers/STM32F1xx_HAL_Driver/Src/stm32f1xx_hal_rcc.c.obj
 .comment       0x00000045       0x46 CMakeFiles/gps-tracker.dir/C_/Microcontrollers/gps-tracker/common/Drivers/STM32F1xx_HAL_Driver/Src/stm32f1xx_hal_tim.c.obj
 .comment       0x00000045       0x46 CMakeFiles/gps-tracker.dir/C_/Microcontrollers/gps-tracker/common/Drivers/STM32F1xx_HAL_Driver/Src/stm32f1xx_hal_tim_ex.c.obj
 .comment       0x00000045       0x46 CMakeFiles/gps-tracker.dir/C_/Microcontrollers/gps-tracker/common/Drivers/STM32F1xx_HAL_Driver/Src/stm32f1xx_hal_uart.c.obj
 .comment       0x00000045       0x46 CMakeFiles/gps-tracker.dir/C_/Microcontrollers/gps-tracker/common/Core/Src/gpio.c.obj
 .comment       0x00000045       0x46 CMakeFiles/gps-tracker.dir/C_/Microcontrollers/gps-tracker/common/Core/Src/stm32f1xx_hal_msp.c.obj
 .comment       0x00000045       0x46 CMakeFiles/gps-tracker.dir/C_/Microcontrollers/gps-tracker/common/Core/Src/stm32f1xx_it.c.obj
 .comment       0x00000045       0x46 CMakeFiles/gps-tracker.dir/C_/Microcontrollers/gps-tracker/common/Core/Src/system_stm32f1xx.c.obj
 .comment       0x00000045       0x46 CMakeFiles/gps-tracker.dir/C_/Microcontrollers/gps-tracker/common/Core/Src/tim.c.obj
 .comment       0x00000045       0x46 CMakeFiles/gps-tracker.dir/C_/Microcontrollers/gps-tracker/common/Core/Src/usart.c.obj

.debug_frame    0x00000000     0x3b80
 .debug_frame   0x00000000       0xd8 CMakeFiles/gps-tracker.dir/C_/Microcontrollers/gps-tracker/common/Core/Src/main.c.obj
 .debug_frame   0x000000d8      0x188 CMakeFiles/gps-tracker.dir/src/nmea.c.obj
 .debug_frame   0x00000260       0x54 CMakeFiles/gps-tracker.dir/src/button.c.obj
 .debug_frame   0x000002b4      0x11c CMakeFiles/gps-tracker.dir/src/flash.c.obj
 .debug_frame   0x000003d0      0x334 CMakeFiles/gps-tracker.dir/C_/Microcontrollers/gps-tracker/common/Drivers/STM32F1xx_HAL_Driver/Src/stm32f1xx_hal.c.obj
 .debug_frame   0x00000704      0x428 CMakeFiles/gps-tracker.dir/C_/Microcontrollers/gps-tracker/common/Drivers/STM32F1xx_HAL_Driver/Src/stm32f1xx_hal_cortex.c.obj
 .debug_frame   0x00000b2c      0x208 CMakeFiles/gps-tracker.dir/C_/Microcontrollers/gps-tracker/common/Drivers/STM32F1xx_HAL_Driver/Src/stm32f1xx_hal_dma.c.obj
 .debug_frame   0x00000d34      0x20c CMakeFiles/gps-tracker.dir/C_/Microcontrollers/gps-tracker/common/Drivers/STM32F1xx_HAL_Driver/Src/stm32f1xx_hal_flash.c.obj
 .debug_frame   0x00000f40      0x258 CMakeFiles/gps-tracker.dir/C_/Microcontrollers/gps-tracker/common/Drivers/STM32F1xx_HAL_Driver/Src/stm32f1xx_hal_flash_ex.c.obj
 .debug_frame   0x00001198      0x14c CMakeFiles/gps-tracker.dir/C_/Microcontrollers/gps-tracker/common/Drivers/STM32F1xx_HAL_Driver/Src/stm32f1xx_hal_gpio.c.obj
 .debug_frame   0x000012e4      0x218 CMakeFiles/gps-tracker.dir/C_/Microcontrollers/gps-tracker/common/Drivers/STM32F1xx_HAL_Driver/Src/stm32f1xx_hal_rcc.c.obj
 .debug_frame   0x000014fc     0x11b8 CMakeFiles/gps-tracker.dir/C_/Microcontrollers/gps-tracker/common/Drivers/STM32F1xx_HAL_Driver/Src/stm32f1xx_hal_tim.c.obj
 .debug_frame   0x000026b4      0x638 CMakeFiles/gps-tracker.dir/C_/Microcontrollers/gps-tracker/common/Drivers/STM32F1xx_HAL_Driver/Src/stm32f1xx_hal_tim_ex.c.obj
 .debug_frame   0x00002cec      0x944 CMakeFiles/gps-tracker.dir/C_/Microcontrollers/gps-tracker/common/Drivers/STM32F1xx_HAL_Driver/Src/stm32f1xx_hal_uart.c.obj
 .debug_frame   0x00003630       0x34 CMakeFiles/gps-tracker.dir/C_/Microcontrollers/gps-tracker/common/Core/Src/gpio.c.obj
 .debug_frame   0x00003664       0x38 CMakeFiles/gps-tracker.dir/C_/Microcontrollers/gps-tracker/common/Core/Src/stm32f1xx_hal_msp.c.obj
 .debug_frame   0x0000369c      0x174 CMakeFiles/gps-tracker.dir/C_/Microcontrollers/gps-tracker/common/Core/Src/stm32f1xx_it.c.obj
 .debug_frame   0x00003810       0x58 CMakeFiles/gps-tracker.dir/C_/Microcontrollers/gps-tracker/common/Core/Src/system_stm32f1xx.c.obj
 .debug_frame   0x00003868       0x7c CMakeFiles/gps-tracker.dir/C_/Microcontrollers/gps-tracker/common/Core/Src/tim.c.obj
 .debug_frame   0x000038e4       0x90 CMakeFiles/gps-tracker.dir/C_/Microcontrollers/gps-tracker/common/Core/Src/usart.c.obj
 .debug_frame   0x00003974       0x2c c:/sysgcc/arm-eabi/bin/../lib/gcc/arm-none-eabi/12.3.1/thumb/v7-m/nofp\libg.a(libc_a-memset.o)
 .debug_frame   0x000039a0       0x2c c:/sysgcc/arm-eabi/bin/../lib/gcc/arm-none-eabi/12.3.1/thumb/v7-m/nofp\libg.a(libc_a-init.o)
 .debug_frame   0x000039cc       0xb0 c:/sysgcc/arm-eabi/bin/../lib/gcc/arm-none-eabi/12.3.1/thumb/v7-m/nofp\libg.a(libc_a-lock.o)
 .debug_frame   0x00003a7c       0x20 c:/sysgcc/arm-eabi/bin/../lib/gcc/arm-none-eabi/12.3.1/thumb/v7-m/nofp\libg.a(libc_a-strlen-stub.o)
 .debug_frame   0x00003a9c       0x5c c:/sysgcc/arm-eabi/bin/../lib/gcc/arm-none-eabi/12.3.1/thumb/v7-m/nofp\libg.a(libc_a-__call_atexit.o)
 .debug_frame   0x00003af8       0x20 c:/sysgcc/arm-eabi/bin/../lib/gcc/arm-none-eabi/12.3.1/thumb/v7-m/nofp\libg.a(libc_a-atexit.o)
 .debug_frame   0x00003b18       0x34 c:/sysgcc/arm-eabi/bin/../lib/gcc/arm-none-eabi/12.3.1/thumb/v7-m/nofp\libg.a(libc_a-fini.o)
 .debug_frame   0x00003b4c       0x34 c:/sysgcc/arm-eabi/bin/../lib/gcc/arm-none-eabi/12.3.1/thumb/v7-m/nofp\libg.a(libc_a-__atexit.o)
