<html>
<body>
<pre>
<h1>µVision Build Log</h1>
<h2>Tool Versions:</h2>
IDE-Version: µVision V5.35.0.0
Copyright (C) 2021 ARM Ltd and ARM Germany GmbH. All rights reserved.
License Information: Serikov Aleksey, MIPT, LIC=----
 
Tool Versions:
Toolchain:       MDK-Lite  Version: 5.35.0.2
Toolchain Path:  C:\Keil_v5\ARM\ARMCC\Bin
C Compiler:      Armcc.exe V5.06 update 7 (build 960)
Assembler:       Armasm.exe V5.06 update 7 (build 960)
Linker/Locator:  ArmLink.exe V5.06 update 7 (build 960)
Library Manager: ArmAr.exe V5.06 update 7 (build 960)
Hex Converter:   FromElf.exe V5.06 update 7 (build 960)
CPU DLL:         SARMCM3.DLL V5.35.0.2
Dialog DLL:      DCM.DLL V1.17.3.0
Target DLL:      STLink\ST-LINKIII-KEIL_SWO.dll V3.0.9.0
Dialog DLL:      TCM.DLL V1.53.0.0
 
<h2>Project:</h2>
C:\Microcontrollers\RC_car\management_rc_car\MDK-ARM\management_rc_car.uvprojx
Project File Date:  01/29/2023

<h2>Output:</h2>
*** Using Compiler 'V5.06 update 7 (build 960)', folder: 'C:\Keil_v5\ARM\ARMCC\Bin'
Build target 'management_rc_car'
assembling startup_stm32f103xb.s...
compiling stm32f1xx_hal.c...
compiling stm32f1xx_hal_gpio_ex.c...
compiling main.c...
../Core/Inc/motor.h(5): warning:  #47-D: incompatible redefinition of macro "MAX"  (declared at line 7 of "../Core/Inc/servo.h")
  #define MAX 2300 // This value show the maximum of the PWM value which is sended to motor
../Core/Inc/motor.h(6): warning:  #47-D: incompatible redefinition of macro "MIN"  (declared at line 8 of "../Core/Inc/servo.h")
  #define MIN 800 // This value show the minimum of the PWM value which is sended to motor
../Core/Inc/motor.h(11): warning:  #1295-D: Deprecated declaration start_settings - give arg types
  void start_settings();
../Core/Inc/motor.h(14): warning:  #1-D: last line of file ends without a newline
  void speed_regulation(uint16_t val);
../Core/Src/main.c: 4 warnings, 0 errors
compiling motor.c...
../Core/Inc/motor.h(11): warning:  #1295-D: Deprecated declaration start_settings - give arg types
  void start_settings();
../Core/Inc/motor.h(14): warning:  #1-D: last line of file ends without a newline
  void speed_regulation(uint16_t val);
..\Core\Src\motor.c(35): warning:  #1-D: last line of file ends without a newline
  }
..\Core\Src\motor.c: 3 warnings, 0 errors
compiling stm32f1xx_hal_msp.c...
compiling stm32f1xx_hal_rcc_ex.c...
compiling stm32f1xx_it.c...
compiling servo.c...
..\Core\Src\servo.c(46): warning:  #1-D: last line of file ends without a newline
  }
..\Core\Src\servo.c: 1 warning, 0 errors
compiling stm32f1xx_hal_tim_ex.c...
compiling stm32f1xx_hal_rcc.c...
compiling stm32f1xx_hal_tim.c...
compiling stm32f1xx_hal_flash.c...
compiling system_stm32f1xx.c...
compiling stm32f1xx_hal_exti.c...
compiling stm32f1xx_hal_dma.c...
compiling stm32f1xx_hal_uart.c...
compiling stm32f1xx_hal_gpio.c...
compiling stm32f1xx_hal_flash_ex.c...
compiling stm32f1xx_hal_pwr.c...
compiling stm32f1xx_hal_cortex.c...
linking...
Program Size: Code=6424 RO-data=292 RW-data=28 ZI-data=1844  
FromELF: creating hex file...
"management_rc_car\management_rc_car.axf" - 0 Error(s), 8 Warning(s).

<h2>Software Packages used:</h2>

Package Vendor: ARM
                http://www.keil.com/pack/ARM.CMSIS.5.8.0.pack
                ARM.CMSIS.5.8.0
                CMSIS (Common Microcontroller Software Interface Standard)
   * Component: CORE Version: 5.5.0

Package Vendor: Keil
                http://www.keil.com/pack/Keil.STM32F1xx_DFP.2.4.0.pack
                Keil.STM32F1xx_DFP.2.4.0
                STMicroelectronics STM32F1 Series Device Support, Drivers and Examples

<h2>Collection of Component include folders:</h2>
  .\RTE\_management_rc_car
  C:\Users\USER\AppData\Local\Arm\Packs\ARM\CMSIS\5.8.0\CMSIS\Core\Include
  C:\Users\USER\AppData\Local\Arm\Packs\Keil\STM32F1xx_DFP\2.4.0\Device\Include

<h2>Collection of Component Files used:</h2>

   * Component: ARM::CMSIS:CORE:5.5.0
      Include file:  CMSIS\Core\Include\tz_context.h
Build Time Elapsed:  00:00:09
</pre>
</body>
</html>
